[2021-08-08T17:14:14.538-0900][gc] Using G1
[2021-08-08T17:14:14.544-0900][gc,init] Version: 15.0.2+7-27 (release)
[2021-08-08T17:14:14.544-0900][gc,init] CPUs: 8 total, 8 available
[2021-08-08T17:14:14.544-0900][gc,init] Memory: 16384M
[2021-08-08T17:14:14.544-0900][gc,init] Large Page Support: Disabled
[2021-08-08T17:14:14.544-0900][gc,init] NUMA Support: Disabled
[2021-08-08T17:14:14.544-0900][gc,init] Compressed Oops: Enabled (Zero based)
[2021-08-08T17:14:14.544-0900][gc,init] Heap Region Size: 1M
[2021-08-08T17:14:14.544-0900][gc,init] Heap Min Capacity: 1G
[2021-08-08T17:14:14.544-0900][gc,init] Heap Initial Capacity: 1G
[2021-08-08T17:14:14.544-0900][gc,init] Heap Max Capacity: 1G
[2021-08-08T17:14:14.544-0900][gc,init] Pre-touch: Disabled
[2021-08-08T17:14:14.544-0900][gc,init] Parallel Workers: 8
[2021-08-08T17:14:14.544-0900][gc,init] Concurrent Workers: 2
[2021-08-08T17:14:14.544-0900][gc,init] Concurrent Refinement Workers: 8
[2021-08-08T17:14:14.544-0900][gc,init] Periodic GC: Disabled
[2021-08-08T17:14:14.544-0900][gc,cds ] Mark closed archive regions in map: [0x00000007fff00000, 0x00000007fff78ff8]
[2021-08-08T17:14:14.544-0900][gc,cds ] Mark open archive regions in map: [0x00000007ffe00000, 0x00000007ffe50ff8]
[2021-08-08T17:14:14.544-0900][gc,metaspace] CDS archive(s) mapped at: [0x0000000800000000-0x0000000800b2d000-0x0000000800b2d000), size 11718656, SharedBaseAddress: 0x0000000800000000, ArchiveRelocationMode: 0.
[2021-08-08T17:14:14.544-0900][gc,metaspace] Compressed class space mapped at: 0x0000000800b30000-0x0000000840b30000, size: 1073741824
[2021-08-08T17:14:14.544-0900][gc,metaspace] Narrow klass base: 0x0000000800000000, Narrow klass shift: 3, Narrow klass range: 0x100000000
[2021-08-08T17:14:15.924-0900][gc,start    ] GC(0) Pause Young (Normal) (G1 Evacuation Pause)
[2021-08-08T17:14:15.925-0900][gc,task     ] GC(0) Using 8 workers of 8 for evacuation
[2021-08-08T17:14:15.929-0900][gc,phases   ] GC(0)   Pre Evacuate Collection Set: 0.1ms
[2021-08-08T17:14:15.929-0900][gc,phases   ] GC(0)   Merge Heap Roots: 0.1ms
[2021-08-08T17:14:15.929-0900][gc,phases   ] GC(0)   Evacuate Collection Set: 3.9ms
[2021-08-08T17:14:15.929-0900][gc,phases   ] GC(0)   Post Evacuate Collection Set: 0.6ms
[2021-08-08T17:14:15.929-0900][gc,phases   ] GC(0)   Other: 0.6ms
[2021-08-08T17:14:15.929-0900][gc,heap     ] GC(0) Eden regions: 51->0(44)
[2021-08-08T17:14:15.929-0900][gc,heap     ] GC(0) Survivor regions: 0->7(7)
[2021-08-08T17:14:15.929-0900][gc,heap     ] GC(0) Old regions: 0->0
[2021-08-08T17:14:15.929-0900][gc,heap     ] GC(0) Archive regions: 2->2
[2021-08-08T17:14:15.929-0900][gc,heap     ] GC(0) Humongous regions: 0->0
[2021-08-08T17:14:15.929-0900][gc,metaspace] GC(0) Metaspace: 18989K(19712K)->18989K(19712K) NonClass: 16757K(17408K)->16757K(17408K) Class: 2232K(2304K)->2232K(2304K)
[2021-08-08T17:14:15.929-0900][gc          ] GC(0) Pause Young (Normal) (G1 Evacuation Pause) 51M->7M(1024M) 5.398ms
[2021-08-08T17:14:15.930-0900][gc,cpu      ] GC(0) User=0.02s Sys=0.01s Real=0.01s
[2021-08-08T17:14:16.047-0900][gc,start    ] GC(1) Pause Young (Concurrent Start) (Metadata GC Threshold)
[2021-08-08T17:14:16.047-0900][gc,task     ] GC(1) Using 8 workers of 8 for evacuation
[2021-08-08T17:14:16.052-0900][gc,phases   ] GC(1)   Pre Evacuate Collection Set: 0.1ms
[2021-08-08T17:14:16.052-0900][gc,phases   ] GC(1)   Merge Heap Roots: 0.1ms
[2021-08-08T17:14:16.052-0900][gc,phases   ] GC(1)   Evacuate Collection Set: 4.2ms
[2021-08-08T17:14:16.052-0900][gc,phases   ] GC(1)   Post Evacuate Collection Set: 0.4ms
[2021-08-08T17:14:16.052-0900][gc,phases   ] GC(1)   Other: 0.2ms
[2021-08-08T17:14:16.052-0900][gc,heap     ] GC(1) Eden regions: 6->0(50)
[2021-08-08T17:14:16.052-0900][gc,heap     ] GC(1) Survivor regions: 7->1(7)
[2021-08-08T17:14:16.052-0900][gc,heap     ] GC(1) Old regions: 0->7
[2021-08-08T17:14:16.052-0900][gc,heap     ] GC(1) Archive regions: 2->2
[2021-08-08T17:14:16.052-0900][gc,heap     ] GC(1) Humongous regions: 0->0
[2021-08-08T17:14:16.052-0900][gc,metaspace] GC(1) Metaspace: 20567K(21248K)->20567K(21248K) NonClass: 18165K(18688K)->18165K(18688K) Class: 2401K(2560K)->2401K(2560K)
[2021-08-08T17:14:16.052-0900][gc          ] GC(1) Pause Young (Concurrent Start) (Metadata GC Threshold) 13M->8M(1024M) 5.172ms
[2021-08-08T17:14:16.052-0900][gc,cpu      ] GC(1) User=0.02s Sys=0.01s Real=0.01s
[2021-08-08T17:14:16.052-0900][gc          ] GC(2) Concurrent Cycle
[2021-08-08T17:14:16.052-0900][gc,marking  ] GC(2) Concurrent Clear Claimed Marks
[2021-08-08T17:14:16.052-0900][gc,marking  ] GC(2) Concurrent Clear Claimed Marks 0.021ms
[2021-08-08T17:14:16.052-0900][gc,marking  ] GC(2) Concurrent Scan Root Regions
[2021-08-08T17:14:16.054-0900][gc,marking  ] GC(2) Concurrent Scan Root Regions 2.073ms
[2021-08-08T17:14:16.054-0900][gc,marking  ] GC(2) Concurrent Mark (1.528s)
[2021-08-08T17:14:16.054-0900][gc,marking  ] GC(2) Concurrent Mark From Roots
[2021-08-08T17:14:16.054-0900][gc,task     ] GC(2) Using 2 workers of 2 for marking
[2021-08-08T17:14:16.056-0900][gc,marking  ] GC(2) Concurrent Mark From Roots 1.101ms
[2021-08-08T17:14:16.056-0900][gc,marking  ] GC(2) Concurrent Preclean
[2021-08-08T17:14:16.056-0900][gc,marking  ] GC(2) Concurrent Preclean 0.056ms
[2021-08-08T17:14:16.056-0900][gc,marking  ] GC(2) Concurrent Mark (1.528s, 1.529s) 1.199ms
[2021-08-08T17:14:16.056-0900][gc,start    ] GC(2) Pause Remark
[2021-08-08T17:14:16.056-0900][gc          ] GC(2) Pause Remark 8M->8M(1024M) 0.739ms
[2021-08-08T17:14:16.056-0900][gc,cpu      ] GC(2) User=0.00s Sys=0.00s Real=0.00s
[2021-08-08T17:14:16.057-0900][gc,marking  ] GC(2) Concurrent Rebuild Remembered Sets
[2021-08-08T17:14:16.058-0900][gc,marking  ] GC(2) Concurrent Rebuild Remembered Sets 1.871ms
[2021-08-08T17:14:16.059-0900][gc,start    ] GC(2) Pause Cleanup
[2021-08-08T17:14:16.059-0900][gc          ] GC(2) Pause Cleanup 8M->8M(1024M) 0.113ms
[2021-08-08T17:14:16.059-0900][gc,cpu      ] GC(2) User=0.00s Sys=0.00s Real=0.00s
[2021-08-08T17:14:16.059-0900][gc,marking  ] GC(2) Concurrent Cleanup for Next Mark
[2021-08-08T17:14:16.064-0900][gc,marking  ] GC(2) Concurrent Cleanup for Next Mark 4.433ms
[2021-08-08T17:14:16.064-0900][gc          ] GC(2) Concurrent Cycle 11.424ms
[2021-08-08T17:14:17.087-0900][gc,start    ] GC(3) Pause Young (Normal) (G1 Evacuation Pause)
[2021-08-08T17:14:17.087-0900][gc,task     ] GC(3) Using 8 workers of 8 for evacuation
[2021-08-08T17:14:17.091-0900][gc,phases   ] GC(3)   Pre Evacuate Collection Set: 0.1ms
[2021-08-08T17:14:17.091-0900][gc,phases   ] GC(3)   Merge Heap Roots: 0.1ms
[2021-08-08T17:14:17.091-0900][gc,phases   ] GC(3)   Evacuate Collection Set: 2.5ms
[2021-08-08T17:14:17.091-0900][gc,phases   ] GC(3)   Post Evacuate Collection Set: 0.4ms
[2021-08-08T17:14:17.091-0900][gc,phases   ] GC(3)   Other: 0.2ms
[2021-08-08T17:14:17.091-0900][gc,heap     ] GC(3) Eden regions: 50->0(45)
[2021-08-08T17:14:17.091-0900][gc,heap     ] GC(3) Survivor regions: 1->6(7)
[2021-08-08T17:14:17.091-0900][gc,heap     ] GC(3) Old regions: 7->7
[2021-08-08T17:14:17.091-0900][gc,heap     ] GC(3) Archive regions: 2->2
[2021-08-08T17:14:17.091-0900][gc,heap     ] GC(3) Humongous regions: 129->129
[2021-08-08T17:14:17.091-0900][gc,metaspace] GC(3) Metaspace: 30168K(31104K)->30168K(31104K) NonClass: 26863K(27648K)->26863K(27648K) Class: 3304K(3456K)->3304K(3456K)
[2021-08-08T17:14:17.091-0900][gc          ] GC(3) Pause Young (Normal) (G1 Evacuation Pause) 187M->141M(1024M) 3.440ms
[2021-08-08T17:14:17.091-0900][gc,cpu      ] GC(3) User=0.02s Sys=0.00s Real=0.01s
[2021-08-08T17:14:32.863-0900][gc,start    ] GC(4) Pause Young (Concurrent Start) (Metadata GC Threshold)
[2021-08-08T17:14:32.863-0900][gc,task     ] GC(4) Using 8 workers of 8 for evacuation
[2021-08-08T17:14:32.868-0900][gc,phases   ] GC(4)   Pre Evacuate Collection Set: 0.1ms
[2021-08-08T17:14:32.868-0900][gc,phases   ] GC(4)   Merge Heap Roots: 0.1ms
[2021-08-08T17:14:32.868-0900][gc,phases   ] GC(4)   Evacuate Collection Set: 3.8ms
[2021-08-08T17:14:32.868-0900][gc,phases   ] GC(4)   Post Evacuate Collection Set: 0.6ms
[2021-08-08T17:14:32.868-0900][gc,phases   ] GC(4)   Other: 0.2ms
[2021-08-08T17:14:32.868-0900][gc,heap     ] GC(4) Eden regions: 38->0(49)
[2021-08-08T17:14:32.868-0900][gc,heap     ] GC(4) Survivor regions: 6->2(7)
[2021-08-08T17:14:32.868-0900][gc,heap     ] GC(4) Old regions: 7->12
[2021-08-08T17:14:32.868-0900][gc,heap     ] GC(4) Archive regions: 2->2
[2021-08-08T17:14:32.868-0900][gc,heap     ] GC(4) Humongous regions: 159->129
[2021-08-08T17:14:32.868-0900][gc,metaspace] GC(4) Metaspace: 34771K(35840K)->34771K(35840K) NonClass: 30933K(31744K)->30933K(31744K) Class: 3838K(4096K)->3838K(4096K)
[2021-08-08T17:14:32.868-0900][gc          ] GC(4) Pause Young (Concurrent Start) (Metadata GC Threshold) 208M->143M(1024M) 4.932ms
[2021-08-08T17:14:32.868-0900][gc,cpu      ] GC(4) User=0.02s Sys=0.00s Real=0.00s
[2021-08-08T17:14:32.868-0900][gc          ] GC(5) Concurrent Cycle
[2021-08-08T17:14:32.868-0900][gc,marking  ] GC(5) Concurrent Clear Claimed Marks
[2021-08-08T17:14:32.868-0900][gc,marking  ] GC(5) Concurrent Clear Claimed Marks 0.043ms
[2021-08-08T17:14:32.868-0900][gc,marking  ] GC(5) Concurrent Scan Root Regions
[2021-08-08T17:14:32.871-0900][gc,marking  ] GC(5) Concurrent Scan Root Regions 2.711ms
[2021-08-08T17:14:32.871-0900][gc,marking  ] GC(5) Concurrent Mark (18.344s)
[2021-08-08T17:14:32.871-0900][gc,marking  ] GC(5) Concurrent Mark From Roots
[2021-08-08T17:14:32.871-0900][gc,task     ] GC(5) Using 2 workers of 2 for marking
[2021-08-08T17:14:32.875-0900][gc,marking  ] GC(5) Concurrent Mark From Roots 4.422ms
[2021-08-08T17:14:32.875-0900][gc,marking  ] GC(5) Concurrent Preclean
[2021-08-08T17:14:32.875-0900][gc,marking  ] GC(5) Concurrent Preclean 0.067ms
[2021-08-08T17:14:32.875-0900][gc,marking  ] GC(5) Concurrent Mark (18.344s, 18.349s) 4.538ms
[2021-08-08T17:14:32.875-0900][gc,start    ] GC(5) Pause Remark
[2021-08-08T17:14:32.877-0900][gc          ] GC(5) Pause Remark 143M->143M(1024M) 1.237ms
[2021-08-08T17:14:32.877-0900][gc,cpu      ] GC(5) User=0.00s Sys=0.00s Real=0.00s
[2021-08-08T17:14:32.877-0900][gc,marking  ] GC(5) Concurrent Rebuild Remembered Sets
[2021-08-08T17:14:32.881-0900][gc,marking  ] GC(5) Concurrent Rebuild Remembered Sets 4.749ms
[2021-08-08T17:14:32.882-0900][gc,start    ] GC(5) Pause Cleanup
[2021-08-08T17:14:32.882-0900][gc          ] GC(5) Pause Cleanup 143M->143M(1024M) 0.186ms
[2021-08-08T17:14:32.882-0900][gc,cpu      ] GC(5) User=0.00s Sys=0.00s Real=0.00s
[2021-08-08T17:14:32.882-0900][gc,marking  ] GC(5) Concurrent Cleanup for Next Mark
[2021-08-08T17:14:32.887-0900][gc,marking  ] GC(5) Concurrent Cleanup for Next Mark 5.144ms
[2021-08-08T17:14:32.887-0900][gc          ] GC(5) Concurrent Cycle 19.298ms
[2021-08-08T17:25:07.622-0900][gc,start    ] GC(6) Pause Young (Normal) (G1 Evacuation Pause)
[2021-08-08T17:25:07.622-0900][gc,task     ] GC(6) Using 8 workers of 8 for evacuation
[2021-08-08T17:25:07.626-0900][gc,phases   ] GC(6)   Pre Evacuate Collection Set: 0.2ms
[2021-08-08T17:25:07.626-0900][gc,phases   ] GC(6)   Merge Heap Roots: 0.1ms
[2021-08-08T17:25:07.626-0900][gc,phases   ] GC(6)   Evacuate Collection Set: 3.4ms
[2021-08-08T17:25:07.626-0900][gc,phases   ] GC(6)   Post Evacuate Collection Set: 0.4ms
[2021-08-08T17:25:07.627-0900][gc,phases   ] GC(6)   Other: 0.2ms
[2021-08-08T17:25:07.627-0900][gc,heap     ] GC(6) Eden regions: 49->0(47)
[2021-08-08T17:25:07.627-0900][gc,heap     ] GC(6) Survivor regions: 2->4(7)
[2021-08-08T17:25:07.627-0900][gc,heap     ] GC(6) Old regions: 12->12
[2021-08-08T17:25:07.627-0900][gc,heap     ] GC(6) Archive regions: 2->2
[2021-08-08T17:25:07.627-0900][gc,heap     ] GC(6) Humongous regions: 129->129
[2021-08-08T17:25:07.627-0900][gc,metaspace] GC(6) Metaspace: 36872K(38016K)->36872K(38016K) NonClass: 32831K(33792K)->32831K(33792K) Class: 4041K(4224K)->4041K(4224K)
[2021-08-08T17:25:07.627-0900][gc          ] GC(6) Pause Young (Normal) (G1 Evacuation Pause) 192M->144M(1024M) 4.590ms
[2021-08-08T17:25:07.627-0900][gc,cpu      ] GC(6) User=0.03s Sys=0.00s Real=0.00s
[2021-08-08T17:37:37.503-0900][gc,start    ] GC(7) Pause Young (Normal) (G1 Evacuation Pause)
[2021-08-08T17:37:37.503-0900][gc,task     ] GC(7) Using 8 workers of 8 for evacuation
[2021-08-08T17:37:37.508-0900][gc,phases   ] GC(7)   Pre Evacuate Collection Set: 0.2ms
[2021-08-08T17:37:37.508-0900][gc,phases   ] GC(7)   Merge Heap Roots: 0.1ms
[2021-08-08T17:37:37.508-0900][gc,phases   ] GC(7)   Evacuate Collection Set: 4.0ms
[2021-08-08T17:37:37.508-0900][gc,phases   ] GC(7)   Post Evacuate Collection Set: 0.4ms
[2021-08-08T17:37:37.508-0900][gc,phases   ] GC(7)   Other: 0.3ms
[2021-08-08T17:37:37.508-0900][gc,heap     ] GC(7) Eden regions: 47->0(46)
[2021-08-08T17:37:37.508-0900][gc,heap     ] GC(7) Survivor regions: 4->5(7)
[2021-08-08T17:37:37.508-0900][gc,heap     ] GC(7) Old regions: 12->12
[2021-08-08T17:37:37.508-0900][gc,heap     ] GC(7) Archive regions: 2->2
[2021-08-08T17:37:37.508-0900][gc,heap     ] GC(7) Humongous regions: 129->129
[2021-08-08T17:37:37.508-0900][gc,metaspace] GC(7) Metaspace: 37009K(38016K)->37009K(38016K) NonClass: 32967K(33792K)->32967K(33792K) Class: 4041K(4224K)->4041K(4224K)
[2021-08-08T17:37:37.508-0900][gc          ] GC(7) Pause Young (Normal) (G1 Evacuation Pause) 191M->145M(1024M) 5.155ms
[2021-08-08T17:37:37.508-0900][gc,cpu      ] GC(7) User=0.03s Sys=0.00s Real=0.00s
[2021-08-08T17:50:17.619-0900][gc,start    ] GC(8) Pause Young (Normal) (G1 Evacuation Pause)
[2021-08-08T17:50:17.619-0900][gc,task     ] GC(8) Using 8 workers of 8 for evacuation
[2021-08-08T17:50:17.623-0900][gc,phases   ] GC(8)   Pre Evacuate Collection Set: 0.2ms
[2021-08-08T17:50:17.623-0900][gc,phases   ] GC(8)   Merge Heap Roots: 0.1ms
[2021-08-08T17:50:17.623-0900][gc,phases   ] GC(8)   Evacuate Collection Set: 3.6ms
[2021-08-08T17:50:17.623-0900][gc,phases   ] GC(8)   Post Evacuate Collection Set: 0.5ms
[2021-08-08T17:50:17.624-0900][gc,phases   ] GC(8)   Other: 0.2ms
[2021-08-08T17:50:17.624-0900][gc,heap     ] GC(8) Eden regions: 46->0(70)
[2021-08-08T17:50:17.624-0900][gc,heap     ] GC(8) Survivor regions: 5->3(7)
[2021-08-08T17:50:17.624-0900][gc,heap     ] GC(8) Old regions: 12->13
[2021-08-08T17:50:17.624-0900][gc,heap     ] GC(8) Archive regions: 2->2
[2021-08-08T17:50:17.624-0900][gc,heap     ] GC(8) Humongous regions: 129->129
[2021-08-08T17:50:17.624-0900][gc,metaspace] GC(8) Metaspace: 37046K(38016K)->37046K(38016K) NonClass: 33005K(33792K)->33005K(33792K) Class: 4041K(4224K)->4041K(4224K)
[2021-08-08T17:50:17.624-0900][gc          ] GC(8) Pause Young (Normal) (G1 Evacuation Pause) 191M->145M(1024M) 4.798ms
[2021-08-08T17:50:17.624-0900][gc,cpu      ] GC(8) User=0.03s Sys=0.00s Real=0.01s
[2021-08-08T18:10:27.426-0900][gc,start    ] GC(9) Pause Young (Normal) (G1 Evacuation Pause)
[2021-08-08T18:10:27.432-0900][gc,task     ] GC(9) Using 8 workers of 8 for evacuation
[2021-08-08T18:10:27.436-0900][gc,phases   ] GC(9)   Pre Evacuate Collection Set: 0.2ms
[2021-08-08T18:10:27.436-0900][gc,phases   ] GC(9)   Merge Heap Roots: 0.1ms
[2021-08-08T18:10:27.436-0900][gc,phases   ] GC(9)   Evacuate Collection Set: 3.7ms
[2021-08-08T18:10:27.436-0900][gc,phases   ] GC(9)   Post Evacuate Collection Set: 0.5ms
[2021-08-08T18:10:27.436-0900][gc,phases   ] GC(9)   Other: 5.8ms
[2021-08-08T18:10:27.436-0900][gc,heap     ] GC(9) Eden regions: 70->0(260)
[2021-08-08T18:10:27.436-0900][gc,heap     ] GC(9) Survivor regions: 3->4(10)
[2021-08-08T18:10:27.436-0900][gc,heap     ] GC(9) Old regions: 13->13
[2021-08-08T18:10:27.436-0900][gc,heap     ] GC(9) Archive regions: 2->2
[2021-08-08T18:10:27.436-0900][gc,heap     ] GC(9) Humongous regions: 129->129
[2021-08-08T18:10:27.436-0900][gc,metaspace] GC(9) Metaspace: 37110K(38272K)->37110K(38272K) NonClass: 33068K(34048K)->33068K(34048K) Class: 4041K(4224K)->4041K(4224K)
[2021-08-08T18:10:27.436-0900][gc          ] GC(9) Pause Young (Normal) (G1 Evacuation Pause) 215M->145M(1024M) 10.381ms
[2021-08-08T18:10:27.436-0900][gc,cpu      ] GC(9) User=0.02s Sys=0.01s Real=0.01s
[2021-08-08T20:22:00.486-0900][gc,start    ] GC(10) Pause Young (Normal) (G1 Evacuation Pause)
[2021-08-08T20:22:00.492-0900][gc,task     ] GC(10) Using 8 workers of 8 for evacuation
[2021-08-08T20:22:00.496-0900][gc,phases   ] GC(10)   Pre Evacuate Collection Set: 0.2ms
[2021-08-08T20:22:00.496-0900][gc,phases   ] GC(10)   Merge Heap Roots: 0.1ms
[2021-08-08T20:22:00.496-0900][gc,phases   ] GC(10)   Evacuate Collection Set: 3.3ms
[2021-08-08T20:22:00.497-0900][gc,phases   ] GC(10)   Post Evacuate Collection Set: 0.6ms
[2021-08-08T20:22:00.497-0900][gc,phases   ] GC(10)   Other: 6.1ms
[2021-08-08T20:22:00.497-0900][gc,heap     ] GC(10) Eden regions: 260->0(611)
[2021-08-08T20:22:00.497-0900][gc,heap     ] GC(10) Survivor regions: 4->3(33)
[2021-08-08T20:22:00.497-0900][gc,heap     ] GC(10) Old regions: 13->13
[2021-08-08T20:22:00.497-0900][gc,heap     ] GC(10) Archive regions: 2->2
[2021-08-08T20:22:00.497-0900][gc,heap     ] GC(10) Humongous regions: 129->129
[2021-08-08T20:22:00.497-0900][gc,metaspace] GC(10) Metaspace: 37519K(38656K)->37519K(38656K) NonClass: 33434K(34304K)->33434K(34304K) Class: 4085K(4352K)->4085K(4352K)
[2021-08-08T20:22:00.497-0900][gc          ] GC(10) Pause Young (Normal) (G1 Evacuation Pause) 405M->145M(1024M) 10.427ms
[2021-08-08T20:22:00.497-0900][gc,cpu      ] GC(10) User=0.02s Sys=0.00s Real=0.01s
[2021-08-09T01:44:41.205-0900][gc,start    ] GC(11) Pause Young (Normal) (G1 Evacuation Pause)
[2021-08-09T01:44:41.207-0900][gc,task     ] GC(11) Using 8 workers of 8 for evacuation
[2021-08-09T01:44:41.212-0900][gc,phases   ] GC(11)   Pre Evacuate Collection Set: 0.2ms
[2021-08-09T01:44:41.212-0900][gc,phases   ] GC(11)   Merge Heap Roots: 0.1ms
[2021-08-09T01:44:41.212-0900][gc,phases   ] GC(11)   Evacuate Collection Set: 3.4ms
[2021-08-09T01:44:41.212-0900][gc,phases   ] GC(11)   Post Evacuate Collection Set: 0.7ms
[2021-08-09T01:44:41.212-0900][gc,phases   ] GC(11)   Other: 2.5ms
[2021-08-09T01:44:41.212-0900][gc,heap     ] GC(11) Eden regions: 611->0(611)
[2021-08-09T01:44:41.212-0900][gc,heap     ] GC(11) Survivor regions: 3->3(77)
[2021-08-09T01:44:41.212-0900][gc,heap     ] GC(11) Old regions: 13->13
[2021-08-09T01:44:41.212-0900][gc,heap     ] GC(11) Archive regions: 2->2
[2021-08-09T01:44:41.212-0900][gc,heap     ] GC(11) Humongous regions: 129->129
[2021-08-09T01:44:41.212-0900][gc,metaspace] GC(11) Metaspace: 37684K(38912K)->37684K(38912K) NonClass: 33596K(34560K)->33596K(34560K) Class: 4087K(4352K)->4087K(4352K)
[2021-08-09T01:44:41.212-0900][gc          ] GC(11) Pause Young (Normal) (G1 Evacuation Pause) 756M->145M(1024M) 7.131ms
[2021-08-09T01:44:41.212-0900][gc,cpu      ] GC(11) User=0.03s Sys=0.01s Real=0.01s
[2021-08-09T10:48:43.349-0900][gc,start    ] GC(12) Pause Young (Normal) (G1 Evacuation Pause)
[2021-08-09T10:48:43.355-0900][gc,task     ] GC(12) Using 8 workers of 8 for evacuation
[2021-08-09T10:48:43.361-0900][gc,phases   ] GC(12)   Pre Evacuate Collection Set: 0.3ms
[2021-08-09T10:48:43.361-0900][gc,phases   ] GC(12)   Merge Heap Roots: 0.2ms
[2021-08-09T10:48:43.361-0900][gc,phases   ] GC(12)   Evacuate Collection Set: 4.6ms
[2021-08-09T10:48:43.361-0900][gc,phases   ] GC(12)   Post Evacuate Collection Set: 0.7ms
[2021-08-09T10:48:43.361-0900][gc,phases   ] GC(12)   Other: 6.1ms
[2021-08-09T10:48:43.361-0900][gc,heap     ] GC(12) Eden regions: 611->0(609)
[2021-08-09T10:48:43.361-0900][gc,heap     ] GC(12) Survivor regions: 3->5(77)
[2021-08-09T10:48:43.361-0900][gc,heap     ] GC(12) Old regions: 13->13
[2021-08-09T10:48:43.361-0900][gc,heap     ] GC(12) Archive regions: 2->2
[2021-08-09T10:48:43.361-0900][gc,heap     ] GC(12) Humongous regions: 129->129
[2021-08-09T10:48:43.361-0900][gc,metaspace] GC(12) Metaspace: 37779K(38912K)->37779K(38912K) NonClass: 33692K(34560K)->33692K(34560K) Class: 4087K(4352K)->4087K(4352K)
[2021-08-09T10:48:43.361-0900][gc          ] GC(12) Pause Young (Normal) (G1 Evacuation Pause) 756M->146M(1024M) 12.001ms
[2021-08-09T10:48:43.361-0900][gc,cpu      ] GC(12) User=0.04s Sys=0.01s Real=0.02s
[2021-08-09T13:34:12.271-0900][gc,start    ] GC(13) Pause Young (Normal) (G1 Evacuation Pause)
[2021-08-09T13:34:12.271-0900][gc,task     ] GC(13) Using 8 workers of 8 for evacuation
[2021-08-09T13:34:12.277-0900][gc,phases   ] GC(13)   Pre Evacuate Collection Set: 0.1ms
[2021-08-09T13:34:12.277-0900][gc,phases   ] GC(13)   Merge Heap Roots: 0.1ms
[2021-08-09T13:34:12.277-0900][gc,phases   ] GC(13)   Evacuate Collection Set: 4.6ms
[2021-08-09T13:34:12.277-0900][gc,phases   ] GC(13)   Post Evacuate Collection Set: 0.8ms
[2021-08-09T13:34:12.277-0900][gc,phases   ] GC(13)   Other: 0.5ms
[2021-08-09T13:34:12.277-0900][gc,heap     ] GC(13) Eden regions: 609->0(610)
[2021-08-09T13:34:12.277-0900][gc,heap     ] GC(13) Survivor regions: 5->4(77)
[2021-08-09T13:34:12.277-0900][gc,heap     ] GC(13) Old regions: 13->13
[2021-08-09T13:34:12.277-0900][gc,heap     ] GC(13) Archive regions: 2->2
[2021-08-09T13:34:12.277-0900][gc,heap     ] GC(13) Humongous regions: 129->129
[2021-08-09T13:34:12.277-0900][gc,metaspace] GC(13) Metaspace: 38192K(39296K)->38192K(39296K) NonClass: 34040K(34816K)->34040K(34816K) Class: 4151K(4480K)->4151K(4480K)
[2021-08-09T13:34:12.277-0900][gc          ] GC(13) Pause Young (Normal) (G1 Evacuation Pause) 755M->146M(1024M) 6.287ms
[2021-08-09T13:34:12.277-0900][gc,cpu      ] GC(13) User=0.02s Sys=0.00s Real=0.00s
[2021-08-09T16:27:38.061-0900][gc,start    ] GC(14) Pause Young (Normal) (G1 Evacuation Pause)
[2021-08-09T16:27:38.067-0900][gc,task     ] GC(14) Using 8 workers of 8 for evacuation
[2021-08-09T16:27:38.071-0900][gc,phases   ] GC(14)   Pre Evacuate Collection Set: 0.2ms
[2021-08-09T16:27:38.073-0900][gc,phases   ] GC(14)   Merge Heap Roots: 0.2ms
[2021-08-09T16:27:38.073-0900][gc,phases   ] GC(14)   Evacuate Collection Set: 3.2ms
[2021-08-09T16:27:38.073-0900][gc,phases   ] GC(14)   Post Evacuate Collection Set: 0.7ms
[2021-08-09T16:27:38.073-0900][gc,phases   ] GC(14)   Other: 5.9ms
[2021-08-09T16:27:38.073-0900][gc,heap     ] GC(14) Eden regions: 610->0(610)
[2021-08-09T16:27:38.073-0900][gc,heap     ] GC(14) Survivor regions: 4->4(77)
[2021-08-09T16:27:38.073-0900][gc,heap     ] GC(14) Old regions: 13->13
[2021-08-09T16:27:38.073-0900][gc,heap     ] GC(14) Archive regions: 2->2
[2021-08-09T16:27:38.073-0900][gc,heap     ] GC(14) Humongous regions: 129->129
[2021-08-09T16:27:38.073-0900][gc,metaspace] GC(14) Metaspace: 38401K(39552K)->38401K(39552K) NonClass: 34219K(35072K)->34219K(35072K) Class: 4182K(4480K)->4182K(4480K)
[2021-08-09T16:27:38.073-0900][gc          ] GC(14) Pause Young (Normal) (G1 Evacuation Pause) 756M->146M(1024M) 12.018ms
[2021-08-09T16:27:38.073-0900][gc,cpu      ] GC(14) User=0.03s Sys=0.00s Real=0.01s
[2021-08-10T06:33:32.310-0900][gc,start    ] GC(15) Pause Young (Normal) (G1 Evacuation Pause)
[2021-08-10T06:33:32.316-0900][gc,task     ] GC(15) Using 8 workers of 8 for evacuation
[2021-08-10T06:33:32.322-0900][gc,phases   ] GC(15)   Pre Evacuate Collection Set: 0.3ms
[2021-08-10T06:33:32.322-0900][gc,phases   ] GC(15)   Merge Heap Roots: 0.2ms
[2021-08-10T06:33:32.322-0900][gc,phases   ] GC(15)   Evacuate Collection Set: 3.9ms
[2021-08-10T06:33:32.322-0900][gc,phases   ] GC(15)   Post Evacuate Collection Set: 0.9ms
[2021-08-10T06:33:32.322-0900][gc,phases   ] GC(15)   Other: 6.0ms
[2021-08-10T06:33:32.322-0900][gc,heap     ] GC(15) Eden regions: 610->0(610)
[2021-08-10T06:33:32.322-0900][gc,heap     ] GC(15) Survivor regions: 4->4(77)
[2021-08-10T06:33:32.322-0900][gc,heap     ] GC(15) Old regions: 13->13
[2021-08-10T06:33:32.322-0900][gc,heap     ] GC(15) Archive regions: 2->2
[2021-08-10T06:33:32.322-0900][gc,heap     ] GC(15) Humongous regions: 129->129
[2021-08-10T06:33:32.322-0900][gc,metaspace] GC(15) Metaspace: 38426K(39552K)->38426K(39552K) NonClass: 34244K(35072K)->34244K(35072K) Class: 4182K(4480K)->4182K(4480K)
[2021-08-10T06:33:32.322-0900][gc          ] GC(15) Pause Young (Normal) (G1 Evacuation Pause) 756M->146M(1024M) 11.529ms
[2021-08-10T06:33:32.322-0900][gc,cpu      ] GC(15) User=0.04s Sys=0.00s Real=0.01s
[2021-08-10T09:36:44.044-0900][gc,heap,exit] Heap
[2021-08-10T09:36:44.044-0900][gc,heap,exit]  garbage-first heap   total 1048576K, used 329001K [0x00000007c0000000, 0x0000000800000000)
[2021-08-10T09:36:44.044-0900][gc,heap,exit]   region size 1024K, 181 young (185344K), 4 survivors (4096K)
[2021-08-10T09:36:44.044-0900][gc,heap,exit]  Metaspace       used 38902K, capacity 39432K, committed 40192K, reserved 1085440K
[2021-08-10T09:36:44.044-0900][gc,heap,exit]   class space    used 4292K, capacity 4510K, committed 4608K, reserved 1048576K
