[2021-08-06T11:31:27.324-0900][gc] Using G1
[2021-08-06T11:31:27.331-0900][gc,init] Version: 15.0.2+7-27 (release)
[2021-08-06T11:31:27.331-0900][gc,init] CPUs: 8 total, 8 available
[2021-08-06T11:31:27.331-0900][gc,init] Memory: 16384M
[2021-08-06T11:31:27.331-0900][gc,init] Large Page Support: Disabled
[2021-08-06T11:31:27.331-0900][gc,init] NUMA Support: Disabled
[2021-08-06T11:31:27.331-0900][gc,init] Compressed Oops: Enabled (Zero based)
[2021-08-06T11:31:27.331-0900][gc,init] Heap Region Size: 1M
[2021-08-06T11:31:27.331-0900][gc,init] Heap Min Capacity: 1G
[2021-08-06T11:31:27.331-0900][gc,init] Heap Initial Capacity: 1G
[2021-08-06T11:31:27.331-0900][gc,init] Heap Max Capacity: 1G
[2021-08-06T11:31:27.331-0900][gc,init] Pre-touch: Disabled
[2021-08-06T11:31:27.331-0900][gc,init] Parallel Workers: 8
[2021-08-06T11:31:27.331-0900][gc,init] Concurrent Workers: 2
[2021-08-06T11:31:27.331-0900][gc,init] Concurrent Refinement Workers: 8
[2021-08-06T11:31:27.331-0900][gc,init] Periodic GC: Disabled
[2021-08-06T11:31:27.331-0900][gc,cds ] Mark closed archive regions in map: [0x00000007fff00000, 0x00000007fff78ff8]
[2021-08-06T11:31:27.331-0900][gc,cds ] Mark open archive regions in map: [0x00000007ffe00000, 0x00000007ffe50ff8]
[2021-08-06T11:31:27.331-0900][gc,metaspace] CDS archive(s) mapped at: [0x0000000800000000-0x0000000800b2d000-0x0000000800b2d000), size 11718656, SharedBaseAddress: 0x0000000800000000, ArchiveRelocationMode: 0.
[2021-08-06T11:31:27.331-0900][gc,metaspace] Compressed class space mapped at: 0x0000000800b30000-0x0000000840b30000, size: 1073741824
[2021-08-06T11:31:27.331-0900][gc,metaspace] Narrow klass base: 0x0000000800000000, Narrow klass shift: 3, Narrow klass range: 0x100000000
[2021-08-06T11:31:28.719-0900][gc,start    ] GC(0) Pause Young (Normal) (G1 Evacuation Pause)
[2021-08-06T11:31:28.720-0900][gc,task     ] GC(0) Using 8 workers of 8 for evacuation
[2021-08-06T11:31:28.725-0900][gc,phases   ] GC(0)   Pre Evacuate Collection Set: 0.1ms
[2021-08-06T11:31:28.725-0900][gc,phases   ] GC(0)   Merge Heap Roots: 0.1ms
[2021-08-06T11:31:28.725-0900][gc,phases   ] GC(0)   Evacuate Collection Set: 4.1ms
[2021-08-06T11:31:28.725-0900][gc,phases   ] GC(0)   Post Evacuate Collection Set: 0.5ms
[2021-08-06T11:31:28.725-0900][gc,phases   ] GC(0)   Other: 0.7ms
[2021-08-06T11:31:28.725-0900][gc,heap     ] GC(0) Eden regions: 51->0(44)
[2021-08-06T11:31:28.725-0900][gc,heap     ] GC(0) Survivor regions: 0->7(7)
[2021-08-06T11:31:28.725-0900][gc,heap     ] GC(0) Old regions: 0->0
[2021-08-06T11:31:28.725-0900][gc,heap     ] GC(0) Archive regions: 2->2
[2021-08-06T11:31:28.725-0900][gc,heap     ] GC(0) Humongous regions: 0->0
[2021-08-06T11:31:28.725-0900][gc,metaspace] GC(0) Metaspace: 18990K(19200K)->18990K(19200K) NonClass: 16758K(16896K)->16758K(16896K) Class: 2231K(2304K)->2231K(2304K)
[2021-08-06T11:31:28.725-0900][gc          ] GC(0) Pause Young (Normal) (G1 Evacuation Pause) 51M->7M(1024M) 5.728ms
[2021-08-06T11:31:28.725-0900][gc,cpu      ] GC(0) User=0.02s Sys=0.01s Real=0.01s
[2021-08-06T11:31:28.951-0900][gc,start    ] GC(1) Pause Young (Concurrent Start) (Metadata GC Threshold)
[2021-08-06T11:31:28.951-0900][gc,task     ] GC(1) Using 8 workers of 8 for evacuation
[2021-08-06T11:31:28.956-0900][gc,phases   ] GC(1)   Pre Evacuate Collection Set: 0.1ms
[2021-08-06T11:31:28.956-0900][gc,phases   ] GC(1)   Merge Heap Roots: 0.0ms
[2021-08-06T11:31:28.956-0900][gc,phases   ] GC(1)   Evacuate Collection Set: 4.8ms
[2021-08-06T11:31:28.956-0900][gc,phases   ] GC(1)   Post Evacuate Collection Set: 0.3ms
[2021-08-06T11:31:28.956-0900][gc,phases   ] GC(1)   Other: 0.2ms
[2021-08-06T11:31:28.956-0900][gc,heap     ] GC(1) Eden regions: 7->0(50)
[2021-08-06T11:31:28.956-0900][gc,heap     ] GC(1) Survivor regions: 7->1(7)
[2021-08-06T11:31:28.956-0900][gc,heap     ] GC(1) Old regions: 0->7
[2021-08-06T11:31:28.956-0900][gc,heap     ] GC(1) Archive regions: 2->2
[2021-08-06T11:31:28.956-0900][gc,heap     ] GC(1) Humongous regions: 0->0
[2021-08-06T11:31:28.956-0900][gc,metaspace] GC(1) Metaspace: 20939K(21248K)->20939K(21248K) NonClass: 18479K(18688K)->18479K(18688K) Class: 2459K(2560K)->2459K(2560K)
[2021-08-06T11:31:28.956-0900][gc          ] GC(1) Pause Young (Concurrent Start) (Metadata GC Threshold) 14M->8M(1024M) 5.635ms
[2021-08-06T11:31:28.956-0900][gc,cpu      ] GC(1) User=0.02s Sys=0.01s Real=0.00s
[2021-08-06T11:31:28.956-0900][gc          ] GC(2) Concurrent Cycle
[2021-08-06T11:31:28.956-0900][gc,marking  ] GC(2) Concurrent Clear Claimed Marks
[2021-08-06T11:31:28.956-0900][gc,marking  ] GC(2) Concurrent Clear Claimed Marks 0.020ms
[2021-08-06T11:31:28.956-0900][gc,marking  ] GC(2) Concurrent Scan Root Regions
[2021-08-06T11:31:28.959-0900][gc,marking  ] GC(2) Concurrent Scan Root Regions 2.128ms
[2021-08-06T11:31:28.959-0900][gc,marking  ] GC(2) Concurrent Mark (1.644s)
[2021-08-06T11:31:28.959-0900][gc,marking  ] GC(2) Concurrent Mark From Roots
[2021-08-06T11:31:28.959-0900][gc,task     ] GC(2) Using 2 workers of 2 for marking
[2021-08-06T11:31:28.960-0900][gc,marking  ] GC(2) Concurrent Mark From Roots 1.064ms
[2021-08-06T11:31:28.960-0900][gc,marking  ] GC(2) Concurrent Preclean
[2021-08-06T11:31:28.960-0900][gc,marking  ] GC(2) Concurrent Preclean 0.041ms
[2021-08-06T11:31:28.960-0900][gc,marking  ] GC(2) Concurrent Mark (1.644s, 1.645s) 1.149ms
[2021-08-06T11:31:28.960-0900][gc,start    ] GC(2) Pause Remark
[2021-08-06T11:31:28.961-0900][gc          ] GC(2) Pause Remark 8M->8M(1024M) 0.744ms
[2021-08-06T11:31:28.961-0900][gc,cpu      ] GC(2) User=0.00s Sys=0.00s Real=0.00s
[2021-08-06T11:31:28.961-0900][gc,marking  ] GC(2) Concurrent Rebuild Remembered Sets
[2021-08-06T11:31:28.963-0900][gc,marking  ] GC(2) Concurrent Rebuild Remembered Sets 1.869ms
[2021-08-06T11:31:28.963-0900][gc,start    ] GC(2) Pause Cleanup
[2021-08-06T11:31:28.963-0900][gc          ] GC(2) Pause Cleanup 8M->8M(1024M) 0.133ms
[2021-08-06T11:31:28.963-0900][gc,cpu      ] GC(2) User=0.00s Sys=0.00s Real=0.00s
[2021-08-06T11:31:28.963-0900][gc,marking  ] GC(2) Concurrent Cleanup for Next Mark
[2021-08-06T11:31:28.969-0900][gc,marking  ] GC(2) Concurrent Cleanup for Next Mark 5.677ms
[2021-08-06T11:31:28.969-0900][gc          ] GC(2) Concurrent Cycle 12.619ms
[2021-08-06T11:31:29.906-0900][gc,start    ] GC(3) Pause Young (Normal) (G1 Evacuation Pause)
[2021-08-06T11:31:29.907-0900][gc,task     ] GC(3) Using 8 workers of 8 for evacuation
[2021-08-06T11:31:29.910-0900][gc,phases   ] GC(3)   Pre Evacuate Collection Set: 0.1ms
[2021-08-06T11:31:29.910-0900][gc,phases   ] GC(3)   Merge Heap Roots: 0.0ms
[2021-08-06T11:31:29.910-0900][gc,phases   ] GC(3)   Evacuate Collection Set: 2.5ms
[2021-08-06T11:31:29.910-0900][gc,phases   ] GC(3)   Post Evacuate Collection Set: 0.3ms
[2021-08-06T11:31:29.910-0900][gc,phases   ] GC(3)   Other: 0.1ms
[2021-08-06T11:31:29.910-0900][gc,heap     ] GC(3) Eden regions: 50->0(45)
[2021-08-06T11:31:29.910-0900][gc,heap     ] GC(3) Survivor regions: 1->6(7)
[2021-08-06T11:31:29.910-0900][gc,heap     ] GC(3) Old regions: 7->7
[2021-08-06T11:31:29.910-0900][gc,heap     ] GC(3) Archive regions: 2->2
[2021-08-06T11:31:29.910-0900][gc,heap     ] GC(3) Humongous regions: 129->129
[2021-08-06T11:31:29.910-0900][gc,metaspace] GC(3) Metaspace: 30160K(30592K)->30160K(30592K) NonClass: 26852K(27136K)->26852K(27136K) Class: 3307K(3456K)->3307K(3456K)
[2021-08-06T11:31:29.910-0900][gc          ] GC(3) Pause Young (Normal) (G1 Evacuation Pause) 187M->141M(1024M) 3.218ms
[2021-08-06T11:31:29.910-0900][gc,cpu      ] GC(3) User=0.03s Sys=0.01s Real=0.01s
[2021-08-06T11:31:38.938-0900][gc,start    ] GC(4) Pause Young (Normal) (G1 Evacuation Pause)
[2021-08-06T11:31:38.938-0900][gc,task     ] GC(4) Using 8 workers of 8 for evacuation
[2021-08-06T11:31:38.943-0900][gc,phases   ] GC(4)   Pre Evacuate Collection Set: 0.1ms
[2021-08-06T11:31:38.943-0900][gc,phases   ] GC(4)   Merge Heap Roots: 0.0ms
[2021-08-06T11:31:38.943-0900][gc,phases   ] GC(4)   Evacuate Collection Set: 4.2ms
[2021-08-06T11:31:38.943-0900][gc,phases   ] GC(4)   Post Evacuate Collection Set: 0.5ms
[2021-08-06T11:31:38.943-0900][gc,phases   ] GC(4)   Other: 0.1ms
[2021-08-06T11:31:38.943-0900][gc,heap     ] GC(4) Eden regions: 45->0(49)
[2021-08-06T11:31:38.943-0900][gc,heap     ] GC(4) Survivor regions: 6->2(7)
[2021-08-06T11:31:38.943-0900][gc,heap     ] GC(4) Old regions: 7->12
[2021-08-06T11:31:38.943-0900][gc,heap     ] GC(4) Archive regions: 2->2
[2021-08-06T11:31:38.943-0900][gc,heap     ] GC(4) Humongous regions: 177->129
[2021-08-06T11:31:38.943-0900][gc,metaspace] GC(4) Metaspace: 34756K(35328K)->34756K(35328K) NonClass: 30917K(31232K)->30917K(31232K) Class: 3838K(4096K)->3838K(4096K)
[2021-08-06T11:31:38.943-0900][gc          ] GC(4) Pause Young (Normal) (G1 Evacuation Pause) 234M->143M(1024M) 5.087ms
[2021-08-06T11:31:38.943-0900][gc,cpu      ] GC(4) User=0.03s Sys=0.00s Real=0.01s
[2021-08-06T11:31:39.035-0900][gc,start    ] GC(5) Pause Young (Concurrent Start) (Metadata GC Threshold)
[2021-08-06T11:31:39.035-0900][gc,task     ] GC(5) Using 8 workers of 8 for evacuation
[2021-08-06T11:31:39.038-0900][gc,phases   ] GC(5)   Pre Evacuate Collection Set: 0.2ms
[2021-08-06T11:31:39.038-0900][gc,phases   ] GC(5)   Merge Heap Roots: 0.1ms
[2021-08-06T11:31:39.038-0900][gc,phases   ] GC(5)   Evacuate Collection Set: 2.6ms
[2021-08-06T11:31:39.038-0900][gc,phases   ] GC(5)   Post Evacuate Collection Set: 0.3ms
[2021-08-06T11:31:39.038-0900][gc,phases   ] GC(5)   Other: 0.2ms
[2021-08-06T11:31:39.038-0900][gc,heap     ] GC(5) Eden regions: 4->0(49)
[2021-08-06T11:31:39.038-0900][gc,heap     ] GC(5) Survivor regions: 2->2(7)
[2021-08-06T11:31:39.038-0900][gc,heap     ] GC(5) Old regions: 12->12
[2021-08-06T11:31:39.038-0900][gc,heap     ] GC(5) Archive regions: 2->2
[2021-08-06T11:31:39.038-0900][gc,heap     ] GC(5) Humongous regions: 129->129
[2021-08-06T11:31:39.038-0900][gc,metaspace] GC(5) Metaspace: 35371K(35840K)->35371K(35840K) NonClass: 31419K(31744K)->31419K(31744K) Class: 3952K(4096K)->3952K(4096K)
[2021-08-06T11:31:39.038-0900][gc          ] GC(5) Pause Young (Concurrent Start) (Metadata GC Threshold) 146M->143M(1024M) 3.606ms
[2021-08-06T11:31:39.038-0900][gc,cpu      ] GC(5) User=0.01s Sys=0.00s Real=0.00s
[2021-08-06T11:31:39.039-0900][gc          ] GC(6) Concurrent Cycle
[2021-08-06T11:31:39.039-0900][gc,marking  ] GC(6) Concurrent Clear Claimed Marks
[2021-08-06T11:31:39.039-0900][gc,marking  ] GC(6) Concurrent Clear Claimed Marks 0.042ms
[2021-08-06T11:31:39.039-0900][gc,marking  ] GC(6) Concurrent Scan Root Regions
[2021-08-06T11:31:39.041-0900][gc,marking  ] GC(6) Concurrent Scan Root Regions 1.948ms
[2021-08-06T11:31:39.041-0900][gc,marking  ] GC(6) Concurrent Mark (11.726s)
[2021-08-06T11:31:39.041-0900][gc,marking  ] GC(6) Concurrent Mark From Roots
[2021-08-06T11:31:39.041-0900][gc,task     ] GC(6) Using 2 workers of 2 for marking
[2021-08-06T11:31:39.050-0900][gc,marking  ] GC(6) Concurrent Mark From Roots 8.814ms
[2021-08-06T11:31:39.050-0900][gc,marking  ] GC(6) Concurrent Preclean
[2021-08-06T11:31:39.050-0900][gc,marking  ] GC(6) Concurrent Preclean 0.093ms
[2021-08-06T11:31:39.050-0900][gc,marking  ] GC(6) Concurrent Mark (11.726s, 11.735s) 9.010ms
[2021-08-06T11:31:39.050-0900][gc,start    ] GC(6) Pause Remark
[2021-08-06T11:31:39.051-0900][gc          ] GC(6) Pause Remark 143M->143M(1024M) 1.477ms
[2021-08-06T11:31:39.051-0900][gc,cpu      ] GC(6) User=0.01s Sys=0.00s Real=0.00s
[2021-08-06T11:31:39.051-0900][gc,marking  ] GC(6) Concurrent Rebuild Remembered Sets
[2021-08-06T11:31:39.057-0900][gc,marking  ] GC(6) Concurrent Rebuild Remembered Sets 5.244ms
[2021-08-06T11:31:39.057-0900][gc,start    ] GC(6) Pause Cleanup
[2021-08-06T11:31:39.057-0900][gc          ] GC(6) Pause Cleanup 143M->143M(1024M) 0.131ms
[2021-08-06T11:31:39.057-0900][gc,cpu      ] GC(6) User=0.00s Sys=0.00s Real=0.00s
[2021-08-06T11:31:39.057-0900][gc,marking  ] GC(6) Concurrent Cleanup for Next Mark
[2021-08-06T11:31:39.063-0900][gc,marking  ] GC(6) Concurrent Cleanup for Next Mark 5.737ms
[2021-08-06T11:31:39.063-0900][gc          ] GC(6) Concurrent Cycle 24.445ms
[2021-08-06T11:32:28.933-0900][gc,heap,exit] Heap
[2021-08-06T11:32:28.934-0900][gc,heap,exit]  garbage-first heap   total 1048576K, used 166007K [0x00000007c0000000, 0x0000000800000000)
[2021-08-06T11:32:28.934-0900][gc,heap,exit]   region size 1024K, 22 young (22528K), 2 survivors (2048K)
[2021-08-06T11:32:28.934-0900][gc,heap,exit]  Metaspace       used 37033K, capacity 37615K, committed 37836K, reserved 1083392K
[2021-08-06T11:32:28.934-0900][gc,heap,exit]   class space    used 4218K, capacity 4422K, committed 4556K, reserved 1048576K
