[2021-08-12T22:03:06.515-0900][gc] Using G1
[2021-08-12T22:03:06.521-0900][gc,init] Version: 15.0.2+7-27 (release)
[2021-08-12T22:03:06.521-0900][gc,init] CPUs: 8 total, 8 available
[2021-08-12T22:03:06.521-0900][gc,init] Memory: 16384M
[2021-08-12T22:03:06.521-0900][gc,init] Large Page Support: Disabled
[2021-08-12T22:03:06.521-0900][gc,init] NUMA Support: Disabled
[2021-08-12T22:03:06.521-0900][gc,init] Compressed Oops: Enabled (Zero based)
[2021-08-12T22:03:06.521-0900][gc,init] Heap Region Size: 1M
[2021-08-12T22:03:06.521-0900][gc,init] Heap Min Capacity: 1G
[2021-08-12T22:03:06.521-0900][gc,init] Heap Initial Capacity: 1G
[2021-08-12T22:03:06.521-0900][gc,init] Heap Max Capacity: 1G
[2021-08-12T22:03:06.521-0900][gc,init] Pre-touch: Disabled
[2021-08-12T22:03:06.521-0900][gc,init] Parallel Workers: 8
[2021-08-12T22:03:06.521-0900][gc,init] Concurrent Workers: 2
[2021-08-12T22:03:06.521-0900][gc,init] Concurrent Refinement Workers: 8
[2021-08-12T22:03:06.521-0900][gc,init] Periodic GC: Disabled
[2021-08-12T22:03:06.521-0900][gc,cds ] Mark closed archive regions in map: [0x00000007fff00000, 0x00000007fff78ff8]
[2021-08-12T22:03:06.521-0900][gc,cds ] Mark open archive regions in map: [0x00000007ffe00000, 0x00000007ffe50ff8]
[2021-08-12T22:03:06.521-0900][gc,metaspace] CDS archive(s) mapped at: [0x0000000800000000-0x0000000800b2d000-0x0000000800b2d000), size 11718656, SharedBaseAddress: 0x0000000800000000, ArchiveRelocationMode: 0.
[2021-08-12T22:03:06.521-0900][gc,metaspace] Compressed class space mapped at: 0x0000000800b30000-0x0000000840b30000, size: 1073741824
[2021-08-12T22:03:06.521-0900][gc,metaspace] Narrow klass base: 0x0000000800000000, Narrow klass shift: 3, Narrow klass range: 0x100000000
[2021-08-12T22:03:07.772-0900][gc,start    ] GC(0) Pause Young (Normal) (G1 Evacuation Pause)
[2021-08-12T22:03:07.773-0900][gc,task     ] GC(0) Using 8 workers of 8 for evacuation
[2021-08-12T22:03:07.777-0900][gc,phases   ] GC(0)   Pre Evacuate Collection Set: 0.1ms
[2021-08-12T22:03:07.777-0900][gc,phases   ] GC(0)   Merge Heap Roots: 0.0ms
[2021-08-12T22:03:07.777-0900][gc,phases   ] GC(0)   Evacuate Collection Set: 3.3ms
[2021-08-12T22:03:07.777-0900][gc,phases   ] GC(0)   Post Evacuate Collection Set: 0.4ms
[2021-08-12T22:03:07.777-0900][gc,phases   ] GC(0)   Other: 0.5ms
[2021-08-12T22:03:07.777-0900][gc,heap     ] GC(0) Eden regions: 51->0(44)
[2021-08-12T22:03:07.777-0900][gc,heap     ] GC(0) Survivor regions: 0->7(7)
[2021-08-12T22:03:07.777-0900][gc,heap     ] GC(0) Old regions: 0->0
[2021-08-12T22:03:07.777-0900][gc,heap     ] GC(0) Archive regions: 2->2
[2021-08-12T22:03:07.777-0900][gc,heap     ] GC(0) Humongous regions: 0->0
[2021-08-12T22:03:07.777-0900][gc,metaspace] GC(0) Metaspace: 18992K(19712K)->18992K(19712K) NonClass: 16760K(17408K)->16760K(17408K) Class: 2232K(2304K)->2232K(2304K)
[2021-08-12T22:03:07.777-0900][gc          ] GC(0) Pause Young (Normal) (G1 Evacuation Pause) 51M->7M(1024M) 4.510ms
[2021-08-12T22:03:07.777-0900][gc,cpu      ] GC(0) User=0.02s Sys=0.01s Real=0.00s
[2021-08-12T22:03:07.889-0900][gc,start    ] GC(1) Pause Young (Concurrent Start) (Metadata GC Threshold)
[2021-08-12T22:03:07.889-0900][gc,task     ] GC(1) Using 8 workers of 8 for evacuation
[2021-08-12T22:03:07.894-0900][gc,phases   ] GC(1)   Pre Evacuate Collection Set: 0.1ms
[2021-08-12T22:03:07.894-0900][gc,phases   ] GC(1)   Merge Heap Roots: 0.0ms
[2021-08-12T22:03:07.894-0900][gc,phases   ] GC(1)   Evacuate Collection Set: 4.3ms
[2021-08-12T22:03:07.894-0900][gc,phases   ] GC(1)   Post Evacuate Collection Set: 0.3ms
[2021-08-12T22:03:07.894-0900][gc,phases   ] GC(1)   Other: 0.2ms
[2021-08-12T22:03:07.894-0900][gc,heap     ] GC(1) Eden regions: 6->0(50)
[2021-08-12T22:03:07.894-0900][gc,heap     ] GC(1) Survivor regions: 7->1(7)
[2021-08-12T22:03:07.894-0900][gc,heap     ] GC(1) Old regions: 0->7
[2021-08-12T22:03:07.894-0900][gc,heap     ] GC(1) Archive regions: 2->2
[2021-08-12T22:03:07.894-0900][gc,heap     ] GC(1) Humongous regions: 0->0
[2021-08-12T22:03:07.894-0900][gc,metaspace] GC(1) Metaspace: 20566K(21248K)->20566K(21248K) NonClass: 18164K(18688K)->18164K(18688K) Class: 2402K(2560K)->2402K(2560K)
[2021-08-12T22:03:07.894-0900][gc          ] GC(1) Pause Young (Concurrent Start) (Metadata GC Threshold) 13M->8M(1024M) 5.107ms
[2021-08-12T22:03:07.894-0900][gc,cpu      ] GC(1) User=0.02s Sys=0.00s Real=0.01s
[2021-08-12T22:03:07.894-0900][gc          ] GC(2) Concurrent Cycle
[2021-08-12T22:03:07.894-0900][gc,marking  ] GC(2) Concurrent Clear Claimed Marks
[2021-08-12T22:03:07.894-0900][gc,marking  ] GC(2) Concurrent Clear Claimed Marks 0.016ms
[2021-08-12T22:03:07.894-0900][gc,marking  ] GC(2) Concurrent Scan Root Regions
[2021-08-12T22:03:07.896-0900][gc,marking  ] GC(2) Concurrent Scan Root Regions 2.184ms
[2021-08-12T22:03:07.896-0900][gc,marking  ] GC(2) Concurrent Mark (1.393s)
[2021-08-12T22:03:07.896-0900][gc,marking  ] GC(2) Concurrent Mark From Roots
[2021-08-12T22:03:07.896-0900][gc,task     ] GC(2) Using 2 workers of 2 for marking
[2021-08-12T22:03:07.897-0900][gc,marking  ] GC(2) Concurrent Mark From Roots 1.043ms
[2021-08-12T22:03:07.897-0900][gc,marking  ] GC(2) Concurrent Preclean
[2021-08-12T22:03:07.897-0900][gc,marking  ] GC(2) Concurrent Preclean 0.040ms
[2021-08-12T22:03:07.898-0900][gc,marking  ] GC(2) Concurrent Mark (1.393s, 1.394s) 1.125ms
[2021-08-12T22:03:07.898-0900][gc,start    ] GC(2) Pause Remark
[2021-08-12T22:03:07.898-0900][gc          ] GC(2) Pause Remark 8M->8M(1024M) 0.685ms
[2021-08-12T22:03:07.898-0900][gc,cpu      ] GC(2) User=0.00s Sys=0.00s Real=0.00s
[2021-08-12T22:03:07.898-0900][gc,marking  ] GC(2) Concurrent Rebuild Remembered Sets
[2021-08-12T22:03:07.900-0900][gc,marking  ] GC(2) Concurrent Rebuild Remembered Sets 1.910ms
[2021-08-12T22:03:07.901-0900][gc,start    ] GC(2) Pause Cleanup
[2021-08-12T22:03:07.901-0900][gc          ] GC(2) Pause Cleanup 8M->8M(1024M) 0.112ms
[2021-08-12T22:03:07.901-0900][gc,cpu      ] GC(2) User=0.00s Sys=0.00s Real=0.00s
[2021-08-12T22:03:07.901-0900][gc,marking  ] GC(2) Concurrent Cleanup for Next Mark
[2021-08-12T22:03:07.906-0900][gc,marking  ] GC(2) Concurrent Cleanup for Next Mark 5.037ms
[2021-08-12T22:03:07.906-0900][gc          ] GC(2) Concurrent Cycle 11.838ms
[2021-08-12T22:03:08.838-0900][gc,start    ] GC(3) Pause Young (Normal) (G1 Evacuation Pause)
[2021-08-12T22:03:08.838-0900][gc,task     ] GC(3) Using 8 workers of 8 for evacuation
[2021-08-12T22:03:08.842-0900][gc,phases   ] GC(3)   Pre Evacuate Collection Set: 0.1ms
[2021-08-12T22:03:08.842-0900][gc,phases   ] GC(3)   Merge Heap Roots: 0.1ms
[2021-08-12T22:03:08.842-0900][gc,phases   ] GC(3)   Evacuate Collection Set: 2.8ms
[2021-08-12T22:03:08.842-0900][gc,phases   ] GC(3)   Post Evacuate Collection Set: 0.6ms
[2021-08-12T22:03:08.842-0900][gc,phases   ] GC(3)   Other: 0.2ms
[2021-08-12T22:03:08.842-0900][gc,heap     ] GC(3) Eden regions: 50->0(46)
[2021-08-12T22:03:08.842-0900][gc,heap     ] GC(3) Survivor regions: 1->5(7)
[2021-08-12T22:03:08.842-0900][gc,heap     ] GC(3) Old regions: 7->7
[2021-08-12T22:03:08.842-0900][gc,heap     ] GC(3) Archive regions: 2->2
[2021-08-12T22:03:08.842-0900][gc,heap     ] GC(3) Humongous regions: 129->129
[2021-08-12T22:03:08.842-0900][gc,metaspace] GC(3) Metaspace: 30047K(31104K)->30047K(31104K) NonClass: 26759K(27648K)->26759K(27648K) Class: 3287K(3456K)->3287K(3456K)
[2021-08-12T22:03:08.842-0900][gc          ] GC(3) Pause Young (Normal) (G1 Evacuation Pause) 187M->141M(1024M) 3.960ms
[2021-08-12T22:03:08.842-0900][gc,cpu      ] GC(3) User=0.02s Sys=0.00s Real=0.01s
[2021-08-12T22:03:38.246-0900][gc,start    ] GC(4) Pause Young (Concurrent Start) (Metadata GC Threshold)
[2021-08-12T22:03:38.246-0900][gc,task     ] GC(4) Using 8 workers of 8 for evacuation
[2021-08-12T22:03:38.252-0900][gc,phases   ] GC(4)   Pre Evacuate Collection Set: 0.2ms
[2021-08-12T22:03:38.252-0900][gc,phases   ] GC(4)   Merge Heap Roots: 0.1ms
[2021-08-12T22:03:38.252-0900][gc,phases   ] GC(4)   Evacuate Collection Set: 4.7ms
[2021-08-12T22:03:38.252-0900][gc,phases   ] GC(4)   Post Evacuate Collection Set: 0.5ms
[2021-08-12T22:03:38.252-0900][gc,phases   ] GC(4)   Other: 0.2ms
[2021-08-12T22:03:38.252-0900][gc,heap     ] GC(4) Eden regions: 34->0(49)
[2021-08-12T22:03:38.252-0900][gc,heap     ] GC(4) Survivor regions: 5->2(7)
[2021-08-12T22:03:38.252-0900][gc,heap     ] GC(4) Old regions: 7->12
[2021-08-12T22:03:38.252-0900][gc,heap     ] GC(4) Archive regions: 2->2
[2021-08-12T22:03:38.252-0900][gc,heap     ] GC(4) Humongous regions: 171->129
[2021-08-12T22:03:38.252-0900][gc,metaspace] GC(4) Metaspace: 34789K(35840K)->34789K(35840K) NonClass: 30957K(31872K)->30957K(31872K) Class: 3831K(3968K)->3831K(3968K)
[2021-08-12T22:03:38.252-0900][gc          ] GC(4) Pause Young (Concurrent Start) (Metadata GC Threshold) 217M->143M(1024M) 5.859ms
[2021-08-12T22:03:38.252-0900][gc,cpu      ] GC(4) User=0.03s Sys=0.00s Real=0.01s
[2021-08-12T22:03:38.252-0900][gc          ] GC(5) Concurrent Cycle
[2021-08-12T22:03:38.252-0900][gc,marking  ] GC(5) Concurrent Clear Claimed Marks
[2021-08-12T22:03:38.252-0900][gc,marking  ] GC(5) Concurrent Clear Claimed Marks 0.037ms
[2021-08-12T22:03:38.252-0900][gc,marking  ] GC(5) Concurrent Scan Root Regions
[2021-08-12T22:03:38.256-0900][gc,marking  ] GC(5) Concurrent Scan Root Regions 3.634ms
[2021-08-12T22:03:38.256-0900][gc,marking  ] GC(5) Concurrent Mark (31.752s)
[2021-08-12T22:03:38.256-0900][gc,marking  ] GC(5) Concurrent Mark From Roots
[2021-08-12T22:03:38.256-0900][gc,task     ] GC(5) Using 2 workers of 2 for marking
[2021-08-12T22:03:38.261-0900][gc,marking  ] GC(5) Concurrent Mark From Roots 5.428ms
[2021-08-12T22:03:38.261-0900][gc,marking  ] GC(5) Concurrent Preclean
[2021-08-12T22:03:38.261-0900][gc,marking  ] GC(5) Concurrent Preclean 0.069ms
[2021-08-12T22:03:38.261-0900][gc,marking  ] GC(5) Concurrent Mark (31.752s, 31.757s) 5.598ms
[2021-08-12T22:03:38.261-0900][gc,start    ] GC(5) Pause Remark
[2021-08-12T22:03:38.263-0900][gc          ] GC(5) Pause Remark 144M->144M(1024M) 1.355ms
[2021-08-12T22:03:38.263-0900][gc,cpu      ] GC(5) User=0.01s Sys=0.00s Real=0.00s
[2021-08-12T22:03:38.263-0900][gc,marking  ] GC(5) Concurrent Rebuild Remembered Sets
[2021-08-12T22:03:38.268-0900][gc,marking  ] GC(5) Concurrent Rebuild Remembered Sets 5.112ms
[2021-08-12T22:03:38.268-0900][gc,start    ] GC(5) Pause Cleanup
[2021-08-12T22:03:38.268-0900][gc          ] GC(5) Pause Cleanup 144M->144M(1024M) 0.146ms
[2021-08-12T22:03:38.268-0900][gc,cpu      ] GC(5) User=0.00s Sys=0.00s Real=0.00s
[2021-08-12T22:03:38.268-0900][gc,marking  ] GC(5) Concurrent Cleanup for Next Mark
[2021-08-12T22:03:38.273-0900][gc,marking  ] GC(5) Concurrent Cleanup for Next Mark 4.448ms
[2021-08-12T22:03:38.273-0900][gc          ] GC(5) Concurrent Cycle 20.987ms
[2021-08-12T22:15:54.300-0900][gc,start    ] GC(6) Pause Young (Normal) (G1 Evacuation Pause)
[2021-08-12T22:15:54.300-0900][gc,task     ] GC(6) Using 8 workers of 8 for evacuation
[2021-08-12T22:15:54.303-0900][gc,phases   ] GC(6)   Pre Evacuate Collection Set: 0.1ms
[2021-08-12T22:15:54.303-0900][gc,phases   ] GC(6)   Merge Heap Roots: 0.1ms
[2021-08-12T22:15:54.303-0900][gc,phases   ] GC(6)   Evacuate Collection Set: 2.9ms
[2021-08-12T22:15:54.304-0900][gc,phases   ] GC(6)   Post Evacuate Collection Set: 0.4ms
[2021-08-12T22:15:54.304-0900][gc,phases   ] GC(6)   Other: 0.2ms
[2021-08-12T22:15:54.304-0900][gc,heap     ] GC(6) Eden regions: 49->0(47)
[2021-08-12T22:15:54.304-0900][gc,heap     ] GC(6) Survivor regions: 2->4(7)
[2021-08-12T22:15:54.304-0900][gc,heap     ] GC(6) Old regions: 12->12
[2021-08-12T22:15:54.304-0900][gc,heap     ] GC(6) Archive regions: 2->2
[2021-08-12T22:15:54.304-0900][gc,heap     ] GC(6) Humongous regions: 129->129
[2021-08-12T22:15:54.304-0900][gc,metaspace] GC(6) Metaspace: 36765K(37760K)->36765K(37760K) NonClass: 32735K(33536K)->32735K(33536K) Class: 4030K(4224K)->4030K(4224K)
[2021-08-12T22:15:54.304-0900][gc          ] GC(6) Pause Young (Normal) (G1 Evacuation Pause) 192M->144M(1024M) 4.021ms
[2021-08-12T22:15:54.304-0900][gc,cpu      ] GC(6) User=0.02s Sys=0.00s Real=0.00s
[2021-08-12T22:28:37.506-0900][gc,start    ] GC(7) Pause Young (Normal) (G1 Evacuation Pause)
[2021-08-12T22:28:37.506-0900][gc,task     ] GC(7) Using 8 workers of 8 for evacuation
[2021-08-12T22:28:37.511-0900][gc,phases   ] GC(7)   Pre Evacuate Collection Set: 0.2ms
[2021-08-12T22:28:37.511-0900][gc,phases   ] GC(7)   Merge Heap Roots: 0.1ms
[2021-08-12T22:28:37.511-0900][gc,phases   ] GC(7)   Evacuate Collection Set: 4.2ms
[2021-08-12T22:28:37.511-0900][gc,phases   ] GC(7)   Post Evacuate Collection Set: 0.5ms
[2021-08-12T22:28:37.511-0900][gc,phases   ] GC(7)   Other: 0.2ms
[2021-08-12T22:28:37.511-0900][gc,heap     ] GC(7) Eden regions: 47->0(46)
[2021-08-12T22:28:37.511-0900][gc,heap     ] GC(7) Survivor regions: 4->5(7)
[2021-08-12T22:28:37.511-0900][gc,heap     ] GC(7) Old regions: 12->12
[2021-08-12T22:28:37.511-0900][gc,heap     ] GC(7) Archive regions: 2->2
[2021-08-12T22:28:37.511-0900][gc,heap     ] GC(7) Humongous regions: 129->129
[2021-08-12T22:28:37.511-0900][gc,metaspace] GC(7) Metaspace: 36929K(38016K)->36929K(38016K) NonClass: 32899K(33792K)->32899K(33792K) Class: 4030K(4224K)->4030K(4224K)
[2021-08-12T22:28:37.511-0900][gc          ] GC(7) Pause Young (Normal) (G1 Evacuation Pause) 191M->145M(1024M) 5.355ms
[2021-08-12T22:28:37.511-0900][gc,cpu      ] GC(7) User=0.03s Sys=0.00s Real=0.01s
[2021-08-12T22:41:29.220-0900][gc,start    ] GC(8) Pause Young (Normal) (G1 Evacuation Pause)
[2021-08-12T22:41:29.220-0900][gc,task     ] GC(8) Using 8 workers of 8 for evacuation
[2021-08-12T22:41:29.224-0900][gc,phases   ] GC(8)   Pre Evacuate Collection Set: 0.1ms
[2021-08-12T22:41:29.224-0900][gc,phases   ] GC(8)   Merge Heap Roots: 0.1ms
[2021-08-12T22:41:29.224-0900][gc,phases   ] GC(8)   Evacuate Collection Set: 3.3ms
[2021-08-12T22:41:29.224-0900][gc,phases   ] GC(8)   Post Evacuate Collection Set: 0.5ms
[2021-08-12T22:41:29.224-0900][gc,phases   ] GC(8)   Other: 0.2ms
[2021-08-12T22:41:29.225-0900][gc,heap     ] GC(8) Eden regions: 46->0(70)
[2021-08-12T22:41:29.225-0900][gc,heap     ] GC(8) Survivor regions: 5->3(7)
[2021-08-12T22:41:29.225-0900][gc,heap     ] GC(8) Old regions: 12->13
[2021-08-12T22:41:29.225-0900][gc,heap     ] GC(8) Archive regions: 2->2
[2021-08-12T22:41:29.225-0900][gc,heap     ] GC(8) Humongous regions: 129->129
[2021-08-12T22:41:29.225-0900][gc,metaspace] GC(8) Metaspace: 36962K(38016K)->36962K(38016K) NonClass: 32931K(33792K)->32931K(33792K) Class: 4030K(4224K)->4030K(4224K)
[2021-08-12T22:41:29.225-0900][gc          ] GC(8) Pause Young (Normal) (G1 Evacuation Pause) 191M->145M(1024M) 4.474ms
[2021-08-12T22:41:29.225-0900][gc,cpu      ] GC(8) User=0.03s Sys=0.00s Real=0.00s
[2021-08-12T23:01:42.190-0900][gc,start    ] GC(9) Pause Young (Normal) (G1 Evacuation Pause)
[2021-08-12T23:01:42.190-0900][gc,task     ] GC(9) Using 8 workers of 8 for evacuation
[2021-08-12T23:01:42.194-0900][gc,phases   ] GC(9)   Pre Evacuate Collection Set: 0.1ms
[2021-08-12T23:01:42.194-0900][gc,phases   ] GC(9)   Merge Heap Roots: 0.1ms
[2021-08-12T23:01:42.194-0900][gc,phases   ] GC(9)   Evacuate Collection Set: 3.2ms
[2021-08-12T23:01:42.194-0900][gc,phases   ] GC(9)   Post Evacuate Collection Set: 0.5ms
[2021-08-12T23:01:42.194-0900][gc,phases   ] GC(9)   Other: 0.3ms
[2021-08-12T23:01:42.194-0900][gc,heap     ] GC(9) Eden regions: 70->0(298)
[2021-08-12T23:01:42.194-0900][gc,heap     ] GC(9) Survivor regions: 3->3(10)
[2021-08-12T23:01:42.194-0900][gc,heap     ] GC(9) Old regions: 13->13
[2021-08-12T23:01:42.194-0900][gc,heap     ] GC(9) Archive regions: 2->2
[2021-08-12T23:01:42.194-0900][gc,heap     ] GC(9) Humongous regions: 129->129
[2021-08-12T23:01:42.194-0900][gc,metaspace] GC(9) Metaspace: 37018K(38272K)->37018K(38272K) NonClass: 32988K(34048K)->32988K(34048K) Class: 4030K(4224K)->4030K(4224K)
[2021-08-12T23:01:42.194-0900][gc          ] GC(9) Pause Young (Normal) (G1 Evacuation Pause) 215M->145M(1024M) 4.459ms
[2021-08-12T23:01:42.194-0900][gc,cpu      ] GC(9) User=0.02s Sys=0.00s Real=0.00s
[2021-08-13T00:52:00.651-0900][gc,start    ] GC(10) Pause Young (Normal) (G1 Evacuation Pause)
[2021-08-13T00:52:00.657-0900][gc,task     ] GC(10) Using 8 workers of 8 for evacuation
[2021-08-13T00:52:00.662-0900][gc,phases   ] GC(10)   Pre Evacuate Collection Set: 0.3ms
[2021-08-13T00:52:00.662-0900][gc,phases   ] GC(10)   Merge Heap Roots: 0.2ms
[2021-08-13T00:52:00.662-0900][gc,phases   ] GC(10)   Evacuate Collection Set: 4.4ms
[2021-08-13T00:52:00.662-0900][gc,phases   ] GC(10)   Post Evacuate Collection Set: 0.6ms
[2021-08-13T00:52:00.662-0900][gc,phases   ] GC(10)   Other: 6.2ms
[2021-08-13T00:52:00.662-0900][gc,heap     ] GC(10) Eden regions: 298->0(543)
[2021-08-13T00:52:00.662-0900][gc,heap     ] GC(10) Survivor regions: 3->4(38)
[2021-08-13T00:52:00.662-0900][gc,heap     ] GC(10) Old regions: 13->13
[2021-08-13T00:52:00.662-0900][gc,heap     ] GC(10) Archive regions: 2->2
[2021-08-13T00:52:00.662-0900][gc,heap     ] GC(10) Humongous regions: 129->129
[2021-08-13T00:52:00.662-0900][gc,metaspace] GC(10) Metaspace: 37161K(38272K)->37161K(38272K) NonClass: 33124K(34048K)->33124K(34048K) Class: 4036K(4224K)->4036K(4224K)
[2021-08-13T00:52:00.663-0900][gc          ] GC(10) Pause Young (Normal) (G1 Evacuation Pause) 443M->146M(1024M) 11.793ms
[2021-08-13T00:52:00.663-0900][gc,cpu      ] GC(10) User=0.03s Sys=0.01s Real=0.01s
[2021-08-13T10:30:30.617-0900][gc,start    ] GC(11) Pause Young (Normal) (G1 Evacuation Pause)
[2021-08-13T10:30:30.619-0900][gc,task     ] GC(11) Using 8 workers of 8 for evacuation
[2021-08-13T10:30:30.625-0900][gc,phases   ] GC(11)   Pre Evacuate Collection Set: 0.2ms
[2021-08-13T10:30:30.625-0900][gc,phases   ] GC(11)   Merge Heap Roots: 0.1ms
[2021-08-13T10:30:30.625-0900][gc,phases   ] GC(11)   Evacuate Collection Set: 5.1ms
[2021-08-13T10:30:30.625-0900][gc,phases   ] GC(11)   Post Evacuate Collection Set: 0.9ms
[2021-08-13T10:30:30.625-0900][gc,phases   ] GC(11)   Other: 2.4ms
[2021-08-13T10:30:30.625-0900][gc,heap     ] GC(11) Eden regions: 543->0(610)
[2021-08-13T10:30:30.625-0900][gc,heap     ] GC(11) Survivor regions: 4->4(69)
[2021-08-13T10:30:30.626-0900][gc,heap     ] GC(11) Old regions: 13->13
[2021-08-13T10:30:30.626-0900][gc,heap     ] GC(11) Archive regions: 2->2
[2021-08-13T10:30:30.626-0900][gc,heap     ] GC(11) Humongous regions: 129->129
[2021-08-13T10:30:30.626-0900][gc,metaspace] GC(11) Metaspace: 37298K(38528K)->37298K(38528K) NonClass: 33261K(34304K)->33261K(34304K) Class: 4037K(4224K)->4037K(4224K)
[2021-08-13T10:30:30.626-0900][gc          ] GC(11) Pause Young (Normal) (G1 Evacuation Pause) 689M->146M(1024M) 8.844ms
[2021-08-13T10:30:30.626-0900][gc,cpu      ] GC(11) User=0.03s Sys=0.01s Real=0.01s
[2021-08-13T13:04:20.825-0900][gc,heap,exit] Heap
[2021-08-13T13:04:20.831-0900][gc,heap,exit]  garbage-first heap   total 1048576K, used 692529K [0x00000007c0000000, 0x0000000800000000)
[2021-08-13T13:04:20.831-0900][gc,heap,exit]   region size 1024K, 536 young (548864K), 4 survivors (4096K)
[2021-08-13T13:04:20.831-0900][gc,heap,exit]  Metaspace       used 37924K, capacity 38479K, committed 39168K, reserved 1083392K
[2021-08-13T13:04:20.831-0900][gc,heap,exit]   class space    used 4159K, capacity 4342K, committed 4352K, reserved 1048576K
