[2021-08-04T13:43:52.172-0900][gc] Using G1
[2021-08-04T13:43:52.179-0900][gc,init] Version: 15.0.2+7-27 (release)
[2021-08-04T13:43:52.179-0900][gc,init] CPUs: 8 total, 8 available
[2021-08-04T13:43:52.179-0900][gc,init] Memory: 16384M
[2021-08-04T13:43:52.179-0900][gc,init] Large Page Support: Disabled
[2021-08-04T13:43:52.179-0900][gc,init] NUMA Support: Disabled
[2021-08-04T13:43:52.179-0900][gc,init] Compressed Oops: Enabled (Zero based)
[2021-08-04T13:43:52.179-0900][gc,init] Heap Region Size: 1M
[2021-08-04T13:43:52.179-0900][gc,init] Heap Min Capacity: 1G
[2021-08-04T13:43:52.179-0900][gc,init] Heap Initial Capacity: 1G
[2021-08-04T13:43:52.179-0900][gc,init] Heap Max Capacity: 1G
[2021-08-04T13:43:52.179-0900][gc,init] Pre-touch: Disabled
[2021-08-04T13:43:52.179-0900][gc,init] Parallel Workers: 8
[2021-08-04T13:43:52.179-0900][gc,init] Concurrent Workers: 2
[2021-08-04T13:43:52.179-0900][gc,init] Concurrent Refinement Workers: 8
[2021-08-04T13:43:52.179-0900][gc,init] Periodic GC: Disabled
[2021-08-04T13:43:52.179-0900][gc,cds ] Mark closed archive regions in map: [0x00000007fff00000, 0x00000007fff78ff8]
[2021-08-04T13:43:52.179-0900][gc,cds ] Mark open archive regions in map: [0x00000007ffe00000, 0x00000007ffe50ff8]
[2021-08-04T13:43:52.179-0900][gc,metaspace] CDS archive(s) mapped at: [0x0000000800000000-0x0000000800b2d000-0x0000000800b2d000), size 11718656, SharedBaseAddress: 0x0000000800000000, ArchiveRelocationMode: 0.
[2021-08-04T13:43:52.179-0900][gc,metaspace] Compressed class space mapped at: 0x0000000800b30000-0x0000000840b30000, size: 1073741824
[2021-08-04T13:43:52.179-0900][gc,metaspace] Narrow klass base: 0x0000000800000000, Narrow klass shift: 3, Narrow klass range: 0x100000000
[2021-08-04T13:43:53.475-0900][gc,start    ] GC(0) Pause Young (Normal) (GCLocker Initiated GC)
[2021-08-04T13:43:53.476-0900][gc,task     ] GC(0) Using 8 workers of 8 for evacuation
[2021-08-04T13:43:53.480-0900][gc,phases   ] GC(0)   Pre Evacuate Collection Set: 0.1ms
[2021-08-04T13:43:53.480-0900][gc,phases   ] GC(0)   Merge Heap Roots: 0.1ms
[2021-08-04T13:43:53.480-0900][gc,phases   ] GC(0)   Evacuate Collection Set: 3.7ms
[2021-08-04T13:43:53.480-0900][gc,phases   ] GC(0)   Post Evacuate Collection Set: 0.4ms
[2021-08-04T13:43:53.480-0900][gc,phases   ] GC(0)   Other: 0.5ms
[2021-08-04T13:43:53.480-0900][gc,heap     ] GC(0) Eden regions: 51->0(44)
[2021-08-04T13:43:53.480-0900][gc,heap     ] GC(0) Survivor regions: 0->7(7)
[2021-08-04T13:43:53.480-0900][gc,heap     ] GC(0) Old regions: 0->0
[2021-08-04T13:43:53.480-0900][gc,heap     ] GC(0) Archive regions: 2->2
[2021-08-04T13:43:53.480-0900][gc,heap     ] GC(0) Humongous regions: 0->0
[2021-08-04T13:43:53.480-0900][gc,metaspace] GC(0) Metaspace: 18984K(19712K)->18984K(19712K) NonClass: 16752K(17408K)->16752K(17408K) Class: 2231K(2304K)->2231K(2304K)
[2021-08-04T13:43:53.480-0900][gc          ] GC(0) Pause Young (Normal) (GCLocker Initiated GC) 51M->7M(1024M) 5.008ms
[2021-08-04T13:43:53.480-0900][gc,cpu      ] GC(0) User=0.02s Sys=0.01s Real=0.01s
[2021-08-04T13:43:53.605-0900][gc,start    ] GC(1) Pause Young (Concurrent Start) (Metadata GC Threshold)
[2021-08-04T13:43:53.605-0900][gc,task     ] GC(1) Using 8 workers of 8 for evacuation
[2021-08-04T13:43:53.609-0900][gc,phases   ] GC(1)   Pre Evacuate Collection Set: 0.1ms
[2021-08-04T13:43:53.610-0900][gc,phases   ] GC(1)   Merge Heap Roots: 0.0ms
[2021-08-04T13:43:53.610-0900][gc,phases   ] GC(1)   Evacuate Collection Set: 4.0ms
[2021-08-04T13:43:53.610-0900][gc,phases   ] GC(1)   Post Evacuate Collection Set: 0.3ms
[2021-08-04T13:43:53.610-0900][gc,phases   ] GC(1)   Other: 0.2ms
[2021-08-04T13:43:53.610-0900][gc,heap     ] GC(1) Eden regions: 6->0(50)
[2021-08-04T13:43:53.610-0900][gc,heap     ] GC(1) Survivor regions: 7->1(7)
[2021-08-04T13:43:53.610-0900][gc,heap     ] GC(1) Old regions: 0->7
[2021-08-04T13:43:53.610-0900][gc,heap     ] GC(1) Archive regions: 2->2
[2021-08-04T13:43:53.610-0900][gc,heap     ] GC(1) Humongous regions: 0->0
[2021-08-04T13:43:53.610-0900][gc,metaspace] GC(1) Metaspace: 20603K(21248K)->20603K(21248K) NonClass: 18192K(18688K)->18192K(18688K) Class: 2411K(2560K)->2411K(2560K)
[2021-08-04T13:43:53.610-0900][gc          ] GC(1) Pause Young (Concurrent Start) (Metadata GC Threshold) 13M->8M(1024M) 4.807ms
[2021-08-04T13:43:53.610-0900][gc,cpu      ] GC(1) User=0.02s Sys=0.01s Real=0.01s
[2021-08-04T13:43:53.610-0900][gc          ] GC(2) Concurrent Cycle
[2021-08-04T13:43:53.610-0900][gc,marking  ] GC(2) Concurrent Clear Claimed Marks
[2021-08-04T13:43:53.610-0900][gc,marking  ] GC(2) Concurrent Clear Claimed Marks 0.019ms
[2021-08-04T13:43:53.610-0900][gc,marking  ] GC(2) Concurrent Scan Root Regions
[2021-08-04T13:43:53.612-0900][gc,marking  ] GC(2) Concurrent Scan Root Regions 2.110ms
[2021-08-04T13:43:53.612-0900][gc,marking  ] GC(2) Concurrent Mark (1.452s)
[2021-08-04T13:43:53.612-0900][gc,marking  ] GC(2) Concurrent Mark From Roots
[2021-08-04T13:43:53.612-0900][gc,task     ] GC(2) Using 2 workers of 2 for marking
[2021-08-04T13:43:53.613-0900][gc,marking  ] GC(2) Concurrent Mark From Roots 1.020ms
[2021-08-04T13:43:53.613-0900][gc,marking  ] GC(2) Concurrent Preclean
[2021-08-04T13:43:53.613-0900][gc,marking  ] GC(2) Concurrent Preclean 0.055ms
[2021-08-04T13:43:53.613-0900][gc,marking  ] GC(2) Concurrent Mark (1.452s, 1.453s) 1.125ms
[2021-08-04T13:43:53.613-0900][gc,start    ] GC(2) Pause Remark
[2021-08-04T13:43:53.614-0900][gc          ] GC(2) Pause Remark 8M->8M(1024M) 0.703ms
[2021-08-04T13:43:53.614-0900][gc,cpu      ] GC(2) User=0.01s Sys=0.00s Real=0.00s
[2021-08-04T13:43:53.614-0900][gc,marking  ] GC(2) Concurrent Rebuild Remembered Sets
[2021-08-04T13:43:53.616-0900][gc,marking  ] GC(2) Concurrent Rebuild Remembered Sets 2.030ms
[2021-08-04T13:43:53.616-0900][gc,start    ] GC(2) Pause Cleanup
[2021-08-04T13:43:53.617-0900][gc          ] GC(2) Pause Cleanup 8M->8M(1024M) 0.187ms
[2021-08-04T13:43:53.617-0900][gc,cpu      ] GC(2) User=0.00s Sys=0.00s Real=0.00s
[2021-08-04T13:43:53.617-0900][gc,marking  ] GC(2) Concurrent Cleanup for Next Mark
[2021-08-04T13:43:53.621-0900][gc,marking  ] GC(2) Concurrent Cleanup for Next Mark 4.782ms
[2021-08-04T13:43:53.621-0900][gc          ] GC(2) Concurrent Cycle 11.761ms
[2021-08-04T13:43:54.580-0900][gc,start    ] GC(3) Pause Young (Normal) (G1 Evacuation Pause)
[2021-08-04T13:43:54.580-0900][gc,task     ] GC(3) Using 8 workers of 8 for evacuation
[2021-08-04T13:43:54.583-0900][gc,phases   ] GC(3)   Pre Evacuate Collection Set: 0.1ms
[2021-08-04T13:43:54.583-0900][gc,phases   ] GC(3)   Merge Heap Roots: 0.0ms
[2021-08-04T13:43:54.583-0900][gc,phases   ] GC(3)   Evacuate Collection Set: 2.7ms
[2021-08-04T13:43:54.583-0900][gc,phases   ] GC(3)   Post Evacuate Collection Set: 0.3ms
[2021-08-04T13:43:54.583-0900][gc,phases   ] GC(3)   Other: 0.1ms
[2021-08-04T13:43:54.583-0900][gc,heap     ] GC(3) Eden regions: 50->0(45)
[2021-08-04T13:43:54.583-0900][gc,heap     ] GC(3) Survivor regions: 1->6(7)
[2021-08-04T13:43:54.583-0900][gc,heap     ] GC(3) Old regions: 7->7
[2021-08-04T13:43:54.583-0900][gc,heap     ] GC(3) Archive regions: 2->2
[2021-08-04T13:43:54.583-0900][gc,heap     ] GC(3) Humongous regions: 129->129
[2021-08-04T13:43:54.583-0900][gc,metaspace] GC(3) Metaspace: 30142K(31104K)->30142K(31104K) NonClass: 26835K(27648K)->26835K(27648K) Class: 3306K(3456K)->3306K(3456K)
[2021-08-04T13:43:54.583-0900][gc          ] GC(3) Pause Young (Normal) (G1 Evacuation Pause) 187M->141M(1024M) 3.343ms
[2021-08-04T13:43:54.583-0900][gc,cpu      ] GC(3) User=0.02s Sys=0.00s Real=0.00s
[2021-08-04T13:44:02.018-0900][gc,start    ] GC(4) Pause Young (Normal) (G1 Evacuation Pause)
[2021-08-04T13:44:02.018-0900][gc,task     ] GC(4) Using 8 workers of 8 for evacuation
[2021-08-04T13:44:02.023-0900][gc,phases   ] GC(4)   Pre Evacuate Collection Set: 0.1ms
[2021-08-04T13:44:02.023-0900][gc,phases   ] GC(4)   Merge Heap Roots: 0.0ms
[2021-08-04T13:44:02.023-0900][gc,phases   ] GC(4)   Evacuate Collection Set: 3.9ms
[2021-08-04T13:44:02.023-0900][gc,phases   ] GC(4)   Post Evacuate Collection Set: 0.5ms
[2021-08-04T13:44:02.023-0900][gc,phases   ] GC(4)   Other: 0.1ms
[2021-08-04T13:44:02.023-0900][gc,heap     ] GC(4) Eden regions: 45->0(49)
[2021-08-04T13:44:02.023-0900][gc,heap     ] GC(4) Survivor regions: 6->2(7)
[2021-08-04T13:44:02.023-0900][gc,heap     ] GC(4) Old regions: 7->12
[2021-08-04T13:44:02.023-0900][gc,heap     ] GC(4) Archive regions: 2->2
[2021-08-04T13:44:02.023-0900][gc,heap     ] GC(4) Humongous regions: 171->129
[2021-08-04T13:44:02.023-0900][gc,metaspace] GC(4) Metaspace: 34653K(35712K)->34653K(35712K) NonClass: 30822K(31744K)->30822K(31744K) Class: 3830K(3968K)->3830K(3968K)
[2021-08-04T13:44:02.023-0900][gc          ] GC(4) Pause Young (Normal) (G1 Evacuation Pause) 228M->143M(1024M) 4.821ms
[2021-08-04T13:44:02.023-0900][gc,cpu      ] GC(4) User=0.03s Sys=0.01s Real=0.01s
[2021-08-04T13:44:02.035-0900][gc,start    ] GC(5) Pause Young (Concurrent Start) (Metadata GC Threshold)
[2021-08-04T13:44:02.035-0900][gc,task     ] GC(5) Using 8 workers of 8 for evacuation
[2021-08-04T13:44:02.037-0900][gc,phases   ] GC(5)   Pre Evacuate Collection Set: 0.1ms
[2021-08-04T13:44:02.037-0900][gc,phases   ] GC(5)   Merge Heap Roots: 0.1ms
[2021-08-04T13:44:02.037-0900][gc,phases   ] GC(5)   Evacuate Collection Set: 1.4ms
[2021-08-04T13:44:02.037-0900][gc,phases   ] GC(5)   Post Evacuate Collection Set: 0.5ms
[2021-08-04T13:44:02.037-0900][gc,phases   ] GC(5)   Other: 0.2ms
[2021-08-04T13:44:02.037-0900][gc,heap     ] GC(5) Eden regions: 1->0(49)
[2021-08-04T13:44:02.037-0900][gc,heap     ] GC(5) Survivor regions: 2->2(7)
[2021-08-04T13:44:02.037-0900][gc,heap     ] GC(5) Old regions: 12->12
[2021-08-04T13:44:02.037-0900][gc,heap     ] GC(5) Archive regions: 2->2
[2021-08-04T13:44:02.037-0900][gc,heap     ] GC(5) Humongous regions: 129->129
[2021-08-04T13:44:02.037-0900][gc,metaspace] GC(5) Metaspace: 34827K(35840K)->34827K(35840K) NonClass: 30970K(31744K)->30970K(31744K) Class: 3857K(4096K)->3857K(4096K)
[2021-08-04T13:44:02.037-0900][gc          ] GC(5) Pause Young (Concurrent Start) (Metadata GC Threshold) 144M->142M(1024M) 2.412ms
[2021-08-04T13:44:02.037-0900][gc,cpu      ] GC(5) User=0.01s Sys=0.00s Real=0.00s
[2021-08-04T13:44:02.037-0900][gc          ] GC(6) Concurrent Cycle
[2021-08-04T13:44:02.037-0900][gc,marking  ] GC(6) Concurrent Clear Claimed Marks
[2021-08-04T13:44:02.037-0900][gc,marking  ] GC(6) Concurrent Clear Claimed Marks 0.035ms
[2021-08-04T13:44:02.037-0900][gc,marking  ] GC(6) Concurrent Scan Root Regions
[2021-08-04T13:44:02.039-0900][gc,marking  ] GC(6) Concurrent Scan Root Regions 1.563ms
[2021-08-04T13:44:02.039-0900][gc,marking  ] GC(6) Concurrent Mark (9.879s)
[2021-08-04T13:44:02.039-0900][gc,marking  ] GC(6) Concurrent Mark From Roots
[2021-08-04T13:44:02.039-0900][gc,task     ] GC(6) Using 2 workers of 2 for marking
[2021-08-04T13:44:02.048-0900][gc,marking  ] GC(6) Concurrent Mark From Roots 9.279ms
[2021-08-04T13:44:02.048-0900][gc,marking  ] GC(6) Concurrent Preclean
[2021-08-04T13:44:02.048-0900][gc,marking  ] GC(6) Concurrent Preclean 0.096ms
[2021-08-04T13:44:02.048-0900][gc,marking  ] GC(6) Concurrent Mark (9.879s, 9.888s) 9.434ms
[2021-08-04T13:44:02.048-0900][gc,start    ] GC(6) Pause Remark
[2021-08-04T13:44:02.050-0900][gc          ] GC(6) Pause Remark 143M->143M(1024M) 1.322ms
[2021-08-04T13:44:02.050-0900][gc,cpu      ] GC(6) User=0.00s Sys=0.00s Real=0.01s
[2021-08-04T13:44:02.050-0900][gc,marking  ] GC(6) Concurrent Rebuild Remembered Sets
[2021-08-04T13:44:02.056-0900][gc,marking  ] GC(6) Concurrent Rebuild Remembered Sets 5.896ms
[2021-08-04T13:44:02.056-0900][gc,start    ] GC(6) Pause Cleanup
[2021-08-04T13:44:02.056-0900][gc          ] GC(6) Pause Cleanup 143M->143M(1024M) 0.127ms
[2021-08-04T13:44:02.056-0900][gc,cpu      ] GC(6) User=0.00s Sys=0.00s Real=0.00s
[2021-08-04T13:44:02.056-0900][gc,marking  ] GC(6) Concurrent Cleanup for Next Mark
[2021-08-04T13:44:02.061-0900][gc,marking  ] GC(6) Concurrent Cleanup for Next Mark 4.911ms
[2021-08-04T13:44:02.061-0900][gc          ] GC(6) Concurrent Cycle 23.986ms
[2021-08-04T13:50:39.157-0900][gc,start    ] GC(7) Pause Young (Normal) (G1 Evacuation Pause)
[2021-08-04T13:50:39.163-0900][gc,task     ] GC(7) Using 8 workers of 8 for evacuation
[2021-08-04T13:50:39.167-0900][gc,phases   ] GC(7)   Pre Evacuate Collection Set: 0.2ms
[2021-08-04T13:50:39.168-0900][gc,phases   ] GC(7)   Merge Heap Roots: 0.1ms
[2021-08-04T13:50:39.168-0900][gc,phases   ] GC(7)   Evacuate Collection Set: 3.9ms
[2021-08-04T13:50:39.168-0900][gc,phases   ] GC(7)   Post Evacuate Collection Set: 0.5ms
[2021-08-04T13:50:39.168-0900][gc,phases   ] GC(7)   Other: 5.9ms
[2021-08-04T13:50:39.168-0900][gc,heap     ] GC(7) Eden regions: 49->0(46)
[2021-08-04T13:50:39.168-0900][gc,heap     ] GC(7) Survivor regions: 2->5(7)
[2021-08-04T13:50:39.168-0900][gc,heap     ] GC(7) Old regions: 12->12
[2021-08-04T13:50:39.168-0900][gc,heap     ] GC(7) Archive regions: 2->2
[2021-08-04T13:50:39.168-0900][gc,heap     ] GC(7) Humongous regions: 129->129
[2021-08-04T13:50:39.168-0900][gc,metaspace] GC(7) Metaspace: 37104K(38400K)->37104K(38400K) NonClass: 33040K(34048K)->33040K(34048K) Class: 4063K(4352K)->4063K(4352K)
[2021-08-04T13:50:39.168-0900][gc          ] GC(7) Pause Young (Normal) (G1 Evacuation Pause) 191M->145M(1024M) 10.798ms
[2021-08-04T13:50:39.168-0900][gc,cpu      ] GC(7) User=0.03s Sys=0.00s Real=0.01s
[2021-08-04T13:58:09.894-0900][gc,start    ] GC(8) Pause Young (Normal) (G1 Evacuation Pause)
[2021-08-04T13:58:09.894-0900][gc,task     ] GC(8) Using 8 workers of 8 for evacuation
[2021-08-04T13:58:09.900-0900][gc,phases   ] GC(8)   Pre Evacuate Collection Set: 0.2ms
[2021-08-04T13:58:09.900-0900][gc,phases   ] GC(8)   Merge Heap Roots: 0.1ms
[2021-08-04T13:58:09.900-0900][gc,phases   ] GC(8)   Evacuate Collection Set: 4.3ms
[2021-08-04T13:58:09.900-0900][gc,phases   ] GC(8)   Post Evacuate Collection Set: 0.5ms
[2021-08-04T13:58:09.900-0900][gc,phases   ] GC(8)   Other: 0.5ms
[2021-08-04T13:58:09.900-0900][gc,heap     ] GC(8) Eden regions: 46->0(62)
[2021-08-04T13:58:09.900-0900][gc,heap     ] GC(8) Survivor regions: 5->3(7)
[2021-08-04T13:58:09.900-0900][gc,heap     ] GC(8) Old regions: 12->13
[2021-08-04T13:58:09.900-0900][gc,heap     ] GC(8) Archive regions: 2->2
[2021-08-04T13:58:09.900-0900][gc,heap     ] GC(8) Humongous regions: 129->129
[2021-08-04T13:58:09.900-0900][gc,metaspace] GC(8) Metaspace: 37273K(38400K)->37273K(38400K) NonClass: 33195K(34048K)->33195K(34048K) Class: 4077K(4352K)->4077K(4352K)
[2021-08-04T13:58:09.900-0900][gc          ] GC(8) Pause Young (Normal) (G1 Evacuation Pause) 191M->145M(1024M) 5.753ms
[2021-08-04T13:58:09.900-0900][gc,cpu      ] GC(8) User=0.03s Sys=0.00s Real=0.01s
[2021-08-04T14:00:49.997-0900][gc,heap,exit] Heap
[2021-08-04T14:00:49.997-0900][gc,heap,exit]  garbage-first heap   total 1048576K, used 174678K [0x00000007c0000000, 0x0000000800000000)
[2021-08-04T14:00:49.997-0900][gc,heap,exit]   region size 1024K, 29 young (29696K), 3 survivors (3072K)
[2021-08-04T14:00:49.997-0900][gc,heap,exit]  Metaspace       used 37861K, capacity 38377K, committed 39040K, reserved 1083392K
[2021-08-04T14:00:49.997-0900][gc,heap,exit]   class space    used 4197K, capacity 4393K, committed 4480K, reserved 1048576K
