[2021-07-29T10:00:38.950-0900][gc] Using G1
[2021-07-29T10:00:38.957-0900][gc,init] Version: 15.0.2+7-27 (release)
[2021-07-29T10:00:38.957-0900][gc,init] CPUs: 8 total, 8 available
[2021-07-29T10:00:38.957-0900][gc,init] Memory: 16384M
[2021-07-29T10:00:38.957-0900][gc,init] Large Page Support: Disabled
[2021-07-29T10:00:38.957-0900][gc,init] NUMA Support: Disabled
[2021-07-29T10:00:38.957-0900][gc,init] Compressed Oops: Enabled (Zero based)
[2021-07-29T10:00:38.957-0900][gc,init] Heap Region Size: 1M
[2021-07-29T10:00:38.957-0900][gc,init] Heap Min Capacity: 1G
[2021-07-29T10:00:38.957-0900][gc,init] Heap Initial Capacity: 1G
[2021-07-29T10:00:38.957-0900][gc,init] Heap Max Capacity: 1G
[2021-07-29T10:00:38.957-0900][gc,init] Pre-touch: Disabled
[2021-07-29T10:00:38.957-0900][gc,init] Parallel Workers: 8
[2021-07-29T10:00:38.957-0900][gc,init] Concurrent Workers: 2
[2021-07-29T10:00:38.957-0900][gc,init] Concurrent Refinement Workers: 8
[2021-07-29T10:00:38.957-0900][gc,init] Periodic GC: Disabled
[2021-07-29T10:00:38.957-0900][gc,cds ] Mark closed archive regions in map: [0x00000007fff00000, 0x00000007fff78ff8]
[2021-07-29T10:00:38.957-0900][gc,cds ] Mark open archive regions in map: [0x00000007ffe00000, 0x00000007ffe50ff8]
[2021-07-29T10:00:38.957-0900][gc,metaspace] CDS archive(s) mapped at: [0x0000000800000000-0x0000000800b2d000-0x0000000800b2d000), size 11718656, SharedBaseAddress: 0x0000000800000000, ArchiveRelocationMode: 0.
[2021-07-29T10:00:38.957-0900][gc,metaspace] Compressed class space mapped at: 0x0000000800b30000-0x0000000840b30000, size: 1073741824
[2021-07-29T10:00:38.957-0900][gc,metaspace] Narrow klass base: 0x0000000800000000, Narrow klass shift: 3, Narrow klass range: 0x100000000
[2021-07-29T10:00:40.586-0900][gc,start    ] GC(0) Pause Young (Normal) (G1 Evacuation Pause)
[2021-07-29T10:00:40.587-0900][gc,task     ] GC(0) Using 8 workers of 8 for evacuation
[2021-07-29T10:00:40.595-0900][gc,phases   ] GC(0)   Pre Evacuate Collection Set: 0.1ms
[2021-07-29T10:00:40.595-0900][gc,phases   ] GC(0)   Merge Heap Roots: 0.0ms
[2021-07-29T10:00:40.595-0900][gc,phases   ] GC(0)   Evacuate Collection Set: 6.7ms
[2021-07-29T10:00:40.595-0900][gc,phases   ] GC(0)   Post Evacuate Collection Set: 0.9ms
[2021-07-29T10:00:40.595-0900][gc,phases   ] GC(0)   Other: 0.6ms
[2021-07-29T10:00:40.595-0900][gc,heap     ] GC(0) Eden regions: 51->0(44)
[2021-07-29T10:00:40.595-0900][gc,heap     ] GC(0) Survivor regions: 0->7(7)
[2021-07-29T10:00:40.595-0900][gc,heap     ] GC(0) Old regions: 0->0
[2021-07-29T10:00:40.595-0900][gc,heap     ] GC(0) Archive regions: 2->2
[2021-07-29T10:00:40.595-0900][gc,heap     ] GC(0) Humongous regions: 0->0
[2021-07-29T10:00:40.595-0900][gc,metaspace] GC(0) Metaspace: 19013K(19712K)->19013K(19712K) NonClass: 16781K(17408K)->16781K(17408K) Class: 2231K(2304K)->2231K(2304K)
[2021-07-29T10:00:40.595-0900][gc          ] GC(0) Pause Young (Normal) (G1 Evacuation Pause) 51M->7M(1024M) 8.610ms
[2021-07-29T10:00:40.595-0900][gc,cpu      ] GC(0) User=0.02s Sys=0.01s Real=0.01s
[2021-07-29T10:00:40.730-0900][gc,start    ] GC(1) Pause Young (Concurrent Start) (Metadata GC Threshold)
[2021-07-29T10:00:40.730-0900][gc,task     ] GC(1) Using 8 workers of 8 for evacuation
[2021-07-29T10:00:40.736-0900][gc,phases   ] GC(1)   Pre Evacuate Collection Set: 0.1ms
[2021-07-29T10:00:40.736-0900][gc,phases   ] GC(1)   Merge Heap Roots: 0.0ms
[2021-07-29T10:00:40.736-0900][gc,phases   ] GC(1)   Evacuate Collection Set: 4.9ms
[2021-07-29T10:00:40.736-0900][gc,phases   ] GC(1)   Post Evacuate Collection Set: 0.3ms
[2021-07-29T10:00:40.736-0900][gc,phases   ] GC(1)   Other: 0.4ms
[2021-07-29T10:00:40.736-0900][gc,heap     ] GC(1) Eden regions: 6->0(50)
[2021-07-29T10:00:40.736-0900][gc,heap     ] GC(1) Survivor regions: 7->1(7)
[2021-07-29T10:00:40.736-0900][gc,heap     ] GC(1) Old regions: 0->7
[2021-07-29T10:00:40.736-0900][gc,heap     ] GC(1) Archive regions: 2->2
[2021-07-29T10:00:40.736-0900][gc,heap     ] GC(1) Humongous regions: 0->0
[2021-07-29T10:00:40.736-0900][gc,metaspace] GC(1) Metaspace: 20586K(21248K)->20586K(21248K) NonClass: 18179K(18688K)->18179K(18688K) Class: 2406K(2560K)->2406K(2560K)
[2021-07-29T10:00:40.736-0900][gc          ] GC(1) Pause Young (Concurrent Start) (Metadata GC Threshold) 13M->8M(1024M) 5.825ms
[2021-07-29T10:00:40.736-0900][gc,cpu      ] GC(1) User=0.02s Sys=0.01s Real=0.00s
[2021-07-29T10:00:40.736-0900][gc          ] GC(2) Concurrent Cycle
[2021-07-29T10:00:40.736-0900][gc,marking  ] GC(2) Concurrent Clear Claimed Marks
[2021-07-29T10:00:40.736-0900][gc,marking  ] GC(2) Concurrent Clear Claimed Marks 0.022ms
[2021-07-29T10:00:40.736-0900][gc,marking  ] GC(2) Concurrent Scan Root Regions
[2021-07-29T10:00:40.739-0900][gc,marking  ] GC(2) Concurrent Scan Root Regions 2.712ms
[2021-07-29T10:00:40.739-0900][gc,marking  ] GC(2) Concurrent Mark (1.800s)
[2021-07-29T10:00:40.739-0900][gc,marking  ] GC(2) Concurrent Mark From Roots
[2021-07-29T10:00:40.739-0900][gc,task     ] GC(2) Using 2 workers of 2 for marking
[2021-07-29T10:00:40.741-0900][gc,marking  ] GC(2) Concurrent Mark From Roots 1.851ms
[2021-07-29T10:00:40.741-0900][gc,marking  ] GC(2) Concurrent Preclean
[2021-07-29T10:00:40.741-0900][gc,marking  ] GC(2) Concurrent Preclean 0.064ms
[2021-07-29T10:00:40.741-0900][gc,marking  ] GC(2) Concurrent Mark (1.800s, 1.802s) 2.059ms
[2021-07-29T10:00:40.741-0900][gc,start    ] GC(2) Pause Remark
[2021-07-29T10:00:40.742-0900][gc          ] GC(2) Pause Remark 8M->8M(1024M) 1.086ms
[2021-07-29T10:00:40.742-0900][gc,cpu      ] GC(2) User=0.01s Sys=0.00s Real=0.00s
[2021-07-29T10:00:40.742-0900][gc,marking  ] GC(2) Concurrent Rebuild Remembered Sets
[2021-07-29T10:00:40.745-0900][gc,marking  ] GC(2) Concurrent Rebuild Remembered Sets 2.898ms
[2021-07-29T10:00:40.746-0900][gc,start    ] GC(2) Pause Cleanup
[2021-07-29T10:00:40.747-0900][gc          ] GC(2) Pause Cleanup 8M->8M(1024M) 0.595ms
[2021-07-29T10:00:40.747-0900][gc,cpu      ] GC(2) User=0.00s Sys=0.00s Real=0.00s
[2021-07-29T10:00:40.747-0900][gc,marking  ] GC(2) Concurrent Cleanup for Next Mark
[2021-07-29T10:00:40.754-0900][gc,marking  ] GC(2) Concurrent Cleanup for Next Mark 6.828ms
[2021-07-29T10:00:40.754-0900][gc          ] GC(2) Concurrent Cycle 17.683ms
[2021-07-29T10:00:41.964-0900][gc,start    ] GC(3) Pause Young (Normal) (G1 Evacuation Pause)
[2021-07-29T10:00:41.964-0900][gc,task     ] GC(3) Using 8 workers of 8 for evacuation
[2021-07-29T10:00:41.967-0900][gc,phases   ] GC(3)   Pre Evacuate Collection Set: 0.1ms
[2021-07-29T10:00:41.968-0900][gc,phases   ] GC(3)   Merge Heap Roots: 0.1ms
[2021-07-29T10:00:41.968-0900][gc,phases   ] GC(3)   Evacuate Collection Set: 3.2ms
[2021-07-29T10:00:41.968-0900][gc,phases   ] GC(3)   Post Evacuate Collection Set: 0.4ms
[2021-07-29T10:00:41.968-0900][gc,phases   ] GC(3)   Other: 0.1ms
[2021-07-29T10:00:41.968-0900][gc,heap     ] GC(3) Eden regions: 50->0(45)
[2021-07-29T10:00:41.968-0900][gc,heap     ] GC(3) Survivor regions: 1->6(7)
[2021-07-29T10:00:41.968-0900][gc,heap     ] GC(3) Old regions: 7->7
[2021-07-29T10:00:41.968-0900][gc,heap     ] GC(3) Archive regions: 2->2
[2021-07-29T10:00:41.968-0900][gc,heap     ] GC(3) Humongous regions: 129->129
[2021-07-29T10:00:41.968-0900][gc,metaspace] GC(3) Metaspace: 30075K(31104K)->30075K(31104K) NonClass: 26784K(27648K)->26784K(27648K) Class: 3291K(3456K)->3291K(3456K)
[2021-07-29T10:00:41.968-0900][gc          ] GC(3) Pause Young (Normal) (G1 Evacuation Pause) 187M->141M(1024M) 4.091ms
[2021-07-29T10:00:41.968-0900][gc,cpu      ] GC(3) User=0.02s Sys=0.00s Real=0.00s
[2021-07-29T10:00:55.933-0900][gc,start    ] GC(4) Pause Young (Concurrent Start) (Metadata GC Threshold)
[2021-07-29T10:00:55.933-0900][gc,task     ] GC(4) Using 8 workers of 8 for evacuation
[2021-07-29T10:00:55.940-0900][gc,phases   ] GC(4)   Pre Evacuate Collection Set: 0.2ms
[2021-07-29T10:00:55.940-0900][gc,phases   ] GC(4)   Merge Heap Roots: 0.1ms
[2021-07-29T10:00:55.940-0900][gc,phases   ] GC(4)   Evacuate Collection Set: 6.4ms
[2021-07-29T10:00:55.940-0900][gc,phases   ] GC(4)   Post Evacuate Collection Set: 0.7ms
[2021-07-29T10:00:55.940-0900][gc,phases   ] GC(4)   Other: 0.2ms
[2021-07-29T10:00:55.941-0900][gc,heap     ] GC(4) Eden regions: 34->0(49)
[2021-07-29T10:00:55.941-0900][gc,heap     ] GC(4) Survivor regions: 6->2(7)
[2021-07-29T10:00:55.941-0900][gc,heap     ] GC(4) Old regions: 7->12
[2021-07-29T10:00:55.941-0900][gc,heap     ] GC(4) Archive regions: 2->2
[2021-07-29T10:00:55.941-0900][gc,heap     ] GC(4) Humongous regions: 159->129
[2021-07-29T10:00:55.941-0900][gc,metaspace] GC(4) Metaspace: 34786K(35840K)->34786K(35840K) NonClass: 30941K(31744K)->30941K(31744K) Class: 3844K(4096K)->3844K(4096K)
[2021-07-29T10:00:55.941-0900][gc          ] GC(4) Pause Young (Concurrent Start) (Metadata GC Threshold) 205M->142M(1024M) 7.800ms
[2021-07-29T10:00:55.941-0900][gc,cpu      ] GC(4) User=0.03s Sys=0.01s Real=0.01s
[2021-07-29T10:00:55.941-0900][gc          ] GC(5) Concurrent Cycle
[2021-07-29T10:00:55.941-0900][gc,marking  ] GC(5) Concurrent Clear Claimed Marks
[2021-07-29T10:00:55.941-0900][gc,marking  ] GC(5) Concurrent Clear Claimed Marks 0.069ms
[2021-07-29T10:00:55.941-0900][gc,marking  ] GC(5) Concurrent Scan Root Regions
[2021-07-29T10:00:55.946-0900][gc,marking  ] GC(5) Concurrent Scan Root Regions 5.015ms
[2021-07-29T10:00:55.946-0900][gc,marking  ] GC(5) Concurrent Mark (17.007s)
[2021-07-29T10:00:55.946-0900][gc,marking  ] GC(5) Concurrent Mark From Roots
[2021-07-29T10:00:55.946-0900][gc,task     ] GC(5) Using 2 workers of 2 for marking
[2021-07-29T10:00:55.953-0900][gc,marking  ] GC(5) Concurrent Mark From Roots 6.879ms
[2021-07-29T10:00:55.953-0900][gc,marking  ] GC(5) Concurrent Preclean
[2021-07-29T10:00:55.953-0900][gc,marking  ] GC(5) Concurrent Preclean 0.121ms
[2021-07-29T10:00:55.953-0900][gc,marking  ] GC(5) Concurrent Mark (17.007s, 17.014s) 7.082ms
[2021-07-29T10:00:55.953-0900][gc,start    ] GC(5) Pause Remark
[2021-07-29T10:00:55.955-0900][gc          ] GC(5) Pause Remark 143M->143M(1024M) 1.998ms
[2021-07-29T10:00:55.955-0900][gc,cpu      ] GC(5) User=0.01s Sys=0.00s Real=0.00s
[2021-07-29T10:00:55.955-0900][gc,marking  ] GC(5) Concurrent Rebuild Remembered Sets
[2021-07-29T10:00:55.963-0900][gc,marking  ] GC(5) Concurrent Rebuild Remembered Sets 7.385ms
[2021-07-29T10:00:55.963-0900][gc,start    ] GC(5) Pause Cleanup
[2021-07-29T10:00:55.963-0900][gc          ] GC(5) Pause Cleanup 143M->143M(1024M) 0.162ms
[2021-07-29T10:00:55.963-0900][gc,cpu      ] GC(5) User=0.00s Sys=0.00s Real=0.00s
[2021-07-29T10:00:55.963-0900][gc,marking  ] GC(5) Concurrent Cleanup for Next Mark
[2021-07-29T10:00:55.970-0900][gc,marking  ] GC(5) Concurrent Cleanup for Next Mark 6.984ms
[2021-07-29T10:00:55.970-0900][gc          ] GC(5) Concurrent Cycle 29.600ms
[2021-07-29T10:08:08.403-0900][gc,start    ] GC(6) Pause Young (Normal) (G1 Evacuation Pause)
[2021-07-29T10:08:08.405-0900][gc,task     ] GC(6) Using 8 workers of 8 for evacuation
[2021-07-29T10:08:08.411-0900][gc,phases   ] GC(6)   Pre Evacuate Collection Set: 0.2ms
[2021-07-29T10:08:08.411-0900][gc,phases   ] GC(6)   Merge Heap Roots: 0.1ms
[2021-07-29T10:08:08.411-0900][gc,phases   ] GC(6)   Evacuate Collection Set: 5.6ms
[2021-07-29T10:08:08.411-0900][gc,phases   ] GC(6)   Post Evacuate Collection Set: 0.7ms
[2021-07-29T10:08:08.412-0900][gc,phases   ] GC(6)   Other: 2.3ms
[2021-07-29T10:08:08.412-0900][gc,heap     ] GC(6) Eden regions: 49->0(47)
[2021-07-29T10:08:08.412-0900][gc,heap     ] GC(6) Survivor regions: 2->4(7)
[2021-07-29T10:08:08.412-0900][gc,heap     ] GC(6) Old regions: 12->12
[2021-07-29T10:08:08.412-0900][gc,heap     ] GC(6) Archive regions: 2->2
[2021-07-29T10:08:08.412-0900][gc,heap     ] GC(6) Humongous regions: 129->129
[2021-07-29T10:08:08.412-0900][gc,metaspace] GC(6) Metaspace: 36942K(38016K)->36942K(38016K) NonClass: 32901K(33792K)->32901K(33792K) Class: 4041K(4224K)->4041K(4224K)
[2021-07-29T10:08:08.412-0900][gc          ] GC(6) Pause Young (Normal) (G1 Evacuation Pause) 191M->145M(1024M) 9.072ms
[2021-07-29T10:08:08.412-0900][gc,cpu      ] GC(6) User=0.04s Sys=0.01s Real=0.01s
[2021-07-29T10:13:48.147-0900][gc,start    ] GC(7) Pause Young (Normal) (G1 Evacuation Pause)
[2021-07-29T10:13:48.149-0900][gc,task     ] GC(7) Using 8 workers of 8 for evacuation
[2021-07-29T10:13:48.155-0900][gc,phases   ] GC(7)   Pre Evacuate Collection Set: 0.1ms
[2021-07-29T10:13:48.155-0900][gc,phases   ] GC(7)   Merge Heap Roots: 0.1ms
[2021-07-29T10:13:48.155-0900][gc,phases   ] GC(7)   Evacuate Collection Set: 4.3ms
[2021-07-29T10:13:48.155-0900][gc,phases   ] GC(7)   Post Evacuate Collection Set: 1.3ms
[2021-07-29T10:13:48.155-0900][gc,phases   ] GC(7)   Other: 2.1ms
[2021-07-29T10:13:48.155-0900][gc,heap     ] GC(7) Eden regions: 47->0(48)
[2021-07-29T10:13:48.155-0900][gc,heap     ] GC(7) Survivor regions: 4->3(7)
[2021-07-29T10:13:48.155-0900][gc,heap     ] GC(7) Old regions: 12->13
[2021-07-29T10:13:48.155-0900][gc,heap     ] GC(7) Archive regions: 2->2
[2021-07-29T10:13:48.155-0900][gc,heap     ] GC(7) Humongous regions: 129->129
[2021-07-29T10:13:48.155-0900][gc,metaspace] GC(7) Metaspace: 37309K(38400K)->37309K(38400K) NonClass: 33224K(34048K)->33224K(34048K) Class: 4084K(4352K)->4084K(4352K)
[2021-07-29T10:13:48.155-0900][gc          ] GC(7) Pause Young (Normal) (G1 Evacuation Pause) 192M->145M(1024M) 8.095ms
[2021-07-29T10:13:48.155-0900][gc,cpu      ] GC(7) User=0.02s Sys=0.00s Real=0.01s
[2021-07-29T10:19:56.669-0900][gc,start    ] GC(8) Pause Young (Normal) (G1 Evacuation Pause)
[2021-07-29T10:19:56.675-0900][gc,task     ] GC(8) Using 8 workers of 8 for evacuation
[2021-07-29T10:19:56.682-0900][gc,phases   ] GC(8)   Pre Evacuate Collection Set: 0.3ms
[2021-07-29T10:19:56.682-0900][gc,phases   ] GC(8)   Merge Heap Roots: 0.1ms
[2021-07-29T10:19:56.682-0900][gc,phases   ] GC(8)   Evacuate Collection Set: 5.7ms
[2021-07-29T10:19:56.682-0900][gc,phases   ] GC(8)   Post Evacuate Collection Set: 0.9ms
[2021-07-29T10:19:56.682-0900][gc,phases   ] GC(8)   Other: 6.2ms
[2021-07-29T10:19:56.682-0900][gc,heap     ] GC(8) Eden regions: 48->0(54)
[2021-07-29T10:19:56.682-0900][gc,heap     ] GC(8) Survivor regions: 3->4(7)
[2021-07-29T10:19:56.682-0900][gc,heap     ] GC(8) Old regions: 13->13
[2021-07-29T10:19:56.682-0900][gc,heap     ] GC(8) Archive regions: 2->2
[2021-07-29T10:19:56.682-0900][gc,heap     ] GC(8) Humongous regions: 129->129
[2021-07-29T10:19:56.682-0900][gc,metaspace] GC(8) Metaspace: 37406K(38656K)->37406K(38656K) NonClass: 33322K(34304K)->33322K(34304K) Class: 4084K(4352K)->4084K(4352K)
[2021-07-29T10:19:56.683-0900][gc          ] GC(8) Pause Young (Normal) (G1 Evacuation Pause) 193M->145M(1024M) 13.463ms
[2021-07-29T10:19:56.683-0900][gc,cpu      ] GC(8) User=0.02s Sys=0.00s Real=0.02s
[2021-07-29T10:31:51.871-0900][gc,start    ] GC(9) Pause Young (Normal) (G1 Evacuation Pause)
[2021-07-29T10:31:51.877-0900][gc,task     ] GC(9) Using 8 workers of 8 for evacuation
[2021-07-29T10:31:51.885-0900][gc,phases   ] GC(9)   Pre Evacuate Collection Set: 0.3ms
[2021-07-29T10:31:51.885-0900][gc,phases   ] GC(9)   Merge Heap Roots: 0.1ms
[2021-07-29T10:31:51.885-0900][gc,phases   ] GC(9)   Evacuate Collection Set: 6.8ms
[2021-07-29T10:31:51.885-0900][gc,phases   ] GC(9)   Post Evacuate Collection Set: 1.0ms
[2021-07-29T10:31:51.885-0900][gc,phases   ] GC(9)   Other: 6.1ms
[2021-07-29T10:31:51.885-0900][gc,heap     ] GC(9) Eden regions: 54->0(162)
[2021-07-29T10:31:51.886-0900][gc,heap     ] GC(9) Survivor regions: 4->4(8)
[2021-07-29T10:31:51.886-0900][gc,heap     ] GC(9) Old regions: 13->13
[2021-07-29T10:31:51.886-0900][gc,heap     ] GC(9) Archive regions: 2->2
[2021-07-29T10:31:51.886-0900][gc,heap     ] GC(9) Humongous regions: 129->129
[2021-07-29T10:31:51.886-0900][gc,metaspace] GC(9) Metaspace: 37548K(38656K)->37548K(38656K) NonClass: 33463K(34304K)->33463K(34304K) Class: 4084K(4352K)->4084K(4352K)
[2021-07-29T10:31:51.886-0900][gc          ] GC(9) Pause Young (Normal) (G1 Evacuation Pause) 199M->146M(1024M) 14.626ms
[2021-07-29T10:31:51.886-0900][gc,cpu      ] GC(9) User=0.03s Sys=0.00s Real=0.01s
[2021-07-29T11:00:29.248-0900][gc,start    ] GC(10) Pause Young (Normal) (G1 Evacuation Pause)
[2021-07-29T11:00:29.253-0900][gc,task     ] GC(10) Using 8 workers of 8 for evacuation
[2021-07-29T11:00:29.259-0900][gc,phases   ] GC(10)   Pre Evacuate Collection Set: 0.2ms
[2021-07-29T11:00:29.259-0900][gc,phases   ] GC(10)   Merge Heap Roots: 0.1ms
[2021-07-29T11:00:29.259-0900][gc,phases   ] GC(10)   Evacuate Collection Set: 4.5ms
[2021-07-29T11:00:29.259-0900][gc,phases   ] GC(10)   Post Evacuate Collection Set: 0.6ms
[2021-07-29T11:00:29.259-0900][gc,phases   ] GC(10)   Other: 5.9ms
[2021-07-29T11:00:29.259-0900][gc,heap     ] GC(10) Eden regions: 162->0(432)
[2021-07-29T11:00:29.259-0900][gc,heap     ] GC(10) Survivor regions: 4->4(21)
[2021-07-29T11:00:29.259-0900][gc,heap     ] GC(10) Old regions: 13->13
[2021-07-29T11:00:29.259-0900][gc,heap     ] GC(10) Archive regions: 2->2
[2021-07-29T11:00:29.259-0900][gc,heap     ] GC(10) Humongous regions: 129->129
[2021-07-29T11:00:29.259-0900][gc,metaspace] GC(10) Metaspace: 37896K(38912K)->37896K(38912K) NonClass: 33811K(34560K)->33811K(34560K) Class: 4084K(4352K)->4084K(4352K)
[2021-07-29T11:00:29.259-0900][gc          ] GC(10) Pause Young (Normal) (G1 Evacuation Pause) 308M->146M(1024M) 11.414ms
[2021-07-29T11:00:29.259-0900][gc,cpu      ] GC(10) User=0.03s Sys=0.00s Real=0.01s
[2021-07-29T11:01:31.158-0900][gc,heap,exit] Heap
[2021-07-29T11:01:31.158-0900][gc,heap,exit]  garbage-first heap   total 1048576K, used 213602K [0x00000007c0000000, 0x0000000800000000)
[2021-07-29T11:01:31.158-0900][gc,heap,exit]   region size 1024K, 68 young (69632K), 4 survivors (4096K)
[2021-07-29T11:01:31.158-0900][gc,heap,exit]  Metaspace       used 38583K, capacity 39140K, committed 39808K, reserved 1085440K
[2021-07-29T11:01:31.158-0900][gc,heap,exit]   class space    used 4209K, capacity 4429K, committed 4480K, reserved 1048576K
