[2021-08-04T15:52:05.430-0900][gc] Using G1
[2021-08-04T15:52:05.437-0900][gc,init] Version: 15.0.2+7-27 (release)
[2021-08-04T15:52:05.437-0900][gc,init] CPUs: 8 total, 8 available
[2021-08-04T15:52:05.437-0900][gc,init] Memory: 16384M
[2021-08-04T15:52:05.437-0900][gc,init] Large Page Support: Disabled
[2021-08-04T15:52:05.437-0900][gc,init] NUMA Support: Disabled
[2021-08-04T15:52:05.437-0900][gc,init] Compressed Oops: Enabled (Zero based)
[2021-08-04T15:52:05.437-0900][gc,init] Heap Region Size: 1M
[2021-08-04T15:52:05.437-0900][gc,init] Heap Min Capacity: 1G
[2021-08-04T15:52:05.437-0900][gc,init] Heap Initial Capacity: 1G
[2021-08-04T15:52:05.437-0900][gc,init] Heap Max Capacity: 1G
[2021-08-04T15:52:05.437-0900][gc,init] Pre-touch: Disabled
[2021-08-04T15:52:05.437-0900][gc,init] Parallel Workers: 8
[2021-08-04T15:52:05.437-0900][gc,init] Concurrent Workers: 2
[2021-08-04T15:52:05.437-0900][gc,init] Concurrent Refinement Workers: 8
[2021-08-04T15:52:05.437-0900][gc,init] Periodic GC: Disabled
[2021-08-04T15:52:05.437-0900][gc,cds ] Mark closed archive regions in map: [0x00000007fff00000, 0x00000007fff78ff8]
[2021-08-04T15:52:05.437-0900][gc,cds ] Mark open archive regions in map: [0x00000007ffe00000, 0x00000007ffe50ff8]
[2021-08-04T15:52:05.437-0900][gc,metaspace] CDS archive(s) mapped at: [0x0000000800000000-0x0000000800b2d000-0x0000000800b2d000), size 11718656, SharedBaseAddress: 0x0000000800000000, ArchiveRelocationMode: 0.
[2021-08-04T15:52:05.437-0900][gc,metaspace] Compressed class space mapped at: 0x0000000800b30000-0x0000000840b30000, size: 1073741824
[2021-08-04T15:52:05.437-0900][gc,metaspace] Narrow klass base: 0x0000000800000000, Narrow klass shift: 3, Narrow klass range: 0x100000000
[2021-08-04T15:52:06.682-0900][gc,start    ] GC(0) Pause Young (Normal) (G1 Evacuation Pause)
[2021-08-04T15:52:06.683-0900][gc,task     ] GC(0) Using 8 workers of 8 for evacuation
[2021-08-04T15:52:06.688-0900][gc,phases   ] GC(0)   Pre Evacuate Collection Set: 0.1ms
[2021-08-04T15:52:06.688-0900][gc,phases   ] GC(0)   Merge Heap Roots: 0.0ms
[2021-08-04T15:52:06.688-0900][gc,phases   ] GC(0)   Evacuate Collection Set: 4.0ms
[2021-08-04T15:52:06.688-0900][gc,phases   ] GC(0)   Post Evacuate Collection Set: 0.5ms
[2021-08-04T15:52:06.688-0900][gc,phases   ] GC(0)   Other: 0.5ms
[2021-08-04T15:52:06.688-0900][gc,heap     ] GC(0) Eden regions: 51->0(44)
[2021-08-04T15:52:06.688-0900][gc,heap     ] GC(0) Survivor regions: 0->7(7)
[2021-08-04T15:52:06.688-0900][gc,heap     ] GC(0) Old regions: 0->0
[2021-08-04T15:52:06.688-0900][gc,heap     ] GC(0) Archive regions: 2->2
[2021-08-04T15:52:06.688-0900][gc,heap     ] GC(0) Humongous regions: 0->0
[2021-08-04T15:52:06.688-0900][gc,metaspace] GC(0) Metaspace: 18994K(19200K)->18994K(19200K) NonClass: 16761K(16896K)->16761K(16896K) Class: 2232K(2304K)->2232K(2304K)
[2021-08-04T15:52:06.688-0900][gc          ] GC(0) Pause Young (Normal) (G1 Evacuation Pause) 51M->7M(1024M) 5.249ms
[2021-08-04T15:52:06.688-0900][gc,cpu      ] GC(0) User=0.02s Sys=0.00s Real=0.00s
[2021-08-04T15:52:06.839-0900][gc,start    ] GC(1) Pause Young (Concurrent Start) (Metadata GC Threshold)
[2021-08-04T15:52:06.839-0900][gc,task     ] GC(1) Using 8 workers of 8 for evacuation
[2021-08-04T15:52:06.844-0900][gc,phases   ] GC(1)   Pre Evacuate Collection Set: 0.1ms
[2021-08-04T15:52:06.844-0900][gc,phases   ] GC(1)   Merge Heap Roots: 0.0ms
[2021-08-04T15:52:06.844-0900][gc,phases   ] GC(1)   Evacuate Collection Set: 4.8ms
[2021-08-04T15:52:06.844-0900][gc,phases   ] GC(1)   Post Evacuate Collection Set: 0.4ms
[2021-08-04T15:52:06.844-0900][gc,phases   ] GC(1)   Other: 0.2ms
[2021-08-04T15:52:06.844-0900][gc,heap     ] GC(1) Eden regions: 8->0(50)
[2021-08-04T15:52:06.844-0900][gc,heap     ] GC(1) Survivor regions: 7->1(7)
[2021-08-04T15:52:06.844-0900][gc,heap     ] GC(1) Old regions: 0->7
[2021-08-04T15:52:06.844-0900][gc,heap     ] GC(1) Archive regions: 2->2
[2021-08-04T15:52:06.844-0900][gc,heap     ] GC(1) Humongous regions: 0->0
[2021-08-04T15:52:06.844-0900][gc,metaspace] GC(1) Metaspace: 20979K(21248K)->20979K(21248K) NonClass: 18514K(18688K)->18514K(18688K) Class: 2464K(2560K)->2464K(2560K)
[2021-08-04T15:52:06.844-0900][gc          ] GC(1) Pause Young (Concurrent Start) (Metadata GC Threshold) 14M->8M(1024M) 5.715ms
[2021-08-04T15:52:06.844-0900][gc,cpu      ] GC(1) User=0.02s Sys=0.01s Real=0.01s
[2021-08-04T15:52:06.845-0900][gc          ] GC(2) Concurrent Cycle
[2021-08-04T15:52:06.845-0900][gc,marking  ] GC(2) Concurrent Clear Claimed Marks
[2021-08-04T15:52:06.845-0900][gc,marking  ] GC(2) Concurrent Clear Claimed Marks 0.033ms
[2021-08-04T15:52:06.845-0900][gc,marking  ] GC(2) Concurrent Scan Root Regions
[2021-08-04T15:52:06.847-0900][gc,marking  ] GC(2) Concurrent Scan Root Regions 2.339ms
[2021-08-04T15:52:06.847-0900][gc,marking  ] GC(2) Concurrent Mark (1.427s)
[2021-08-04T15:52:06.847-0900][gc,marking  ] GC(2) Concurrent Mark From Roots
[2021-08-04T15:52:06.847-0900][gc,task     ] GC(2) Using 2 workers of 2 for marking
[2021-08-04T15:52:06.848-0900][gc,marking  ] GC(2) Concurrent Mark From Roots 0.982ms
[2021-08-04T15:52:06.848-0900][gc,marking  ] GC(2) Concurrent Preclean
[2021-08-04T15:52:06.848-0900][gc,marking  ] GC(2) Concurrent Preclean 0.045ms
[2021-08-04T15:52:06.848-0900][gc,marking  ] GC(2) Concurrent Mark (1.427s, 1.428s) 1.143ms
[2021-08-04T15:52:06.848-0900][gc,start    ] GC(2) Pause Remark
[2021-08-04T15:52:06.849-0900][gc          ] GC(2) Pause Remark 8M->8M(1024M) 0.714ms
[2021-08-04T15:52:06.849-0900][gc,cpu      ] GC(2) User=0.00s Sys=0.00s Real=0.00s
[2021-08-04T15:52:06.849-0900][gc,marking  ] GC(2) Concurrent Rebuild Remembered Sets
[2021-08-04T15:52:06.851-0900][gc,marking  ] GC(2) Concurrent Rebuild Remembered Sets 2.086ms
[2021-08-04T15:52:06.852-0900][gc,start    ] GC(2) Pause Cleanup
[2021-08-04T15:52:06.852-0900][gc          ] GC(2) Pause Cleanup 8M->8M(1024M) 0.125ms
[2021-08-04T15:52:06.852-0900][gc,cpu      ] GC(2) User=0.00s Sys=0.00s Real=0.00s
[2021-08-04T15:52:06.852-0900][gc,marking  ] GC(2) Concurrent Cleanup for Next Mark
[2021-08-04T15:52:06.858-0900][gc,marking  ] GC(2) Concurrent Cleanup for Next Mark 5.792ms
[2021-08-04T15:52:06.858-0900][gc          ] GC(2) Concurrent Cycle 13.177ms
[2021-08-04T15:52:07.881-0900][gc,start    ] GC(3) Pause Young (Normal) (G1 Evacuation Pause)
[2021-08-04T15:52:07.881-0900][gc,task     ] GC(3) Using 8 workers of 8 for evacuation
[2021-08-04T15:52:07.885-0900][gc,phases   ] GC(3)   Pre Evacuate Collection Set: 0.1ms
[2021-08-04T15:52:07.885-0900][gc,phases   ] GC(3)   Merge Heap Roots: 0.1ms
[2021-08-04T15:52:07.885-0900][gc,phases   ] GC(3)   Evacuate Collection Set: 2.8ms
[2021-08-04T15:52:07.885-0900][gc,phases   ] GC(3)   Post Evacuate Collection Set: 0.6ms
[2021-08-04T15:52:07.885-0900][gc,phases   ] GC(3)   Other: 0.2ms
[2021-08-04T15:52:07.885-0900][gc,heap     ] GC(3) Eden regions: 50->0(45)
[2021-08-04T15:52:07.885-0900][gc,heap     ] GC(3) Survivor regions: 1->6(7)
[2021-08-04T15:52:07.885-0900][gc,heap     ] GC(3) Old regions: 7->7
[2021-08-04T15:52:07.885-0900][gc,heap     ] GC(3) Archive regions: 2->2
[2021-08-04T15:52:07.885-0900][gc,heap     ] GC(3) Humongous regions: 129->129
[2021-08-04T15:52:07.885-0900][gc,metaspace] GC(3) Metaspace: 30740K(31360K)->30740K(31360K) NonClass: 27397K(27904K)->27397K(27904K) Class: 3343K(3456K)->3343K(3456K)
[2021-08-04T15:52:07.885-0900][gc          ] GC(3) Pause Young (Normal) (G1 Evacuation Pause) 187M->141M(1024M) 3.989ms
[2021-08-04T15:52:07.885-0900][gc,cpu      ] GC(3) User=0.02s Sys=0.00s Real=0.00s
[2021-08-04T15:52:15.037-0900][gc,start    ] GC(4) Pause Young (Normal) (G1 Evacuation Pause)
[2021-08-04T15:52:15.037-0900][gc,task     ] GC(4) Using 8 workers of 8 for evacuation
[2021-08-04T15:52:15.041-0900][gc,phases   ] GC(4)   Pre Evacuate Collection Set: 0.1ms
[2021-08-04T15:52:15.041-0900][gc,phases   ] GC(4)   Merge Heap Roots: 0.1ms
[2021-08-04T15:52:15.041-0900][gc,phases   ] GC(4)   Evacuate Collection Set: 3.7ms
[2021-08-04T15:52:15.041-0900][gc,phases   ] GC(4)   Post Evacuate Collection Set: 0.5ms
[2021-08-04T15:52:15.041-0900][gc,phases   ] GC(4)   Other: 0.1ms
[2021-08-04T15:52:15.041-0900][gc,heap     ] GC(4) Eden regions: 45->0(49)
[2021-08-04T15:52:15.041-0900][gc,heap     ] GC(4) Survivor regions: 6->2(7)
[2021-08-04T15:52:15.041-0900][gc,heap     ] GC(4) Old regions: 7->12
[2021-08-04T15:52:15.041-0900][gc,heap     ] GC(4) Archive regions: 2->2
[2021-08-04T15:52:15.041-0900][gc,heap     ] GC(4) Humongous regions: 171->129
[2021-08-04T15:52:15.041-0900][gc,metaspace] GC(4) Metaspace: 34946K(35584K)->34946K(35584K) NonClass: 31058K(31488K)->31058K(31488K) Class: 3888K(4096K)->3888K(4096K)
[2021-08-04T15:52:15.041-0900][gc          ] GC(4) Pause Young (Normal) (G1 Evacuation Pause) 228M->143M(1024M) 4.549ms
[2021-08-04T15:52:15.041-0900][gc,cpu      ] GC(4) User=0.02s Sys=0.00s Real=0.01s
[2021-08-04T15:52:15.074-0900][gc,start    ] GC(5) Pause Young (Concurrent Start) (Metadata GC Threshold)
[2021-08-04T15:52:15.074-0900][gc,task     ] GC(5) Using 8 workers of 8 for evacuation
[2021-08-04T15:52:15.076-0900][gc,phases   ] GC(5)   Pre Evacuate Collection Set: 0.1ms
[2021-08-04T15:52:15.076-0900][gc,phases   ] GC(5)   Merge Heap Roots: 0.1ms
[2021-08-04T15:52:15.076-0900][gc,phases   ] GC(5)   Evacuate Collection Set: 1.5ms
[2021-08-04T15:52:15.076-0900][gc,phases   ] GC(5)   Post Evacuate Collection Set: 0.2ms
[2021-08-04T15:52:15.076-0900][gc,phases   ] GC(5)   Other: 0.1ms
[2021-08-04T15:52:15.076-0900][gc,heap     ] GC(5) Eden regions: 2->0(49)
[2021-08-04T15:52:15.076-0900][gc,heap     ] GC(5) Survivor regions: 2->2(7)
[2021-08-04T15:52:15.076-0900][gc,heap     ] GC(5) Old regions: 12->12
[2021-08-04T15:52:15.076-0900][gc,heap     ] GC(5) Archive regions: 2->2
[2021-08-04T15:52:15.076-0900][gc,heap     ] GC(5) Humongous regions: 129->129
[2021-08-04T15:52:15.076-0900][gc,metaspace] GC(5) Metaspace: 35281K(35840K)->35281K(35840K) NonClass: 31339K(31744K)->31339K(31744K) Class: 3941K(4096K)->3941K(4096K)
[2021-08-04T15:52:15.076-0900][gc          ] GC(5) Pause Young (Concurrent Start) (Metadata GC Threshold) 145M->143M(1024M) 2.160ms
[2021-08-04T15:52:15.076-0900][gc,cpu      ] GC(5) User=0.01s Sys=0.00s Real=0.00s
[2021-08-04T15:52:15.076-0900][gc          ] GC(6) Concurrent Cycle
[2021-08-04T15:52:15.076-0900][gc,marking  ] GC(6) Concurrent Clear Claimed Marks
[2021-08-04T15:52:15.076-0900][gc,marking  ] GC(6) Concurrent Clear Claimed Marks 0.026ms
[2021-08-04T15:52:15.076-0900][gc,marking  ] GC(6) Concurrent Scan Root Regions
[2021-08-04T15:52:15.077-0900][gc,marking  ] GC(6) Concurrent Scan Root Regions 1.056ms
[2021-08-04T15:52:15.077-0900][gc,marking  ] GC(6) Concurrent Mark (9.657s)
[2021-08-04T15:52:15.077-0900][gc,marking  ] GC(6) Concurrent Mark From Roots
[2021-08-04T15:52:15.077-0900][gc,task     ] GC(6) Using 2 workers of 2 for marking
[2021-08-04T15:52:15.088-0900][gc,marking  ] GC(6) Concurrent Mark From Roots 11.100ms
[2021-08-04T15:52:15.088-0900][gc,marking  ] GC(6) Concurrent Preclean
[2021-08-04T15:52:15.089-0900][gc,marking  ] GC(6) Concurrent Preclean 0.113ms
[2021-08-04T15:52:15.089-0900][gc,marking  ] GC(6) Concurrent Mark (9.657s, 9.668s) 11.274ms
[2021-08-04T15:52:15.089-0900][gc,start    ] GC(6) Pause Remark
[2021-08-04T15:52:15.090-0900][gc          ] GC(6) Pause Remark 143M->143M(1024M) 1.234ms
[2021-08-04T15:52:15.090-0900][gc,cpu      ] GC(6) User=0.01s Sys=0.00s Real=0.01s
[2021-08-04T15:52:15.090-0900][gc,marking  ] GC(6) Concurrent Rebuild Remembered Sets
[2021-08-04T15:52:15.096-0900][gc,marking  ] GC(6) Concurrent Rebuild Remembered Sets 5.663ms
[2021-08-04T15:52:15.096-0900][gc,start    ] GC(6) Pause Cleanup
[2021-08-04T15:52:15.096-0900][gc          ] GC(6) Pause Cleanup 143M->143M(1024M) 0.154ms
[2021-08-04T15:52:15.096-0900][gc,cpu      ] GC(6) User=0.00s Sys=0.00s Real=0.00s
[2021-08-04T15:52:15.096-0900][gc,marking  ] GC(6) Concurrent Cleanup for Next Mark
[2021-08-04T15:52:15.102-0900][gc,marking  ] GC(6) Concurrent Cleanup for Next Mark 5.611ms
[2021-08-04T15:52:15.102-0900][gc          ] GC(6) Concurrent Cycle 25.664ms
[2021-08-04T16:03:12.983-0900][gc,start    ] GC(7) Pause Young (Normal) (G1 Evacuation Pause)
[2021-08-04T16:03:12.988-0900][gc,task     ] GC(7) Using 8 workers of 8 for evacuation
[2021-08-04T16:03:12.993-0900][gc,phases   ] GC(7)   Pre Evacuate Collection Set: 0.1ms
[2021-08-04T16:03:12.993-0900][gc,phases   ] GC(7)   Merge Heap Roots: 0.1ms
[2021-08-04T16:03:12.993-0900][gc,phases   ] GC(7)   Evacuate Collection Set: 3.2ms
[2021-08-04T16:03:12.993-0900][gc,phases   ] GC(7)   Post Evacuate Collection Set: 0.5ms
[2021-08-04T16:03:12.993-0900][gc,phases   ] GC(7)   Other: 5.8ms
[2021-08-04T16:03:12.993-0900][gc,heap     ] GC(7) Eden regions: 49->0(47)
[2021-08-04T16:03:12.993-0900][gc,heap     ] GC(7) Survivor regions: 2->4(7)
[2021-08-04T16:03:12.993-0900][gc,heap     ] GC(7) Old regions: 12->12
[2021-08-04T16:03:12.993-0900][gc,heap     ] GC(7) Archive regions: 2->2
[2021-08-04T16:03:12.993-0900][gc,heap     ] GC(7) Humongous regions: 129->129
[2021-08-04T16:03:12.993-0900][gc,metaspace] GC(7) Metaspace: 37076K(37888K)->37076K(37888K) NonClass: 32992K(33536K)->32992K(33536K) Class: 4083K(4352K)->4083K(4352K)
[2021-08-04T16:03:12.993-0900][gc          ] GC(7) Pause Young (Normal) (G1 Evacuation Pause) 192M->145M(1024M) 9.870ms
[2021-08-04T16:03:12.993-0900][gc,cpu      ] GC(7) User=0.03s Sys=0.00s Real=0.01s
[2021-08-04T16:15:34.803-0900][gc,start    ] GC(8) Pause Young (Normal) (G1 Evacuation Pause)
[2021-08-04T16:15:34.809-0900][gc,task     ] GC(8) Using 8 workers of 8 for evacuation
[2021-08-04T16:15:34.814-0900][gc,phases   ] GC(8)   Pre Evacuate Collection Set: 0.2ms
[2021-08-04T16:15:34.814-0900][gc,phases   ] GC(8)   Merge Heap Roots: 0.1ms
[2021-08-04T16:15:34.814-0900][gc,phases   ] GC(8)   Evacuate Collection Set: 4.3ms
[2021-08-04T16:15:34.814-0900][gc,phases   ] GC(8)   Post Evacuate Collection Set: 0.4ms
[2021-08-04T16:15:34.814-0900][gc,phases   ] GC(8)   Other: 6.0ms
[2021-08-04T16:15:34.814-0900][gc,heap     ] GC(8) Eden regions: 47->0(47)
[2021-08-04T16:15:34.814-0900][gc,heap     ] GC(8) Survivor regions: 4->5(7)
[2021-08-04T16:15:34.814-0900][gc,heap     ] GC(8) Old regions: 12->12
[2021-08-04T16:15:34.814-0900][gc,heap     ] GC(8) Archive regions: 2->2
[2021-08-04T16:15:34.814-0900][gc,heap     ] GC(8) Humongous regions: 129->129
[2021-08-04T16:15:34.814-0900][gc,metaspace] GC(8) Metaspace: 37218K(37888K)->37218K(37888K) NonClass: 33134K(33536K)->33134K(33536K) Class: 4083K(4352K)->4083K(4352K)
[2021-08-04T16:15:34.814-0900][gc          ] GC(8) Pause Young (Normal) (G1 Evacuation Pause) 192M->145M(1024M) 11.150ms
[2021-08-04T16:15:34.814-0900][gc,cpu      ] GC(8) User=0.03s Sys=0.00s Real=0.01s
[2021-08-04T16:28:34.564-0900][gc,start    ] GC(9) Pause Young (Normal) (G1 Evacuation Pause)
[2021-08-04T16:28:34.570-0900][gc,task     ] GC(9) Using 8 workers of 8 for evacuation
[2021-08-04T16:28:34.573-0900][gc,phases   ] GC(9)   Pre Evacuate Collection Set: 0.1ms
[2021-08-04T16:28:34.573-0900][gc,phases   ] GC(9)   Merge Heap Roots: 0.1ms
[2021-08-04T16:28:34.573-0900][gc,phases   ] GC(9)   Evacuate Collection Set: 3.0ms
[2021-08-04T16:28:34.574-0900][gc,phases   ] GC(9)   Post Evacuate Collection Set: 0.4ms
[2021-08-04T16:28:34.574-0900][gc,phases   ] GC(9)   Other: 6.0ms
[2021-08-04T16:28:34.574-0900][gc,heap     ] GC(9) Eden regions: 47->0(99)
[2021-08-04T16:28:34.574-0900][gc,heap     ] GC(9) Survivor regions: 5->3(7)
[2021-08-04T16:28:34.574-0900][gc,heap     ] GC(9) Old regions: 12->14
[2021-08-04T16:28:34.574-0900][gc,heap     ] GC(9) Archive regions: 2->2
[2021-08-04T16:28:34.574-0900][gc,heap     ] GC(9) Humongous regions: 129->129
[2021-08-04T16:28:34.574-0900][gc,metaspace] GC(9) Metaspace: 37248K(37888K)->37248K(37888K) NonClass: 33165K(33536K)->33165K(33536K) Class: 4083K(4352K)->4083K(4352K)
[2021-08-04T16:28:34.574-0900][gc          ] GC(9) Pause Young (Normal) (G1 Evacuation Pause) 192M->145M(1024M) 9.712ms
[2021-08-04T16:28:34.574-0900][gc,cpu      ] GC(9) User=0.03s Sys=0.00s Real=0.01s
[2021-08-04T16:56:23.217-0900][gc,start    ] GC(10) Pause Young (Normal) (G1 Evacuation Pause)
[2021-08-04T16:56:23.222-0900][gc,task     ] GC(10) Using 8 workers of 8 for evacuation
[2021-08-04T16:56:23.226-0900][gc,phases   ] GC(10)   Pre Evacuate Collection Set: 0.1ms
[2021-08-04T16:56:23.226-0900][gc,phases   ] GC(10)   Merge Heap Roots: 0.0ms
[2021-08-04T16:56:23.226-0900][gc,phases   ] GC(10)   Evacuate Collection Set: 3.0ms
[2021-08-04T16:56:23.226-0900][gc,phases   ] GC(10)   Post Evacuate Collection Set: 0.5ms
[2021-08-04T16:56:23.226-0900][gc,phases   ] GC(10)   Other: 5.9ms
[2021-08-04T16:56:23.226-0900][gc,heap     ] GC(10) Eden regions: 99->0(610)
[2021-08-04T16:56:23.226-0900][gc,heap     ] GC(10) Survivor regions: 3->4(13)
[2021-08-04T16:56:23.226-0900][gc,heap     ] GC(10) Old regions: 14->14
[2021-08-04T16:56:23.226-0900][gc,heap     ] GC(10) Archive regions: 2->2
[2021-08-04T16:56:23.226-0900][gc,heap     ] GC(10) Humongous regions: 129->129
[2021-08-04T16:56:23.226-0900][gc,metaspace] GC(10) Metaspace: 37364K(38144K)->37364K(38144K) NonClass: 33274K(33792K)->33274K(33792K) Class: 4089K(4352K)->4089K(4352K)
[2021-08-04T16:56:23.226-0900][gc          ] GC(10) Pause Young (Normal) (G1 Evacuation Pause) 244M->146M(1024M) 9.724ms
[2021-08-04T16:56:23.226-0900][gc,cpu      ] GC(10) User=0.01s Sys=0.00s Real=0.01s
[2021-08-04T19:55:57.677-0900][gc,heap,exit] Heap
[2021-08-04T19:55:57.683-0900][gc,heap,exit]  garbage-first heap   total 1048576K, used 645320K [0x00000007c0000000, 0x0000000800000000)
[2021-08-04T19:55:57.683-0900][gc,heap,exit]   region size 1024K, 490 young (501760K), 4 survivors (4096K)
[2021-08-04T19:55:57.683-0900][gc,heap,exit]  Metaspace       used 38090K, capacity 38611K, committed 38784K, reserved 1083392K
[2021-08-04T19:55:57.683-0900][gc,heap,exit]   class space    used 4214K, capacity 4407K, committed 4480K, reserved 1048576K
