[2021-08-02T13:13:06.023-0900][gc] Using G1
[2021-08-02T13:13:06.030-0900][gc,init] Version: 15.0.2+7-27 (release)
[2021-08-02T13:13:06.030-0900][gc,init] CPUs: 8 total, 8 available
[2021-08-02T13:13:06.030-0900][gc,init] Memory: 16384M
[2021-08-02T13:13:06.030-0900][gc,init] Large Page Support: Disabled
[2021-08-02T13:13:06.030-0900][gc,init] NUMA Support: Disabled
[2021-08-02T13:13:06.030-0900][gc,init] Compressed Oops: Enabled (Zero based)
[2021-08-02T13:13:06.030-0900][gc,init] Heap Region Size: 1M
[2021-08-02T13:13:06.030-0900][gc,init] Heap Min Capacity: 1G
[2021-08-02T13:13:06.030-0900][gc,init] Heap Initial Capacity: 1G
[2021-08-02T13:13:06.030-0900][gc,init] Heap Max Capacity: 1G
[2021-08-02T13:13:06.030-0900][gc,init] Pre-touch: Disabled
[2021-08-02T13:13:06.030-0900][gc,init] Parallel Workers: 8
[2021-08-02T13:13:06.030-0900][gc,init] Concurrent Workers: 2
[2021-08-02T13:13:06.030-0900][gc,init] Concurrent Refinement Workers: 8
[2021-08-02T13:13:06.030-0900][gc,init] Periodic GC: Disabled
[2021-08-02T13:13:06.030-0900][gc,cds ] Mark closed archive regions in map: [0x00000007fff00000, 0x00000007fff78ff8]
[2021-08-02T13:13:06.030-0900][gc,cds ] Mark open archive regions in map: [0x00000007ffe00000, 0x00000007ffe50ff8]
[2021-08-02T13:13:06.030-0900][gc,metaspace] CDS archive(s) mapped at: [0x0000000800000000-0x0000000800b2d000-0x0000000800b2d000), size 11718656, SharedBaseAddress: 0x0000000800000000, ArchiveRelocationMode: 0.
[2021-08-02T13:13:06.030-0900][gc,metaspace] Compressed class space mapped at: 0x0000000800b30000-0x0000000840b30000, size: 1073741824
[2021-08-02T13:13:06.030-0900][gc,metaspace] Narrow klass base: 0x0000000800000000, Narrow klass shift: 3, Narrow klass range: 0x100000000
[2021-08-02T13:13:07.419-0900][gc,start    ] GC(0) Pause Young (Normal) (G1 Evacuation Pause)
[2021-08-02T13:13:07.420-0900][gc,task     ] GC(0) Using 8 workers of 8 for evacuation
[2021-08-02T13:13:07.424-0900][gc,phases   ] GC(0)   Pre Evacuate Collection Set: 0.1ms
[2021-08-02T13:13:07.424-0900][gc,phases   ] GC(0)   Merge Heap Roots: 0.0ms
[2021-08-02T13:13:07.424-0900][gc,phases   ] GC(0)   Evacuate Collection Set: 3.4ms
[2021-08-02T13:13:07.424-0900][gc,phases   ] GC(0)   Post Evacuate Collection Set: 0.5ms
[2021-08-02T13:13:07.424-0900][gc,phases   ] GC(0)   Other: 0.4ms
[2021-08-02T13:13:07.424-0900][gc,heap     ] GC(0) Eden regions: 51->0(44)
[2021-08-02T13:13:07.424-0900][gc,heap     ] GC(0) Survivor regions: 0->7(7)
[2021-08-02T13:13:07.424-0900][gc,heap     ] GC(0) Old regions: 0->0
[2021-08-02T13:13:07.424-0900][gc,heap     ] GC(0) Archive regions: 2->2
[2021-08-02T13:13:07.424-0900][gc,heap     ] GC(0) Humongous regions: 0->0
[2021-08-02T13:13:07.424-0900][gc,metaspace] GC(0) Metaspace: 19010K(19712K)->19010K(19712K) NonClass: 16778K(17408K)->16778K(17408K) Class: 2232K(2304K)->2232K(2304K)
[2021-08-02T13:13:07.424-0900][gc          ] GC(0) Pause Young (Normal) (G1 Evacuation Pause) 51M->7M(1024M) 4.665ms
[2021-08-02T13:13:07.424-0900][gc,cpu      ] GC(0) User=0.02s Sys=0.01s Real=0.01s
[2021-08-02T13:13:07.534-0900][gc,start    ] GC(1) Pause Young (Concurrent Start) (Metadata GC Threshold)
[2021-08-02T13:13:07.535-0900][gc,task     ] GC(1) Using 8 workers of 8 for evacuation
[2021-08-02T13:13:07.540-0900][gc,phases   ] GC(1)   Pre Evacuate Collection Set: 0.1ms
[2021-08-02T13:13:07.540-0900][gc,phases   ] GC(1)   Merge Heap Roots: 0.0ms
[2021-08-02T13:13:07.540-0900][gc,phases   ] GC(1)   Evacuate Collection Set: 4.4ms
[2021-08-02T13:13:07.540-0900][gc,phases   ] GC(1)   Post Evacuate Collection Set: 0.3ms
[2021-08-02T13:13:07.540-0900][gc,phases   ] GC(1)   Other: 0.2ms
[2021-08-02T13:13:07.540-0900][gc,heap     ] GC(1) Eden regions: 6->0(50)
[2021-08-02T13:13:07.540-0900][gc,heap     ] GC(1) Survivor regions: 7->1(7)
[2021-08-02T13:13:07.540-0900][gc,heap     ] GC(1) Old regions: 0->7
[2021-08-02T13:13:07.540-0900][gc,heap     ] GC(1) Archive regions: 2->2
[2021-08-02T13:13:07.540-0900][gc,heap     ] GC(1) Humongous regions: 0->0
[2021-08-02T13:13:07.540-0900][gc,metaspace] GC(1) Metaspace: 20558K(21248K)->20558K(21248K) NonClass: 18158K(18688K)->18158K(18688K) Class: 2400K(2560K)->2400K(2560K)
[2021-08-02T13:13:07.540-0900][gc          ] GC(1) Pause Young (Concurrent Start) (Metadata GC Threshold) 12M->8M(1024M) 5.215ms
[2021-08-02T13:13:07.540-0900][gc,cpu      ] GC(1) User=0.02s Sys=0.01s Real=0.01s
[2021-08-02T13:13:07.540-0900][gc          ] GC(2) Concurrent Cycle
[2021-08-02T13:13:07.540-0900][gc,marking  ] GC(2) Concurrent Clear Claimed Marks
[2021-08-02T13:13:07.540-0900][gc,marking  ] GC(2) Concurrent Clear Claimed Marks 0.021ms
[2021-08-02T13:13:07.540-0900][gc,marking  ] GC(2) Concurrent Scan Root Regions
[2021-08-02T13:13:07.543-0900][gc,marking  ] GC(2) Concurrent Scan Root Regions 2.756ms
[2021-08-02T13:13:07.543-0900][gc,marking  ] GC(2) Concurrent Mark (1.535s)
[2021-08-02T13:13:07.543-0900][gc,marking  ] GC(2) Concurrent Mark From Roots
[2021-08-02T13:13:07.543-0900][gc,task     ] GC(2) Using 2 workers of 2 for marking
[2021-08-02T13:13:07.544-0900][gc,marking  ] GC(2) Concurrent Mark From Roots 1.302ms
[2021-08-02T13:13:07.544-0900][gc,marking  ] GC(2) Concurrent Preclean
[2021-08-02T13:13:07.544-0900][gc,marking  ] GC(2) Concurrent Preclean 0.071ms
[2021-08-02T13:13:07.544-0900][gc,marking  ] GC(2) Concurrent Mark (1.535s, 1.536s) 1.447ms
[2021-08-02T13:13:07.544-0900][gc,start    ] GC(2) Pause Remark
[2021-08-02T13:13:07.545-0900][gc          ] GC(2) Pause Remark 8M->8M(1024M) 0.775ms
[2021-08-02T13:13:07.545-0900][gc,cpu      ] GC(2) User=0.00s Sys=0.00s Real=0.00s
[2021-08-02T13:13:07.545-0900][gc,marking  ] GC(2) Concurrent Rebuild Remembered Sets
[2021-08-02T13:13:07.547-0900][gc,marking  ] GC(2) Concurrent Rebuild Remembered Sets 2.295ms
[2021-08-02T13:13:07.548-0900][gc,start    ] GC(2) Pause Cleanup
[2021-08-02T13:13:07.548-0900][gc          ] GC(2) Pause Cleanup 8M->8M(1024M) 0.140ms
[2021-08-02T13:13:07.548-0900][gc,cpu      ] GC(2) User=0.00s Sys=0.00s Real=0.00s
[2021-08-02T13:13:07.548-0900][gc,marking  ] GC(2) Concurrent Cleanup for Next Mark
[2021-08-02T13:13:07.553-0900][gc,marking  ] GC(2) Concurrent Cleanup for Next Mark 5.155ms
[2021-08-02T13:13:07.553-0900][gc          ] GC(2) Concurrent Cycle 13.485ms
[2021-08-02T13:13:08.519-0900][gc,start    ] GC(3) Pause Young (Normal) (G1 Evacuation Pause)
[2021-08-02T13:13:08.519-0900][gc,task     ] GC(3) Using 8 workers of 8 for evacuation
[2021-08-02T13:13:08.522-0900][gc,phases   ] GC(3)   Pre Evacuate Collection Set: 0.1ms
[2021-08-02T13:13:08.522-0900][gc,phases   ] GC(3)   Merge Heap Roots: 0.1ms
[2021-08-02T13:13:08.522-0900][gc,phases   ] GC(3)   Evacuate Collection Set: 2.3ms
[2021-08-02T13:13:08.522-0900][gc,phases   ] GC(3)   Post Evacuate Collection Set: 0.3ms
[2021-08-02T13:13:08.522-0900][gc,phases   ] GC(3)   Other: 0.1ms
[2021-08-02T13:13:08.522-0900][gc,heap     ] GC(3) Eden regions: 50->0(46)
[2021-08-02T13:13:08.522-0900][gc,heap     ] GC(3) Survivor regions: 1->5(7)
[2021-08-02T13:13:08.522-0900][gc,heap     ] GC(3) Old regions: 7->7
[2021-08-02T13:13:08.522-0900][gc,heap     ] GC(3) Archive regions: 2->2
[2021-08-02T13:13:08.522-0900][gc,heap     ] GC(3) Humongous regions: 129->129
[2021-08-02T13:13:08.522-0900][gc,metaspace] GC(3) Metaspace: 29215K(30208K)->29215K(30208K) NonClass: 26014K(26880K)->26014K(26880K) Class: 3200K(3328K)->3200K(3328K)
[2021-08-02T13:13:08.522-0900][gc          ] GC(3) Pause Young (Normal) (G1 Evacuation Pause) 187M->141M(1024M) 3.001ms
[2021-08-02T13:13:08.522-0900][gc,cpu      ] GC(3) User=0.02s Sys=0.00s Real=0.01s
[2021-08-02T13:13:08.982-0900][gc,start    ] GC(4) Pause Young (Concurrent Start) (Metadata GC Threshold)
[2021-08-02T13:13:08.982-0900][gc,task     ] GC(4) Using 8 workers of 8 for evacuation
[2021-08-02T13:13:08.993-0900][gc,phases   ] GC(4)   Pre Evacuate Collection Set: 0.1ms
[2021-08-02T13:13:08.994-0900][gc,phases   ] GC(4)   Merge Heap Roots: 0.1ms
[2021-08-02T13:13:08.994-0900][gc,phases   ] GC(4)   Evacuate Collection Set: 10.2ms
[2021-08-02T13:13:08.994-0900][gc,phases   ] GC(4)   Post Evacuate Collection Set: 0.9ms
[2021-08-02T13:13:08.994-0900][gc,phases   ] GC(4)   Other: 0.3ms
[2021-08-02T13:13:08.994-0900][gc,heap     ] GC(4) Eden regions: 45->0(49)
[2021-08-02T13:13:08.994-0900][gc,heap     ] GC(4) Survivor regions: 5->2(7)
[2021-08-02T13:13:08.994-0900][gc,heap     ] GC(4) Old regions: 7->12
[2021-08-02T13:13:08.994-0900][gc,heap     ] GC(4) Archive regions: 2->2
[2021-08-02T13:13:08.994-0900][gc,heap     ] GC(4) Humongous regions: 171->135
[2021-08-02T13:13:08.994-0900][gc,metaspace] GC(4) Metaspace: 34737K(35840K)->34737K(35840K) NonClass: 30908K(31744K)->30908K(31744K) Class: 3828K(4096K)->3828K(4096K)
[2021-08-02T13:13:08.994-0900][gc          ] GC(4) Pause Young (Concurrent Start) (Metadata GC Threshold) 227M->148M(1024M) 11.651ms
[2021-08-02T13:13:08.994-0900][gc,cpu      ] GC(4) User=0.03s Sys=0.00s Real=0.01s
[2021-08-02T13:13:08.994-0900][gc          ] GC(5) Concurrent Cycle
[2021-08-02T13:13:08.994-0900][gc,marking  ] GC(5) Concurrent Clear Claimed Marks
[2021-08-02T13:13:08.994-0900][gc,marking  ] GC(5) Concurrent Clear Claimed Marks 0.036ms
[2021-08-02T13:13:08.994-0900][gc,marking  ] GC(5) Concurrent Scan Root Regions
[2021-08-02T13:13:08.999-0900][gc,marking  ] GC(5) Concurrent Scan Root Regions 4.819ms
[2021-08-02T13:13:08.999-0900][gc,marking  ] GC(5) Concurrent Mark (2.991s)
[2021-08-02T13:13:08.999-0900][gc,marking  ] GC(5) Concurrent Mark From Roots
[2021-08-02T13:13:08.999-0900][gc,task     ] GC(5) Using 2 workers of 2 for marking
[2021-08-02T13:13:09.005-0900][gc,marking  ] GC(5) Concurrent Mark From Roots 6.575ms
[2021-08-02T13:13:09.005-0900][gc,marking  ] GC(5) Concurrent Preclean
[2021-08-02T13:13:09.005-0900][gc,marking  ] GC(5) Concurrent Preclean 0.081ms
[2021-08-02T13:13:09.005-0900][gc,marking  ] GC(5) Concurrent Mark (2.991s, 2.998s) 6.719ms
[2021-08-02T13:13:09.006-0900][gc,start    ] GC(5) Pause Remark
[2021-08-02T13:13:09.007-0900][gc          ] GC(5) Pause Remark 149M->149M(1024M) 1.450ms
[2021-08-02T13:13:09.007-0900][gc,cpu      ] GC(5) User=0.01s Sys=0.00s Real=0.00s
[2021-08-02T13:13:09.007-0900][gc,marking  ] GC(5) Concurrent Rebuild Remembered Sets
[2021-08-02T13:13:09.013-0900][gc,marking  ] GC(5) Concurrent Rebuild Remembered Sets 5.284ms
[2021-08-02T13:13:09.013-0900][gc,start    ] GC(5) Pause Cleanup
[2021-08-02T13:13:09.013-0900][gc          ] GC(5) Pause Cleanup 149M->149M(1024M) 0.174ms
[2021-08-02T13:13:09.013-0900][gc,cpu      ] GC(5) User=0.00s Sys=0.00s Real=0.00s
[2021-08-02T13:13:09.013-0900][gc,marking  ] GC(5) Concurrent Cleanup for Next Mark
[2021-08-02T13:13:09.019-0900][gc,marking  ] GC(5) Concurrent Cleanup for Next Mark 5.535ms
[2021-08-02T13:13:09.019-0900][gc          ] GC(5) Concurrent Cycle 24.984ms
[2021-08-02T13:18:08.834-0900][gc,start    ] GC(6) Pause Young (Normal) (G1 Evacuation Pause)
[2021-08-02T13:18:08.834-0900][gc,task     ] GC(6) Using 8 workers of 8 for evacuation
[2021-08-02T13:18:08.838-0900][gc,phases   ] GC(6)   Pre Evacuate Collection Set: 0.1ms
[2021-08-02T13:18:08.838-0900][gc,phases   ] GC(6)   Merge Heap Roots: 0.0ms
[2021-08-02T13:18:08.838-0900][gc,phases   ] GC(6)   Evacuate Collection Set: 3.1ms
[2021-08-02T13:18:08.838-0900][gc,phases   ] GC(6)   Post Evacuate Collection Set: 0.4ms
[2021-08-02T13:18:08.838-0900][gc,phases   ] GC(6)   Other: 0.4ms
[2021-08-02T13:18:08.838-0900][gc,heap     ] GC(6) Eden regions: 49->0(47)
[2021-08-02T13:18:08.838-0900][gc,heap     ] GC(6) Survivor regions: 2->4(7)
[2021-08-02T13:18:08.838-0900][gc,heap     ] GC(6) Old regions: 12->12
[2021-08-02T13:18:08.838-0900][gc,heap     ] GC(6) Archive regions: 2->2
[2021-08-02T13:18:08.838-0900][gc,heap     ] GC(6) Humongous regions: 135->129
[2021-08-02T13:18:08.838-0900][gc,metaspace] GC(6) Metaspace: 37708K(38784K)->37708K(38784K) NonClass: 33527K(34304K)->33527K(34304K) Class: 4181K(4480K)->4181K(4480K)
[2021-08-02T13:18:08.838-0900][gc          ] GC(6) Pause Young (Normal) (G1 Evacuation Pause) 197M->144M(1024M) 4.157ms
[2021-08-02T13:18:08.838-0900][gc,cpu      ] GC(6) User=0.02s Sys=0.00s Real=0.00s
[2021-08-02T13:36:56.184-0900][gc,start    ] GC(7) Pause Young (Normal) (G1 Evacuation Pause)
[2021-08-02T13:36:56.184-0900][gc,task     ] GC(7) Using 8 workers of 8 for evacuation
[2021-08-02T13:36:56.189-0900][gc,phases   ] GC(7)   Pre Evacuate Collection Set: 0.1ms
[2021-08-02T13:36:56.189-0900][gc,phases   ] GC(7)   Merge Heap Roots: 0.1ms
[2021-08-02T13:36:56.189-0900][gc,phases   ] GC(7)   Evacuate Collection Set: 3.5ms
[2021-08-02T13:36:56.189-0900][gc,phases   ] GC(7)   Post Evacuate Collection Set: 0.4ms
[2021-08-02T13:36:56.189-0900][gc,phases   ] GC(7)   Other: 0.6ms
[2021-08-02T13:36:56.189-0900][gc,heap     ] GC(7) Eden regions: 47->0(47)
[2021-08-02T13:36:56.189-0900][gc,heap     ] GC(7) Survivor regions: 4->4(7)
[2021-08-02T13:36:56.189-0900][gc,heap     ] GC(7) Old regions: 12->13
[2021-08-02T13:36:56.189-0900][gc,heap     ] GC(7) Archive regions: 2->2
[2021-08-02T13:36:56.189-0900][gc,heap     ] GC(7) Humongous regions: 129->129
[2021-08-02T13:36:56.189-0900][gc,metaspace] GC(7) Metaspace: 37993K(39040K)->37993K(39040K) NonClass: 33795K(34560K)->33795K(34560K) Class: 4197K(4480K)->4197K(4480K)
[2021-08-02T13:36:56.189-0900][gc          ] GC(7) Pause Young (Normal) (G1 Evacuation Pause) 191M->145M(1024M) 4.880ms
[2021-08-02T13:36:56.189-0900][gc,cpu      ] GC(7) User=0.02s Sys=0.00s Real=0.00s
[2021-08-02T14:53:55.956-0900][gc,start    ] GC(8) Pause Young (Normal) (G1 Evacuation Pause)
[2021-08-02T14:53:55.957-0900][gc,task     ] GC(8) Using 8 workers of 8 for evacuation
[2021-08-02T14:53:55.961-0900][gc,phases   ] GC(8)   Pre Evacuate Collection Set: 0.1ms
[2021-08-02T14:53:55.961-0900][gc,phases   ] GC(8)   Merge Heap Roots: 0.1ms
[2021-08-02T14:53:55.961-0900][gc,phases   ] GC(8)   Evacuate Collection Set: 3.5ms
[2021-08-02T14:53:55.961-0900][gc,phases   ] GC(8)   Post Evacuate Collection Set: 0.4ms
[2021-08-02T14:53:55.961-0900][gc,phases   ] GC(8)   Other: 0.5ms
[2021-08-02T14:53:55.961-0900][gc,heap     ] GC(8) Eden regions: 47->0(56)
[2021-08-02T14:53:55.961-0900][gc,heap     ] GC(8) Survivor regions: 4->4(7)
[2021-08-02T14:53:55.961-0900][gc,heap     ] GC(8) Old regions: 13->13
[2021-08-02T14:53:55.961-0900][gc,heap     ] GC(8) Archive regions: 2->2
[2021-08-02T14:53:55.961-0900][gc,heap     ] GC(8) Humongous regions: 129->129
[2021-08-02T14:53:55.961-0900][gc,metaspace] GC(8) Metaspace: 38078K(39296K)->38078K(39296K) NonClass: 33880K(34816K)->33880K(34816K) Class: 4197K(4480K)->4197K(4480K)
[2021-08-02T14:53:55.961-0900][gc          ] GC(8) Pause Young (Normal) (G1 Evacuation Pause) 192M->146M(1024M) 4.828ms
[2021-08-02T14:53:55.961-0900][gc,cpu      ] GC(8) User=0.02s Sys=0.00s Real=0.01s
[2021-08-02T15:09:59.451-0900][gc,start    ] GC(9) Pause Young (Normal) (G1 Evacuation Pause)
[2021-08-02T15:09:59.457-0900][gc,task     ] GC(9) Using 8 workers of 8 for evacuation
[2021-08-02T15:09:59.462-0900][gc,phases   ] GC(9)   Pre Evacuate Collection Set: 0.2ms
[2021-08-02T15:09:59.462-0900][gc,phases   ] GC(9)   Merge Heap Roots: 0.1ms
[2021-08-02T15:09:59.462-0900][gc,phases   ] GC(9)   Evacuate Collection Set: 4.5ms
[2021-08-02T15:09:59.462-0900][gc,phases   ] GC(9)   Post Evacuate Collection Set: 0.5ms
[2021-08-02T15:09:59.462-0900][gc,phases   ] GC(9)   Other: 6.1ms
[2021-08-02T15:09:59.463-0900][gc,heap     ] GC(9) Eden regions: 56->0(232)
[2021-08-02T15:09:59.463-0900][gc,heap     ] GC(9) Survivor regions: 4->4(8)
[2021-08-02T15:09:59.463-0900][gc,heap     ] GC(9) Old regions: 13->13
[2021-08-02T15:09:59.463-0900][gc,heap     ] GC(9) Archive regions: 2->2
[2021-08-02T15:09:59.463-0900][gc,heap     ] GC(9) Humongous regions: 129->129
[2021-08-02T15:09:59.463-0900][gc,metaspace] GC(9) Metaspace: 38128K(39296K)->38128K(39296K) NonClass: 33930K(34816K)->33930K(34816K) Class: 4197K(4480K)->4197K(4480K)
[2021-08-02T15:09:59.463-0900][gc          ] GC(9) Pause Young (Normal) (G1 Evacuation Pause) 202M->146M(1024M) 11.629ms
[2021-08-02T15:09:59.463-0900][gc,cpu      ] GC(9) User=0.03s Sys=0.01s Real=0.01s
[2021-08-02T15:31:15.299-0900][gc,start    ] GC(10) Pause Young (Normal) (G1 Evacuation Pause)
[2021-08-02T15:31:15.299-0900][gc,task     ] GC(10) Using 8 workers of 8 for evacuation
[2021-08-02T15:31:15.306-0900][gc,phases   ] GC(10)   Pre Evacuate Collection Set: 0.1ms
[2021-08-02T15:31:15.306-0900][gc,phases   ] GC(10)   Merge Heap Roots: 0.1ms
[2021-08-02T15:31:15.306-0900][gc,phases   ] GC(10)   Evacuate Collection Set: 5.9ms
[2021-08-02T15:31:15.306-0900][gc,phases   ] GC(10)   Post Evacuate Collection Set: 0.6ms
[2021-08-02T15:31:15.306-0900][gc,phases   ] GC(10)   Other: 0.5ms
[2021-08-02T15:31:15.306-0900][gc,heap     ] GC(10) Eden regions: 232->0(117)
[2021-08-02T15:31:15.306-0900][gc,heap     ] GC(10) Survivor regions: 4->7(30)
[2021-08-02T15:31:15.306-0900][gc,heap     ] GC(10) Old regions: 13->13
[2021-08-02T15:31:15.306-0900][gc,heap     ] GC(10) Archive regions: 2->2
[2021-08-02T15:31:15.306-0900][gc,heap     ] GC(10) Humongous regions: 129->129
[2021-08-02T15:31:15.306-0900][gc,metaspace] GC(10) Metaspace: 38744K(39808K)->38744K(39808K) NonClass: 34539K(35328K)->34539K(35328K) Class: 4205K(4480K)->4205K(4480K)
[2021-08-02T15:31:15.306-0900][gc          ] GC(10) Pause Young (Normal) (G1 Evacuation Pause) 378M->148M(1024M) 7.330ms
[2021-08-02T15:31:15.306-0900][gc,cpu      ] GC(10) User=0.03s Sys=0.00s Real=0.01s
[2021-08-02T15:44:13.650-0900][gc,start    ] GC(11) Pause Young (Normal) (G1 Evacuation Pause)
[2021-08-02T15:44:13.650-0900][gc,task     ] GC(11) Using 8 workers of 8 for evacuation
[2021-08-02T15:44:13.655-0900][gc,phases   ] GC(11)   Pre Evacuate Collection Set: 0.1ms
[2021-08-02T15:44:13.655-0900][gc,phases   ] GC(11)   Merge Heap Roots: 0.1ms
[2021-08-02T15:44:13.655-0900][gc,phases   ] GC(11)   Evacuate Collection Set: 4.2ms
[2021-08-02T15:44:13.655-0900][gc,phases   ] GC(11)   Post Evacuate Collection Set: 0.5ms
[2021-08-02T15:44:13.655-0900][gc,phases   ] GC(11)   Other: 0.4ms
[2021-08-02T15:44:13.655-0900][gc,heap     ] GC(11) Eden regions: 117->0(261)
[2021-08-02T15:44:13.655-0900][gc,heap     ] GC(11) Survivor regions: 7->7(16)
[2021-08-02T15:44:13.655-0900][gc,heap     ] GC(11) Old regions: 13->13
[2021-08-02T15:44:13.655-0900][gc,heap     ] GC(11) Archive regions: 2->2
[2021-08-02T15:44:13.655-0900][gc,heap     ] GC(11) Humongous regions: 129->129
[2021-08-02T15:44:13.655-0900][gc,metaspace] GC(11) Metaspace: 38784K(40064K)->38784K(40064K) NonClass: 34578K(35584K)->34578K(35584K) Class: 4205K(4480K)->4205K(4480K)
[2021-08-02T15:44:13.655-0900][gc          ] GC(11) Pause Young (Normal) (G1 Evacuation Pause) 265M->148M(1024M) 5.527ms
[2021-08-02T15:44:13.655-0900][gc,cpu      ] GC(11) User=0.03s Sys=0.00s Real=0.00s
[2021-08-02T16:17:36.995-0900][gc,start    ] GC(12) Pause Young (Normal) (G1 Evacuation Pause)
[2021-08-02T16:17:37.001-0900][gc,task     ] GC(12) Using 8 workers of 8 for evacuation
[2021-08-02T16:17:37.008-0900][gc,phases   ] GC(12)   Pre Evacuate Collection Set: 0.1ms
[2021-08-02T16:17:37.008-0900][gc,phases   ] GC(12)   Merge Heap Roots: 0.1ms
[2021-08-02T16:17:37.008-0900][gc,phases   ] GC(12)   Evacuate Collection Set: 5.5ms
[2021-08-02T16:17:37.008-0900][gc,phases   ] GC(12)   Post Evacuate Collection Set: 0.6ms
[2021-08-02T16:17:37.008-0900][gc,phases   ] GC(12)   Other: 6.0ms
[2021-08-02T16:17:37.008-0900][gc,heap     ] GC(12) Eden regions: 261->0(607)
[2021-08-02T16:17:37.008-0900][gc,heap     ] GC(12) Survivor regions: 7->7(34)
[2021-08-02T16:17:37.008-0900][gc,heap     ] GC(12) Old regions: 13->13
[2021-08-02T16:17:37.008-0900][gc,heap     ] GC(12) Archive regions: 2->2
[2021-08-02T16:17:37.008-0900][gc,heap     ] GC(12) Humongous regions: 129->129
[2021-08-02T16:17:37.008-0900][gc,metaspace] GC(12) Metaspace: 39030K(40064K)->39030K(40064K) NonClass: 34779K(35584K)->34779K(35584K) Class: 4251K(4480K)->4251K(4480K)
[2021-08-02T16:17:37.008-0900][gc          ] GC(12) Pause Young (Normal) (G1 Evacuation Pause) 409M->148M(1024M) 12.421ms
[2021-08-02T16:17:37.008-0900][gc,cpu      ] GC(12) User=0.03s Sys=0.01s Real=0.01s
[2021-08-02T17:37:54.500-0900][gc,start    ] GC(13) Pause Young (Normal) (G1 Evacuation Pause)
[2021-08-02T17:37:54.506-0900][gc,task     ] GC(13) Using 8 workers of 8 for evacuation
[2021-08-02T17:37:54.522-0900][gc,phases   ] GC(13)   Pre Evacuate Collection Set: 1.6ms
[2021-08-02T17:37:54.522-0900][gc,phases   ] GC(13)   Merge Heap Roots: 0.2ms
[2021-08-02T17:37:54.522-0900][gc,phases   ] GC(13)   Evacuate Collection Set: 12.6ms
[2021-08-02T17:37:54.522-0900][gc,phases   ] GC(13)   Post Evacuate Collection Set: 1.3ms
[2021-08-02T17:37:54.522-0900][gc,phases   ] GC(13)   Other: 6.3ms
[2021-08-02T17:37:54.522-0900][gc,heap     ] GC(13) Eden regions: 607->0(446)
[2021-08-02T17:37:54.522-0900][gc,heap     ] GC(13) Survivor regions: 7->8(77)
[2021-08-02T17:37:54.522-0900][gc,heap     ] GC(13) Old regions: 13->13
[2021-08-02T17:37:54.522-0900][gc,heap     ] GC(13) Archive regions: 2->2
[2021-08-02T17:37:54.522-0900][gc,heap     ] GC(13) Humongous regions: 129->129
[2021-08-02T17:37:54.522-0900][gc,metaspace] GC(13) Metaspace: 39241K(40320K)->39241K(40320K) NonClass: 34989K(35840K)->34989K(35840K) Class: 4251K(4480K)->4251K(4480K)
[2021-08-02T17:37:54.522-0900][gc          ] GC(13) Pause Young (Normal) (G1 Evacuation Pause) 755M->150M(1024M) 22.115ms
[2021-08-02T17:37:54.522-0900][gc,cpu      ] GC(13) User=0.05s Sys=0.04s Real=0.02s
[2021-08-02T19:18:22.304-0900][gc,heap,exit] Heap
[2021-08-02T19:18:22.310-0900][gc,heap,exit]  garbage-first heap   total 1048576K, used 567417K [0x00000007c0000000, 0x0000000800000000)
[2021-08-02T19:18:22.310-0900][gc,heap,exit]   region size 1024K, 414 young (423936K), 8 survivors (8192K)
[2021-08-02T19:18:22.310-0900][gc,heap,exit]  Metaspace       used 39746K, capacity 40311K, committed 40960K, reserved 1085440K
[2021-08-02T19:18:22.310-0900][gc,heap,exit]   class space    used 4366K, capacity 4583K, committed 4608K, reserved 1048576K
