[2021-08-11T13:11:13.597-0900][gc] Using G1
[2021-08-11T13:11:13.603-0900][gc,init] Version: 15.0.2+7-27 (release)
[2021-08-11T13:11:13.603-0900][gc,init] CPUs: 8 total, 8 available
[2021-08-11T13:11:13.603-0900][gc,init] Memory: 16384M
[2021-08-11T13:11:13.603-0900][gc,init] Large Page Support: Disabled
[2021-08-11T13:11:13.603-0900][gc,init] NUMA Support: Disabled
[2021-08-11T13:11:13.603-0900][gc,init] Compressed Oops: Enabled (Zero based)
[2021-08-11T13:11:13.603-0900][gc,init] Heap Region Size: 1M
[2021-08-11T13:11:13.603-0900][gc,init] Heap Min Capacity: 1G
[2021-08-11T13:11:13.603-0900][gc,init] Heap Initial Capacity: 1G
[2021-08-11T13:11:13.603-0900][gc,init] Heap Max Capacity: 1G
[2021-08-11T13:11:13.603-0900][gc,init] Pre-touch: Disabled
[2021-08-11T13:11:13.603-0900][gc,init] Parallel Workers: 8
[2021-08-11T13:11:13.603-0900][gc,init] Concurrent Workers: 2
[2021-08-11T13:11:13.603-0900][gc,init] Concurrent Refinement Workers: 8
[2021-08-11T13:11:13.603-0900][gc,init] Periodic GC: Disabled
[2021-08-11T13:11:13.604-0900][gc,cds ] Mark closed archive regions in map: [0x00000007fff00000, 0x00000007fff78ff8]
[2021-08-11T13:11:13.604-0900][gc,cds ] Mark open archive regions in map: [0x00000007ffe00000, 0x00000007ffe50ff8]
[2021-08-11T13:11:13.604-0900][gc,metaspace] CDS archive(s) mapped at: [0x0000000800000000-0x0000000800b2d000-0x0000000800b2d000), size 11718656, SharedBaseAddress: 0x0000000800000000, ArchiveRelocationMode: 0.
[2021-08-11T13:11:13.604-0900][gc,metaspace] Compressed class space mapped at: 0x0000000800b30000-0x0000000840b30000, size: 1073741824
[2021-08-11T13:11:13.604-0900][gc,metaspace] Narrow klass base: 0x0000000800000000, Narrow klass shift: 3, Narrow klass range: 0x100000000
[2021-08-11T13:11:15.048-0900][gc,start    ] GC(0) Pause Young (Normal) (G1 Evacuation Pause)
[2021-08-11T13:11:15.048-0900][gc,task     ] GC(0) Using 8 workers of 8 for evacuation
[2021-08-11T13:11:15.053-0900][gc,phases   ] GC(0)   Pre Evacuate Collection Set: 0.1ms
[2021-08-11T13:11:15.053-0900][gc,phases   ] GC(0)   Merge Heap Roots: 0.0ms
[2021-08-11T13:11:15.053-0900][gc,phases   ] GC(0)   Evacuate Collection Set: 4.2ms
[2021-08-11T13:11:15.053-0900][gc,phases   ] GC(0)   Post Evacuate Collection Set: 0.4ms
[2021-08-11T13:11:15.053-0900][gc,phases   ] GC(0)   Other: 0.5ms
[2021-08-11T13:11:15.053-0900][gc,heap     ] GC(0) Eden regions: 51->0(44)
[2021-08-11T13:11:15.053-0900][gc,heap     ] GC(0) Survivor regions: 0->7(7)
[2021-08-11T13:11:15.053-0900][gc,heap     ] GC(0) Old regions: 0->0
[2021-08-11T13:11:15.053-0900][gc,heap     ] GC(0) Archive regions: 2->2
[2021-08-11T13:11:15.053-0900][gc,heap     ] GC(0) Humongous regions: 0->0
[2021-08-11T13:11:15.053-0900][gc,metaspace] GC(0) Metaspace: 19025K(19712K)->19025K(19712K) NonClass: 16790K(17408K)->16790K(17408K) Class: 2235K(2304K)->2235K(2304K)
[2021-08-11T13:11:15.053-0900][gc          ] GC(0) Pause Young (Normal) (G1 Evacuation Pause) 51M->7M(1024M) 5.453ms
[2021-08-11T13:11:15.053-0900][gc,cpu      ] GC(0) User=0.02s Sys=0.01s Real=0.01s
[2021-08-11T13:11:15.188-0900][gc,start    ] GC(1) Pause Young (Concurrent Start) (Metadata GC Threshold)
[2021-08-11T13:11:15.188-0900][gc,task     ] GC(1) Using 8 workers of 8 for evacuation
[2021-08-11T13:11:15.195-0900][gc,phases   ] GC(1)   Pre Evacuate Collection Set: 0.1ms
[2021-08-11T13:11:15.195-0900][gc,phases   ] GC(1)   Merge Heap Roots: 0.0ms
[2021-08-11T13:11:15.195-0900][gc,phases   ] GC(1)   Evacuate Collection Set: 6.7ms
[2021-08-11T13:11:15.196-0900][gc,phases   ] GC(1)   Post Evacuate Collection Set: 0.6ms
[2021-08-11T13:11:15.196-0900][gc,phases   ] GC(1)   Other: 0.2ms
[2021-08-11T13:11:15.196-0900][gc,heap     ] GC(1) Eden regions: 6->0(50)
[2021-08-11T13:11:15.196-0900][gc,heap     ] GC(1) Survivor regions: 7->1(7)
[2021-08-11T13:11:15.196-0900][gc,heap     ] GC(1) Old regions: 0->7
[2021-08-11T13:11:15.196-0900][gc,heap     ] GC(1) Archive regions: 2->2
[2021-08-11T13:11:15.196-0900][gc,heap     ] GC(1) Humongous regions: 0->0
[2021-08-11T13:11:15.196-0900][gc,metaspace] GC(1) Metaspace: 20579K(21248K)->20579K(21248K) NonClass: 18177K(18688K)->18177K(18688K) Class: 2402K(2560K)->2402K(2560K)
[2021-08-11T13:11:15.196-0900][gc          ] GC(1) Pause Young (Concurrent Start) (Metadata GC Threshold) 12M->8M(1024M) 7.889ms
[2021-08-11T13:11:15.196-0900][gc,cpu      ] GC(1) User=0.03s Sys=0.01s Real=0.01s
[2021-08-11T13:11:15.196-0900][gc          ] GC(2) Concurrent Cycle
[2021-08-11T13:11:15.196-0900][gc,marking  ] GC(2) Concurrent Clear Claimed Marks
[2021-08-11T13:11:15.196-0900][gc,marking  ] GC(2) Concurrent Clear Claimed Marks 0.020ms
[2021-08-11T13:11:15.196-0900][gc,marking  ] GC(2) Concurrent Scan Root Regions
[2021-08-11T13:11:15.199-0900][gc,marking  ] GC(2) Concurrent Scan Root Regions 2.707ms
[2021-08-11T13:11:15.199-0900][gc,marking  ] GC(2) Concurrent Mark (1.618s)
[2021-08-11T13:11:15.199-0900][gc,marking  ] GC(2) Concurrent Mark From Roots
[2021-08-11T13:11:15.199-0900][gc,task     ] GC(2) Using 2 workers of 2 for marking
[2021-08-11T13:11:15.200-0900][gc,marking  ] GC(2) Concurrent Mark From Roots 1.144ms
[2021-08-11T13:11:15.200-0900][gc,marking  ] GC(2) Concurrent Preclean
[2021-08-11T13:11:15.200-0900][gc,marking  ] GC(2) Concurrent Preclean 0.045ms
[2021-08-11T13:11:15.200-0900][gc,marking  ] GC(2) Concurrent Mark (1.618s, 1.619s) 1.305ms
[2021-08-11T13:11:15.200-0900][gc,start    ] GC(2) Pause Remark
[2021-08-11T13:11:15.201-0900][gc          ] GC(2) Pause Remark 8M->8M(1024M) 0.936ms
[2021-08-11T13:11:15.201-0900][gc,cpu      ] GC(2) User=0.00s Sys=0.00s Real=0.00s
[2021-08-11T13:11:15.201-0900][gc,marking  ] GC(2) Concurrent Rebuild Remembered Sets
[2021-08-11T13:11:15.203-0900][gc,marking  ] GC(2) Concurrent Rebuild Remembered Sets 2.278ms
[2021-08-11T13:11:15.204-0900][gc,start    ] GC(2) Pause Cleanup
[2021-08-11T13:11:15.204-0900][gc          ] GC(2) Pause Cleanup 8M->8M(1024M) 0.122ms
[2021-08-11T13:11:15.204-0900][gc,cpu      ] GC(2) User=0.00s Sys=0.00s Real=0.00s
[2021-08-11T13:11:15.204-0900][gc,marking  ] GC(2) Concurrent Cleanup for Next Mark
[2021-08-11T13:11:15.211-0900][gc,marking  ] GC(2) Concurrent Cleanup for Next Mark 6.654ms
[2021-08-11T13:11:15.211-0900][gc          ] GC(2) Concurrent Cycle 14.950ms
[2021-08-11T13:11:16.389-0900][gc,start    ] GC(3) Pause Young (Normal) (G1 Evacuation Pause)
[2021-08-11T13:11:16.389-0900][gc,task     ] GC(3) Using 8 workers of 8 for evacuation
[2021-08-11T13:11:16.393-0900][gc,phases   ] GC(3)   Pre Evacuate Collection Set: 0.1ms
[2021-08-11T13:11:16.394-0900][gc,phases   ] GC(3)   Merge Heap Roots: 0.1ms
[2021-08-11T13:11:16.394-0900][gc,phases   ] GC(3)   Evacuate Collection Set: 3.8ms
[2021-08-11T13:11:16.394-0900][gc,phases   ] GC(3)   Post Evacuate Collection Set: 0.5ms
[2021-08-11T13:11:16.394-0900][gc,phases   ] GC(3)   Other: 0.2ms
[2021-08-11T13:11:16.394-0900][gc,heap     ] GC(3) Eden regions: 50->0(45)
[2021-08-11T13:11:16.394-0900][gc,heap     ] GC(3) Survivor regions: 1->6(7)
[2021-08-11T13:11:16.394-0900][gc,heap     ] GC(3) Old regions: 7->7
[2021-08-11T13:11:16.394-0900][gc,heap     ] GC(3) Archive regions: 2->2
[2021-08-11T13:11:16.394-0900][gc,heap     ] GC(3) Humongous regions: 129->129
[2021-08-11T13:11:16.394-0900][gc,metaspace] GC(3) Metaspace: 30127K(31104K)->30127K(31104K) NonClass: 26831K(27648K)->26831K(27648K) Class: 3295K(3456K)->3295K(3456K)
[2021-08-11T13:11:16.394-0900][gc          ] GC(3) Pause Young (Normal) (G1 Evacuation Pause) 187M->141M(1024M) 4.897ms
[2021-08-11T13:11:16.394-0900][gc,cpu      ] GC(3) User=0.02s Sys=0.00s Real=0.01s
[2021-08-11T13:11:21.032-0900][gc,start    ] GC(4) Pause Young (Concurrent Start) (Metadata GC Threshold)
[2021-08-11T13:11:21.032-0900][gc,task     ] GC(4) Using 8 workers of 8 for evacuation
[2021-08-11T13:11:21.044-0900][gc,phases   ] GC(4)   Pre Evacuate Collection Set: 0.2ms
[2021-08-11T13:11:21.044-0900][gc,phases   ] GC(4)   Merge Heap Roots: 0.1ms
[2021-08-11T13:11:21.044-0900][gc,phases   ] GC(4)   Evacuate Collection Set: 9.0ms
[2021-08-11T13:11:21.044-0900][gc,phases   ] GC(4)   Post Evacuate Collection Set: 2.0ms
[2021-08-11T13:11:21.044-0900][gc,phases   ] GC(4)   Other: 0.5ms
[2021-08-11T13:11:21.044-0900][gc,heap     ] GC(4) Eden regions: 31->0(49)
[2021-08-11T13:11:21.044-0900][gc,heap     ] GC(4) Survivor regions: 6->2(7)
[2021-08-11T13:11:21.044-0900][gc,heap     ] GC(4) Old regions: 7->12
[2021-08-11T13:11:21.044-0900][gc,heap     ] GC(4) Archive regions: 2->2
[2021-08-11T13:11:21.044-0900][gc,heap     ] GC(4) Humongous regions: 159->129
[2021-08-11T13:11:21.044-0900][gc,metaspace] GC(4) Metaspace: 34848K(35840K)->34848K(35840K) NonClass: 30970K(31744K)->30970K(31744K) Class: 3877K(4096K)->3877K(4096K)
[2021-08-11T13:11:21.044-0900][gc          ] GC(4) Pause Young (Concurrent Start) (Metadata GC Threshold) 201M->143M(1024M) 11.892ms
[2021-08-11T13:11:21.044-0900][gc,cpu      ] GC(4) User=0.05s Sys=0.00s Real=0.01s
[2021-08-11T13:11:21.044-0900][gc          ] GC(5) Concurrent Cycle
[2021-08-11T13:11:21.044-0900][gc,marking  ] GC(5) Concurrent Clear Claimed Marks
[2021-08-11T13:11:21.044-0900][gc,marking  ] GC(5) Concurrent Clear Claimed Marks 0.048ms
[2021-08-11T13:11:21.044-0900][gc,marking  ] GC(5) Concurrent Scan Root Regions
[2021-08-11T13:11:21.050-0900][gc,marking  ] GC(5) Concurrent Scan Root Regions 5.471ms
[2021-08-11T13:11:21.050-0900][gc,marking  ] GC(5) Concurrent Mark (7.469s)
[2021-08-11T13:11:21.050-0900][gc,marking  ] GC(5) Concurrent Mark From Roots
[2021-08-11T13:11:21.050-0900][gc,task     ] GC(5) Using 2 workers of 2 for marking
[2021-08-11T13:11:21.067-0900][gc,marking  ] GC(5) Concurrent Mark From Roots 17.035ms
[2021-08-11T13:11:21.067-0900][gc,marking  ] GC(5) Concurrent Preclean
[2021-08-11T13:11:21.067-0900][gc,marking  ] GC(5) Concurrent Preclean 0.189ms
[2021-08-11T13:11:21.067-0900][gc,marking  ] GC(5) Concurrent Mark (7.469s, 7.486s) 17.360ms
[2021-08-11T13:11:21.068-0900][gc,start    ] GC(5) Pause Remark
[2021-08-11T13:11:21.071-0900][gc          ] GC(5) Pause Remark 144M->144M(1024M) 3.498ms
[2021-08-11T13:11:21.071-0900][gc,cpu      ] GC(5) User=0.01s Sys=0.00s Real=0.01s
[2021-08-11T13:11:21.074-0900][gc,marking  ] GC(5) Concurrent Rebuild Remembered Sets
[2021-08-11T13:11:21.084-0900][gc,marking  ] GC(5) Concurrent Rebuild Remembered Sets 10.626ms
[2021-08-11T13:11:21.085-0900][gc,start    ] GC(5) Pause Cleanup
[2021-08-11T13:11:21.085-0900][gc          ] GC(5) Pause Cleanup 144M->144M(1024M) 0.251ms
[2021-08-11T13:11:21.085-0900][gc,cpu      ] GC(5) User=0.00s Sys=0.00s Real=0.00s
[2021-08-11T13:11:21.085-0900][gc,marking  ] GC(5) Concurrent Cleanup for Next Mark
[2021-08-11T13:11:21.101-0900][gc,marking  ] GC(5) Concurrent Cleanup for Next Mark 15.822ms
[2021-08-11T13:11:21.101-0900][gc          ] GC(5) Concurrent Cycle 57.021ms
[2021-08-11T13:19:45.663-0900][gc,start    ] GC(6) Pause Young (Normal) (G1 Evacuation Pause)
[2021-08-11T13:19:45.668-0900][gc,task     ] GC(6) Using 8 workers of 8 for evacuation
[2021-08-11T13:19:45.673-0900][gc,phases   ] GC(6)   Pre Evacuate Collection Set: 0.2ms
[2021-08-11T13:19:45.673-0900][gc,phases   ] GC(6)   Merge Heap Roots: 0.1ms
[2021-08-11T13:19:45.673-0900][gc,phases   ] GC(6)   Evacuate Collection Set: 3.8ms
[2021-08-11T13:19:45.673-0900][gc,phases   ] GC(6)   Post Evacuate Collection Set: 0.5ms
[2021-08-11T13:19:45.673-0900][gc,phases   ] GC(6)   Other: 5.6ms
[2021-08-11T13:19:45.673-0900][gc,heap     ] GC(6) Eden regions: 49->0(47)
[2021-08-11T13:19:45.673-0900][gc,heap     ] GC(6) Survivor regions: 2->4(7)
[2021-08-11T13:19:45.673-0900][gc,heap     ] GC(6) Old regions: 12->12
[2021-08-11T13:19:45.673-0900][gc,heap     ] GC(6) Archive regions: 2->2
[2021-08-11T13:19:45.673-0900][gc,heap     ] GC(6) Humongous regions: 129->129
[2021-08-11T13:19:45.673-0900][gc,metaspace] GC(6) Metaspace: 37065K(38272K)->37065K(38272K) NonClass: 33028K(34048K)->33028K(34048K) Class: 4037K(4224K)->4037K(4224K)
[2021-08-11T13:19:45.673-0900][gc          ] GC(6) Pause Young (Normal) (G1 Evacuation Pause) 192M->144M(1024M) 10.601ms
[2021-08-11T13:19:45.673-0900][gc,cpu      ] GC(6) User=0.03s Sys=0.00s Real=0.01s
[2021-08-11T13:31:21.850-0900][gc,start    ] GC(7) Pause Young (Normal) (G1 Evacuation Pause)
[2021-08-11T13:31:21.852-0900][gc,task     ] GC(7) Using 8 workers of 8 for evacuation
[2021-08-11T13:31:21.858-0900][gc,phases   ] GC(7)   Pre Evacuate Collection Set: 0.2ms
[2021-08-11T13:31:21.858-0900][gc,phases   ] GC(7)   Merge Heap Roots: 0.1ms
[2021-08-11T13:31:21.858-0900][gc,phases   ] GC(7)   Evacuate Collection Set: 4.5ms
[2021-08-11T13:31:21.858-0900][gc,phases   ] GC(7)   Post Evacuate Collection Set: 0.6ms
[2021-08-11T13:31:21.858-0900][gc,phases   ] GC(7)   Other: 2.4ms
[2021-08-11T13:31:21.858-0900][gc,heap     ] GC(7) Eden regions: 47->0(47)
[2021-08-11T13:31:21.858-0900][gc,heap     ] GC(7) Survivor regions: 4->4(7)
[2021-08-11T13:31:21.858-0900][gc,heap     ] GC(7) Old regions: 12->12
[2021-08-11T13:31:21.858-0900][gc,heap     ] GC(7) Archive regions: 2->2
[2021-08-11T13:31:21.858-0900][gc,heap     ] GC(7) Humongous regions: 129->129
[2021-08-11T13:31:21.858-0900][gc,metaspace] GC(7) Metaspace: 37343K(38400K)->37343K(38400K) NonClass: 33264K(34048K)->33264K(34048K) Class: 4078K(4352K)->4078K(4352K)
[2021-08-11T13:31:21.858-0900][gc          ] GC(7) Pause Young (Normal) (G1 Evacuation Pause) 191M->145M(1024M) 7.995ms
[2021-08-11T13:31:21.858-0900][gc,cpu      ] GC(7) User=0.03s Sys=0.00s Real=0.00s
[2021-08-11T13:43:34.951-0900][gc,start    ] GC(8) Pause Young (Normal) (G1 Evacuation Pause)
[2021-08-11T13:43:34.957-0900][gc,task     ] GC(8) Using 8 workers of 8 for evacuation
[2021-08-11T13:43:34.966-0900][gc,phases   ] GC(8)   Pre Evacuate Collection Set: 0.3ms
[2021-08-11T13:43:34.967-0900][gc,phases   ] GC(8)   Merge Heap Roots: 0.1ms
[2021-08-11T13:43:34.967-0900][gc,phases   ] GC(8)   Evacuate Collection Set: 7.8ms
[2021-08-11T13:43:34.967-0900][gc,phases   ] GC(8)   Post Evacuate Collection Set: 0.8ms
[2021-08-11T13:43:34.967-0900][gc,phases   ] GC(8)   Other: 6.2ms
[2021-08-11T13:43:34.967-0900][gc,heap     ] GC(8) Eden regions: 47->0(47)
[2021-08-11T13:43:34.967-0900][gc,heap     ] GC(8) Survivor regions: 4->4(7)
[2021-08-11T13:43:34.967-0900][gc,heap     ] GC(8) Old regions: 12->14
[2021-08-11T13:43:34.967-0900][gc,heap     ] GC(8) Archive regions: 2->2
[2021-08-11T13:43:34.967-0900][gc,heap     ] GC(8) Humongous regions: 129->129
[2021-08-11T13:43:34.967-0900][gc,metaspace] GC(8) Metaspace: 37446K(38656K)->37446K(38656K) NonClass: 33367K(34304K)->33367K(34304K) Class: 4078K(4352K)->4078K(4352K)
[2021-08-11T13:43:34.967-0900][gc          ] GC(8) Pause Young (Normal) (G1 Evacuation Pause) 192M->146M(1024M) 15.402ms
[2021-08-11T13:43:34.967-0900][gc,cpu      ] GC(8) User=0.05s Sys=0.00s Real=0.01s
[2021-08-11T13:56:11.798-0900][gc,start    ] GC(9) Pause Young (Normal) (G1 Evacuation Pause)
[2021-08-11T13:56:11.798-0900][gc,task     ] GC(9) Using 8 workers of 8 for evacuation
[2021-08-11T13:56:11.803-0900][gc,phases   ] GC(9)   Pre Evacuate Collection Set: 0.1ms
[2021-08-11T13:56:11.803-0900][gc,phases   ] GC(9)   Merge Heap Roots: 0.1ms
[2021-08-11T13:56:11.803-0900][gc,phases   ] GC(9)   Evacuate Collection Set: 3.4ms
[2021-08-11T13:56:11.803-0900][gc,phases   ] GC(9)   Post Evacuate Collection Set: 0.7ms
[2021-08-11T13:56:11.803-0900][gc,phases   ] GC(9)   Other: 0.2ms
[2021-08-11T13:56:11.803-0900][gc,heap     ] GC(9) Eden regions: 47->0(74)
[2021-08-11T13:56:11.803-0900][gc,heap     ] GC(9) Survivor regions: 4->4(7)
[2021-08-11T13:56:11.803-0900][gc,heap     ] GC(9) Old regions: 14->14
[2021-08-11T13:56:11.803-0900][gc,heap     ] GC(9) Archive regions: 2->2
[2021-08-11T13:56:11.803-0900][gc,heap     ] GC(9) Humongous regions: 129->129
[2021-08-11T13:56:11.803-0900][gc,metaspace] GC(9) Metaspace: 37514K(38656K)->37514K(38656K) NonClass: 33435K(34304K)->33435K(34304K) Class: 4078K(4352K)->4078K(4352K)
[2021-08-11T13:56:11.803-0900][gc          ] GC(9) Pause Young (Normal) (G1 Evacuation Pause) 193M->146M(1024M) 4.782ms
[2021-08-11T13:56:11.803-0900][gc,cpu      ] GC(9) User=0.02s Sys=0.00s Real=0.01s
[2021-08-11T14:14:31.805-0900][gc,start    ] GC(10) Pause Young (Normal) (G1 Evacuation Pause)
[2021-08-11T14:14:31.810-0900][gc,task     ] GC(10) Using 8 workers of 8 for evacuation
[2021-08-11T14:14:31.818-0900][gc,phases   ] GC(10)   Pre Evacuate Collection Set: 0.2ms
[2021-08-11T14:14:31.818-0900][gc,phases   ] GC(10)   Merge Heap Roots: 0.1ms
[2021-08-11T14:14:31.818-0900][gc,phases   ] GC(10)   Evacuate Collection Set: 6.2ms
[2021-08-11T14:14:31.818-0900][gc,phases   ] GC(10)   Post Evacuate Collection Set: 0.5ms
[2021-08-11T14:14:31.818-0900][gc,phases   ] GC(10)   Other: 5.9ms
[2021-08-11T14:14:31.818-0900][gc,heap     ] GC(10) Eden regions: 74->0(257)
[2021-08-11T14:14:31.818-0900][gc,heap     ] GC(10) Survivor regions: 4->4(10)
[2021-08-11T14:14:31.818-0900][gc,heap     ] GC(10) Old regions: 14->14
[2021-08-11T14:14:31.818-0900][gc,heap     ] GC(10) Archive regions: 2->2
[2021-08-11T14:14:31.818-0900][gc,heap     ] GC(10) Humongous regions: 129->129
[2021-08-11T14:14:31.818-0900][gc,metaspace] GC(10) Metaspace: 37802K(38912K)->37802K(38912K) NonClass: 33716K(34560K)->33716K(34560K) Class: 4085K(4352K)->4085K(4352K)
[2021-08-11T14:14:31.818-0900][gc          ] GC(10) Pause Young (Normal) (G1 Evacuation Pause) 220M->146M(1024M) 12.981ms
[2021-08-11T14:14:31.818-0900][gc,cpu      ] GC(10) User=0.03s Sys=0.00s Real=0.01s
[2021-08-11T15:28:45.705-0900][gc,start    ] GC(11) Pause Young (Normal) (G1 Evacuation Pause)
[2021-08-11T15:28:45.707-0900][gc,task     ] GC(11) Using 8 workers of 8 for evacuation
[2021-08-11T15:28:45.725-0900][gc,phases   ] GC(11)   Pre Evacuate Collection Set: 0.4ms
[2021-08-11T15:28:45.725-0900][gc,phases   ] GC(11)   Merge Heap Roots: 0.9ms
[2021-08-11T15:28:45.725-0900][gc,phases   ] GC(11)   Evacuate Collection Set: 14.9ms
[2021-08-11T15:28:45.725-0900][gc,phases   ] GC(11)   Post Evacuate Collection Set: 0.9ms
[2021-08-11T15:28:45.725-0900][gc,phases   ] GC(11)   Other: 2.7ms
[2021-08-11T15:28:45.725-0900][gc,heap     ] GC(11) Eden regions: 257->0(211)
[2021-08-11T15:28:45.725-0900][gc,heap     ] GC(11) Survivor regions: 4->5(33)
[2021-08-11T15:28:45.725-0900][gc,heap     ] GC(11) Old regions: 14->14
[2021-08-11T15:28:45.725-0900][gc,heap     ] GC(11) Archive regions: 2->2
[2021-08-11T15:28:45.725-0900][gc,heap     ] GC(11) Humongous regions: 129->129
[2021-08-11T15:28:45.725-0900][gc,metaspace] GC(11) Metaspace: 37907K(38912K)->37907K(38912K) NonClass: 33821K(34560K)->33821K(34560K) Class: 4085K(4352K)->4085K(4352K)
[2021-08-11T15:28:45.725-0900][gc          ] GC(11) Pause Young (Normal) (G1 Evacuation Pause) 403M->147M(1024M) 20.121ms
[2021-08-11T15:28:45.725-0900][gc,cpu      ] GC(11) User=0.03s Sys=0.01s Real=0.02s
[2021-08-11T15:38:57.279-0900][gc,heap,exit] Heap
[2021-08-11T15:38:57.279-0900][gc,heap,exit]  garbage-first heap   total 1048576K, used 203205K [0x00000007c0000000, 0x0000000800000000)
[2021-08-11T15:38:57.279-0900][gc,heap,exit]   region size 1024K, 57 young (58368K), 5 survivors (5120K)
[2021-08-11T15:38:57.279-0900][gc,heap,exit]  Metaspace       used 38529K, capacity 39029K, committed 39808K, reserved 1085440K
[2021-08-11T15:38:57.279-0900][gc,heap,exit]   class space    used 4204K, capacity 4393K, committed 4480K, reserved 1048576K
