[2021-07-28T09:45:34.536-0900][gc] Using G1
[2021-07-28T09:45:34.543-0900][gc,init] Version: 15.0.2+7-27 (release)
[2021-07-28T09:45:34.543-0900][gc,init] CPUs: 8 total, 8 available
[2021-07-28T09:45:34.543-0900][gc,init] Memory: 16384M
[2021-07-28T09:45:34.543-0900][gc,init] Large Page Support: Disabled
[2021-07-28T09:45:34.543-0900][gc,init] NUMA Support: Disabled
[2021-07-28T09:45:34.543-0900][gc,init] Compressed Oops: Enabled (Zero based)
[2021-07-28T09:45:34.543-0900][gc,init] Heap Region Size: 1M
[2021-07-28T09:45:34.543-0900][gc,init] Heap Min Capacity: 1G
[2021-07-28T09:45:34.543-0900][gc,init] Heap Initial Capacity: 1G
[2021-07-28T09:45:34.543-0900][gc,init] Heap Max Capacity: 1G
[2021-07-28T09:45:34.543-0900][gc,init] Pre-touch: Disabled
[2021-07-28T09:45:34.543-0900][gc,init] Parallel Workers: 8
[2021-07-28T09:45:34.543-0900][gc,init] Concurrent Workers: 2
[2021-07-28T09:45:34.543-0900][gc,init] Concurrent Refinement Workers: 8
[2021-07-28T09:45:34.543-0900][gc,init] Periodic GC: Disabled
[2021-07-28T09:45:34.543-0900][gc,cds ] Mark closed archive regions in map: [0x00000007fff00000, 0x00000007fff78ff8]
[2021-07-28T09:45:34.543-0900][gc,cds ] Mark open archive regions in map: [0x00000007ffe00000, 0x00000007ffe50ff8]
[2021-07-28T09:45:34.544-0900][gc,metaspace] CDS archive(s) mapped at: [0x0000000800000000-0x0000000800b2d000-0x0000000800b2d000), size 11718656, SharedBaseAddress: 0x0000000800000000, ArchiveRelocationMode: 0.
[2021-07-28T09:45:34.544-0900][gc,metaspace] Compressed class space mapped at: 0x0000000800b30000-0x0000000840b30000, size: 1073741824
[2021-07-28T09:45:34.544-0900][gc,metaspace] Narrow klass base: 0x0000000800000000, Narrow klass shift: 3, Narrow klass range: 0x100000000
[2021-07-28T09:45:36.019-0900][gc,start    ] GC(0) Pause Young (Normal) (G1 Evacuation Pause)
[2021-07-28T09:45:36.020-0900][gc,task     ] GC(0) Using 8 workers of 8 for evacuation
[2021-07-28T09:45:36.025-0900][gc,phases   ] GC(0)   Pre Evacuate Collection Set: 0.2ms
[2021-07-28T09:45:36.025-0900][gc,phases   ] GC(0)   Merge Heap Roots: 0.0ms
[2021-07-28T09:45:36.025-0900][gc,phases   ] GC(0)   Evacuate Collection Set: 4.6ms
[2021-07-28T09:45:36.025-0900][gc,phases   ] GC(0)   Post Evacuate Collection Set: 0.5ms
[2021-07-28T09:45:36.025-0900][gc,phases   ] GC(0)   Other: 0.8ms
[2021-07-28T09:45:36.025-0900][gc,heap     ] GC(0) Eden regions: 51->0(44)
[2021-07-28T09:45:36.025-0900][gc,heap     ] GC(0) Survivor regions: 0->7(7)
[2021-07-28T09:45:36.025-0900][gc,heap     ] GC(0) Old regions: 0->0
[2021-07-28T09:45:36.025-0900][gc,heap     ] GC(0) Archive regions: 2->2
[2021-07-28T09:45:36.025-0900][gc,heap     ] GC(0) Humongous regions: 0->0
[2021-07-28T09:45:36.025-0900][gc,metaspace] GC(0) Metaspace: 19025K(19712K)->19025K(19712K) NonClass: 16790K(17408K)->16790K(17408K) Class: 2235K(2304K)->2235K(2304K)
[2021-07-28T09:45:36.025-0900][gc          ] GC(0) Pause Young (Normal) (G1 Evacuation Pause) 51M->7M(1024M) 6.227ms
[2021-07-28T09:45:36.025-0900][gc,cpu      ] GC(0) User=0.02s Sys=0.00s Real=0.01s
[2021-07-28T09:45:36.174-0900][gc,start    ] GC(1) Pause Young (Concurrent Start) (Metadata GC Threshold)
[2021-07-28T09:45:36.174-0900][gc,task     ] GC(1) Using 8 workers of 8 for evacuation
[2021-07-28T09:45:36.180-0900][gc,phases   ] GC(1)   Pre Evacuate Collection Set: 0.1ms
[2021-07-28T09:45:36.180-0900][gc,phases   ] GC(1)   Merge Heap Roots: 0.0ms
[2021-07-28T09:45:36.180-0900][gc,phases   ] GC(1)   Evacuate Collection Set: 4.8ms
[2021-07-28T09:45:36.180-0900][gc,phases   ] GC(1)   Post Evacuate Collection Set: 0.4ms
[2021-07-28T09:45:36.180-0900][gc,phases   ] GC(1)   Other: 0.2ms
[2021-07-28T09:45:36.180-0900][gc,heap     ] GC(1) Eden regions: 6->0(50)
[2021-07-28T09:45:36.180-0900][gc,heap     ] GC(1) Survivor regions: 7->1(7)
[2021-07-28T09:45:36.180-0900][gc,heap     ] GC(1) Old regions: 0->7
[2021-07-28T09:45:36.180-0900][gc,heap     ] GC(1) Archive regions: 2->2
[2021-07-28T09:45:36.180-0900][gc,heap     ] GC(1) Humongous regions: 0->0
[2021-07-28T09:45:36.180-0900][gc,metaspace] GC(1) Metaspace: 20693K(21248K)->20693K(21248K) NonClass: 18274K(18688K)->18274K(18688K) Class: 2419K(2560K)->2419K(2560K)
[2021-07-28T09:45:36.180-0900][gc          ] GC(1) Pause Young (Concurrent Start) (Metadata GC Threshold) 12M->8M(1024M) 5.741ms
[2021-07-28T09:45:36.180-0900][gc,cpu      ] GC(1) User=0.02s Sys=0.00s Real=0.01s
[2021-07-28T09:45:36.180-0900][gc          ] GC(2) Concurrent Cycle
[2021-07-28T09:45:36.180-0900][gc,marking  ] GC(2) Concurrent Clear Claimed Marks
[2021-07-28T09:45:36.180-0900][gc,marking  ] GC(2) Concurrent Clear Claimed Marks 0.018ms
[2021-07-28T09:45:36.180-0900][gc,marking  ] GC(2) Concurrent Scan Root Regions
[2021-07-28T09:45:36.184-0900][gc,marking  ] GC(2) Concurrent Scan Root Regions 3.884ms
[2021-07-28T09:45:36.184-0900][gc,marking  ] GC(2) Concurrent Mark (1.661s)
[2021-07-28T09:45:36.185-0900][gc,marking  ] GC(2) Concurrent Mark From Roots
[2021-07-28T09:45:36.185-0900][gc,task     ] GC(2) Using 2 workers of 2 for marking
[2021-07-28T09:45:36.187-0900][gc,marking  ] GC(2) Concurrent Mark From Roots 2.229ms
[2021-07-28T09:45:36.187-0900][gc,marking  ] GC(2) Concurrent Preclean
[2021-07-28T09:45:36.187-0900][gc,marking  ] GC(2) Concurrent Preclean 0.047ms
[2021-07-28T09:45:36.187-0900][gc,marking  ] GC(2) Concurrent Mark (1.661s, 1.663s) 2.340ms
[2021-07-28T09:45:36.187-0900][gc,start    ] GC(2) Pause Remark
[2021-07-28T09:45:36.188-0900][gc          ] GC(2) Pause Remark 8M->8M(1024M) 0.804ms
[2021-07-28T09:45:36.188-0900][gc,cpu      ] GC(2) User=0.00s Sys=0.00s Real=0.00s
[2021-07-28T09:45:36.188-0900][gc,marking  ] GC(2) Concurrent Rebuild Remembered Sets
[2021-07-28T09:45:36.191-0900][gc,marking  ] GC(2) Concurrent Rebuild Remembered Sets 2.779ms
[2021-07-28T09:45:36.191-0900][gc,start    ] GC(2) Pause Cleanup
[2021-07-28T09:45:36.192-0900][gc          ] GC(2) Pause Cleanup 8M->8M(1024M) 0.147ms
[2021-07-28T09:45:36.192-0900][gc,cpu      ] GC(2) User=0.00s Sys=0.00s Real=0.00s
[2021-07-28T09:45:36.192-0900][gc,marking  ] GC(2) Concurrent Cleanup for Next Mark
[2021-07-28T09:45:36.198-0900][gc,marking  ] GC(2) Concurrent Cleanup for Next Mark 5.931ms
[2021-07-28T09:45:36.198-0900][gc          ] GC(2) Concurrent Cycle 17.277ms
[2021-07-28T09:45:37.452-0900][gc,start    ] GC(3) Pause Young (Normal) (G1 Evacuation Pause)
[2021-07-28T09:45:37.452-0900][gc,task     ] GC(3) Using 8 workers of 8 for evacuation
[2021-07-28T09:45:37.458-0900][gc,phases   ] GC(3)   Pre Evacuate Collection Set: 0.1ms
[2021-07-28T09:45:37.458-0900][gc,phases   ] GC(3)   Merge Heap Roots: 0.1ms
[2021-07-28T09:45:37.459-0900][gc,phases   ] GC(3)   Evacuate Collection Set: 5.3ms
[2021-07-28T09:45:37.459-0900][gc,phases   ] GC(3)   Post Evacuate Collection Set: 0.5ms
[2021-07-28T09:45:37.459-0900][gc,phases   ] GC(3)   Other: 0.2ms
[2021-07-28T09:45:37.459-0900][gc,heap     ] GC(3) Eden regions: 50->0(45)
[2021-07-28T09:45:37.459-0900][gc,heap     ] GC(3) Survivor regions: 1->6(7)
[2021-07-28T09:45:37.459-0900][gc,heap     ] GC(3) Old regions: 7->7
[2021-07-28T09:45:37.459-0900][gc,heap     ] GC(3) Archive regions: 2->2
[2021-07-28T09:45:37.459-0900][gc,heap     ] GC(3) Humongous regions: 129->129
[2021-07-28T09:45:37.459-0900][gc,metaspace] GC(3) Metaspace: 30357K(31360K)->30357K(31360K) NonClass: 27069K(27904K)->27069K(27904K) Class: 3288K(3456K)->3288K(3456K)
[2021-07-28T09:45:37.459-0900][gc          ] GC(3) Pause Young (Normal) (G1 Evacuation Pause) 187M->141M(1024M) 6.631ms
[2021-07-28T09:45:37.459-0900][gc,cpu      ] GC(3) User=0.03s Sys=0.01s Real=0.00s
[2021-07-28T09:45:42.108-0900][gc,start    ] GC(4) Pause Young (Concurrent Start) (Metadata GC Threshold)
[2021-07-28T09:45:42.108-0900][gc,task     ] GC(4) Using 8 workers of 8 for evacuation
[2021-07-28T09:45:42.115-0900][gc,phases   ] GC(4)   Pre Evacuate Collection Set: 0.2ms
[2021-07-28T09:45:42.115-0900][gc,phases   ] GC(4)   Merge Heap Roots: 0.1ms
[2021-07-28T09:45:42.115-0900][gc,phases   ] GC(4)   Evacuate Collection Set: 5.8ms
[2021-07-28T09:45:42.115-0900][gc,phases   ] GC(4)   Post Evacuate Collection Set: 0.5ms
[2021-07-28T09:45:42.115-0900][gc,phases   ] GC(4)   Other: 0.2ms
[2021-07-28T09:45:42.115-0900][gc,heap     ] GC(4) Eden regions: 33->0(49)
[2021-07-28T09:45:42.115-0900][gc,heap     ] GC(4) Survivor regions: 6->2(7)
[2021-07-28T09:45:42.115-0900][gc,heap     ] GC(4) Old regions: 7->12
[2021-07-28T09:45:42.115-0900][gc,heap     ] GC(4) Archive regions: 2->2
[2021-07-28T09:45:42.115-0900][gc,heap     ] GC(4) Humongous regions: 153->129
[2021-07-28T09:45:42.115-0900][gc,metaspace] GC(4) Metaspace: 34879K(35840K)->34879K(35840K) NonClass: 31012K(31744K)->31012K(31744K) Class: 3867K(4096K)->3867K(4096K)
[2021-07-28T09:45:42.115-0900][gc          ] GC(4) Pause Young (Concurrent Start) (Metadata GC Threshold) 198M->142M(1024M) 7.042ms
[2021-07-28T09:45:42.115-0900][gc,cpu      ] GC(4) User=0.04s Sys=0.00s Real=0.01s
[2021-07-28T09:45:42.115-0900][gc          ] GC(5) Concurrent Cycle
[2021-07-28T09:45:42.115-0900][gc,marking  ] GC(5) Concurrent Clear Claimed Marks
[2021-07-28T09:45:42.115-0900][gc,marking  ] GC(5) Concurrent Clear Claimed Marks 0.044ms
[2021-07-28T09:45:42.115-0900][gc,marking  ] GC(5) Concurrent Scan Root Regions
[2021-07-28T09:45:42.119-0900][gc,marking  ] GC(5) Concurrent Scan Root Regions 3.943ms
[2021-07-28T09:45:42.119-0900][gc,marking  ] GC(5) Concurrent Mark (7.596s)
[2021-07-28T09:45:42.119-0900][gc,marking  ] GC(5) Concurrent Mark From Roots
[2021-07-28T09:45:42.119-0900][gc,task     ] GC(5) Using 2 workers of 2 for marking
[2021-07-28T09:45:42.129-0900][gc,marking  ] GC(5) Concurrent Mark From Roots 9.228ms
[2021-07-28T09:45:42.129-0900][gc,marking  ] GC(5) Concurrent Preclean
[2021-07-28T09:45:42.129-0900][gc,marking  ] GC(5) Concurrent Preclean 0.098ms
[2021-07-28T09:45:42.129-0900][gc,marking  ] GC(5) Concurrent Mark (7.596s, 7.605s) 9.412ms
[2021-07-28T09:45:42.129-0900][gc,start    ] GC(5) Pause Remark
[2021-07-28T09:45:42.131-0900][gc          ] GC(5) Pause Remark 143M->143M(1024M) 2.337ms
[2021-07-28T09:45:42.131-0900][gc,cpu      ] GC(5) User=0.01s Sys=0.00s Real=0.01s
[2021-07-28T09:45:42.131-0900][gc,marking  ] GC(5) Concurrent Rebuild Remembered Sets
[2021-07-28T09:45:42.138-0900][gc,marking  ] GC(5) Concurrent Rebuild Remembered Sets 6.637ms
[2021-07-28T09:45:42.138-0900][gc,start    ] GC(5) Pause Cleanup
[2021-07-28T09:45:42.138-0900][gc          ] GC(5) Pause Cleanup 143M->143M(1024M) 0.159ms
[2021-07-28T09:45:42.138-0900][gc,cpu      ] GC(5) User=0.00s Sys=0.00s Real=0.00s
[2021-07-28T09:45:42.139-0900][gc,marking  ] GC(5) Concurrent Cleanup for Next Mark
[2021-07-28T09:45:42.146-0900][gc,marking  ] GC(5) Concurrent Cleanup for Next Mark 7.209ms
[2021-07-28T09:45:42.146-0900][gc          ] GC(5) Concurrent Cycle 30.609ms
[2021-07-28T09:45:56.136-0900][gc,heap,exit] Heap
[2021-07-28T09:45:56.141-0900][gc,heap,exit]  garbage-first heap   total 1048576K, used 162717K [0x00000007c0000000, 0x0000000800000000)
[2021-07-28T09:45:56.141-0900][gc,heap,exit]   region size 1024K, 19 young (19456K), 2 survivors (2048K)
[2021-07-28T09:45:56.141-0900][gc,heap,exit]  Metaspace       used 36336K, capacity 36811K, committed 37376K, reserved 1083392K
[2021-07-28T09:45:56.141-0900][gc,heap,exit]   class space    used 4113K, capacity 4305K, committed 4352K, reserved 1048576K
